*** Using Compiler 'V6.13.1', folder: 'C:\Keil_v5\ARM\ARMCLANG\Bin'
Rebuild target 'oled_cubemx'
assembling startup_stm32f407xx.s...
compiling gpio.c...
compiling stm32f4xx_it.c...
compiling stm32f4xx_hal_msp.c...
compiling stm32f4xx_hal_rcc_ex.c...
compiling stm32f4xx_hal_i2c_ex.c...
compiling stm32f4xx_hal_flash_ex.c...
compiling usart.c...
compiling stm32f4xx_hal_flash_ramfunc.c...
compiling stm32f4xx_hal_flash.c...
compiling stm32f4xx_hal_gpio.c...
compiling stm32f4xx_hal_dma_ex.c...
compiling main.c...
compiling i2c.c...
compiling stm32f4xx_hal_rcc.c...
compiling stm32f4xx_hal_dma.c...
compiling stm32f4xx_hal_pwr.c...
compiling stm32f4xx_hal_pwr_ex.c...
compiling stm32f4xx_hal_i2c.c...
compiling system_stm32f4xx.c...
compiling debug_console.c...
compiling stm32f4xx_hal.c...
compiling stm32f4xx_hal_exti.c...
compiling stm32f4xx_hal_cortex.c...
compiling font.c...
compiling display_mgr.c...
compiling i2c_drv.c...
compiling iwdg_drv.c...
compiling key_drv.c...
compiling led_mgr.c...
compiling stm32f4xx_hal_uart.c...
compiling protocol.c...
compiling sys_tick.c...
compiling ssd1306.c...
compiling menu_items.c...
compiling sys_config.c...
compiling uart_drv.c...
compiling user_app.c...
compiling menu_mgr.c...
linking...
Program Size: Code=28724 RO-data=20024 RW-data=296 ZI-data=8128  
FromELF: creating hex file...
"oled_cubemx\oled_cubemx.axf" - 0 Error(s), 0 Warning(s).
Build Time Elapsed:  00:00:04
