<!doctype html public "-//w3c//dtd html 4.0 transitional//en">
<html><head>
<title>Static Call Graph - [oled_cubemx\oled_cubemx.axf]</title></head>
<body><HR>
<H1>Static Call Graph for image oled_cubemx\oled_cubemx.axf</H1><HR>
<BR><P>#&#060CALLGRAPH&#062# ARM Linker, 6130100: Last Updated: Tue Sep  1 20:02:20 2026
<BR><P>
<H3>Maximum Stack Usage =        900 bytes + Unknown(Cycles, Untraceable Function Pointers)</H3><H3>
Call chain for Maximum Stack Depth:</H3>
comm_task &rArr; user_app_comm_process &rArr; debug_printf &rArr; app_ipc_send_debug_log &rArr; xQueueGenericSend &rArr; xTaskResumeAll &rArr; xTaskIncrementTick
<P>
<H3>
Mutually Recursive functions
</H3> <LI><a href="#[1c]">ADC_IRQHandler</a>&nbsp;&nbsp;&nbsp;&rArr;&nbsp;&nbsp;&nbsp;<a href="#[1c]">ADC_IRQHandler</a><BR>
 <LI><a href="#[4]">BusFault_Handler</a>&nbsp;&nbsp;&nbsp;&rArr;&nbsp;&nbsp;&nbsp;<a href="#[4]">BusFault_Handler</a><BR>
 <LI><a href="#[2]">HardFault_Handler</a>&nbsp;&nbsp;&nbsp;&rArr;&nbsp;&nbsp;&nbsp;<a href="#[2]">HardFault_Handler</a><BR>
 <LI><a href="#[3]">MemManage_Handler</a>&nbsp;&nbsp;&nbsp;&rArr;&nbsp;&nbsp;&nbsp;<a href="#[3]">MemManage_Handler</a><BR>
 <LI><a href="#[1]">NMI_Handler</a>&nbsp;&nbsp;&nbsp;&rArr;&nbsp;&nbsp;&nbsp;<a href="#[1]">NMI_Handler</a><BR>
 <LI><a href="#[e7]">UART_EndRxTransfer</a>&nbsp;&nbsp;&nbsp;&rArr;&nbsp;&nbsp;&nbsp;<a href="#[e7]">UART_EndRxTransfer</a><BR>
 <LI><a href="#[5]">UsageFault_Handler</a>&nbsp;&nbsp;&nbsp;&rArr;&nbsp;&nbsp;&nbsp;<a href="#[5]">UsageFault_Handler</a><BR>
</UL>
<P>
<H3>
Function Pointers
</H3><UL>
 <LI><a href="#[1c]">ADC_IRQHandler</a> from startup_stm32f407xx.o(.text) referenced from startup_stm32f407xx.o(RESET)
 <LI><a href="#[4]">BusFault_Handler</a> from stm32f4xx_it.o(.text.BusFault_Handler) referenced from startup_stm32f407xx.o(RESET)
 <LI><a href="#[1e]">CAN1_RX0_IRQHandler</a> from startup_stm32f407xx.o(.text) referenced from startup_stm32f407xx.o(RESET)
 <LI><a href="#[1f]">CAN1_RX1_IRQHandler</a> from startup_stm32f407xx.o(.text) referenced from startup_stm32f407xx.o(RESET)
 <LI><a href="#[20]">CAN1_SCE_IRQHandler</a> from startup_stm32f407xx.o(.text) referenced from startup_stm32f407xx.o(RESET)
 <LI><a href="#[1d]">CAN1_TX_IRQHandler</a> from startup_stm32f407xx.o(.text) referenced from startup_stm32f407xx.o(RESET)
 <LI><a href="#[4a]">CAN2_RX0_IRQHandler</a> from startup_stm32f407xx.o(.text) referenced from startup_stm32f407xx.o(RESET)
 <LI><a href="#[4b]">CAN2_RX1_IRQHandler</a> from startup_stm32f407xx.o(.text) referenced from startup_stm32f407xx.o(RESET)
 <LI><a href="#[4c]">CAN2_SCE_IRQHandler</a> from startup_stm32f407xx.o(.text) referenced from startup_stm32f407xx.o(RESET)
 <LI><a href="#[49]">CAN2_TX_IRQHandler</a> from startup_stm32f407xx.o(.text) referenced from startup_stm32f407xx.o(RESET)
 <LI><a href="#[58]">DCMI_IRQHandler</a> from startup_stm32f407xx.o(.text) referenced from startup_stm32f407xx.o(RESET)
 <LI><a href="#[15]">DMA1_Stream0_IRQHandler</a> from startup_stm32f407xx.o(.text) referenced from startup_stm32f407xx.o(RESET)
 <LI><a href="#[16]">DMA1_Stream1_IRQHandler</a> from startup_stm32f407xx.o(.text) referenced from startup_stm32f407xx.o(RESET)
 <LI><a href="#[17]">DMA1_Stream2_IRQHandler</a> from startup_stm32f407xx.o(.text) referenced from startup_stm32f407xx.o(RESET)
 <LI><a href="#[18]">DMA1_Stream3_IRQHandler</a> from startup_stm32f407xx.o(.text) referenced from startup_stm32f407xx.o(RESET)
 <LI><a href="#[19]">DMA1_Stream4_IRQHandler</a> from startup_stm32f407xx.o(.text) referenced from startup_stm32f407xx.o(RESET)
 <LI><a href="#[1a]">DMA1_Stream5_IRQHandler</a> from startup_stm32f407xx.o(.text) referenced from startup_stm32f407xx.o(RESET)
 <LI><a href="#[1b]">DMA1_Stream6_IRQHandler</a> from startup_stm32f407xx.o(.text) referenced from startup_stm32f407xx.o(RESET)
 <LI><a href="#[39]">DMA1_Stream7_IRQHandler</a> from startup_stm32f407xx.o(.text) referenced from startup_stm32f407xx.o(RESET)
 <LI><a href="#[42]">DMA2_Stream0_IRQHandler</a> from startup_stm32f407xx.o(.text) referenced from startup_stm32f407xx.o(RESET)
 <LI><a href="#[43]">DMA2_Stream1_IRQHandler</a> from startup_stm32f407xx.o(.text) referenced from startup_stm32f407xx.o(RESET)
 <LI><a href="#[44]">DMA2_Stream2_IRQHandler</a> from startup_stm32f407xx.o(.text) referenced from startup_stm32f407xx.o(RESET)
 <LI><a href="#[45]">DMA2_Stream3_IRQHandler</a> from startup_stm32f407xx.o(.text) referenced from startup_stm32f407xx.o(RESET)
 <LI><a href="#[46]">DMA2_Stream4_IRQHandler</a> from startup_stm32f407xx.o(.text) referenced from startup_stm32f407xx.o(RESET)
 <LI><a href="#[4e]">DMA2_Stream5_IRQHandler</a> from startup_stm32f407xx.o(.text) referenced from startup_stm32f407xx.o(RESET)
 <LI><a href="#[4f]">DMA2_Stream6_IRQHandler</a> from startup_stm32f407xx.o(.text) referenced from startup_stm32f407xx.o(RESET)
 <LI><a href="#[50]">DMA2_Stream7_IRQHandler</a> from startup_stm32f407xx.o(.text) referenced from startup_stm32f407xx.o(RESET)
 <LI><a href="#[7]">DebugMon_Handler</a> from stm32f4xx_it.o(.text.DebugMon_Handler) referenced from startup_stm32f407xx.o(RESET)
 <LI><a href="#[47]">ETH_IRQHandler</a> from startup_stm32f407xx.o(.text) referenced from startup_stm32f407xx.o(RESET)
 <LI><a href="#[48]">ETH_WKUP_IRQHandler</a> from startup_stm32f407xx.o(.text) referenced from startup_stm32f407xx.o(RESET)
 <LI><a href="#[10]">EXTI0_IRQHandler</a> from startup_stm32f407xx.o(.text) referenced from startup_stm32f407xx.o(RESET)
 <LI><a href="#[32]">EXTI15_10_IRQHandler</a> from startup_stm32f407xx.o(.text) referenced from startup_stm32f407xx.o(RESET)
 <LI><a href="#[11]">EXTI1_IRQHandler</a> from startup_stm32f407xx.o(.text) referenced from startup_stm32f407xx.o(RESET)
 <LI><a href="#[12]">EXTI2_IRQHandler</a> from startup_stm32f407xx.o(.text) referenced from startup_stm32f407xx.o(RESET)
 <LI><a href="#[13]">EXTI3_IRQHandler</a> from startup_stm32f407xx.o(.text) referenced from startup_stm32f407xx.o(RESET)
 <LI><a href="#[14]">EXTI4_IRQHandler</a> from startup_stm32f407xx.o(.text) referenced from startup_stm32f407xx.o(RESET)
 <LI><a href="#[21]">EXTI9_5_IRQHandler</a> from startup_stm32f407xx.o(.text) referenced from startup_stm32f407xx.o(RESET)
 <LI><a href="#[e]">FLASH_IRQHandler</a> from startup_stm32f407xx.o(.text) referenced from startup_stm32f407xx.o(RESET)
 <LI><a href="#[3a]">FMC_IRQHandler</a> from startup_stm32f407xx.o(.text) referenced from startup_stm32f407xx.o(RESET)
 <LI><a href="#[5a]">FPU_IRQHandler</a> from startup_stm32f407xx.o(.text) referenced from startup_stm32f407xx.o(RESET)
 <LI><a href="#[59]">HASH_RNG_IRQHandler</a> from startup_stm32f407xx.o(.text) referenced from startup_stm32f407xx.o(RESET)
 <LI><a href="#[2]">HardFault_Handler</a> from stm32f4xx_it.o(.text.HardFault_Handler) referenced from startup_stm32f407xx.o(RESET)
 <LI><a href="#[2a]">I2C1_ER_IRQHandler</a> from startup_stm32f407xx.o(.text) referenced from startup_stm32f407xx.o(RESET)
 <LI><a href="#[29]">I2C1_EV_IRQHandler</a> from startup_stm32f407xx.o(.text) referenced from startup_stm32f407xx.o(RESET)
 <LI><a href="#[2c]">I2C2_ER_IRQHandler</a> from startup_stm32f407xx.o(.text) referenced from startup_stm32f407xx.o(RESET)
 <LI><a href="#[2b]">I2C2_EV_IRQHandler</a> from startup_stm32f407xx.o(.text) referenced from startup_stm32f407xx.o(RESET)
 <LI><a href="#[53]">I2C3_ER_IRQHandler</a> from startup_stm32f407xx.o(.text) referenced from startup_stm32f407xx.o(RESET)
 <LI><a href="#[52]">I2C3_EV_IRQHandler</a> from startup_stm32f407xx.o(.text) referenced from startup_stm32f407xx.o(RESET)
 <LI><a href="#[3]">MemManage_Handler</a> from stm32f4xx_it.o(.text.MemManage_Handler) referenced from startup_stm32f407xx.o(RESET)
 <LI><a href="#[1]">NMI_Handler</a> from stm32f4xx_it.o(.text.NMI_Handler) referenced from startup_stm32f407xx.o(RESET)
 <LI><a href="#[4d]">OTG_FS_IRQHandler</a> from startup_stm32f407xx.o(.text) referenced from startup_stm32f407xx.o(RESET)
 <LI><a href="#[34]">OTG_FS_WKUP_IRQHandler</a> from startup_stm32f407xx.o(.text) referenced from startup_stm32f407xx.o(RESET)
 <LI><a href="#[55]">OTG_HS_EP1_IN_IRQHandler</a> from startup_stm32f407xx.o(.text) referenced from startup_stm32f407xx.o(RESET)
 <LI><a href="#[54]">OTG_HS_EP1_OUT_IRQHandler</a> from startup_stm32f407xx.o(.text) referenced from startup_stm32f407xx.o(RESET)
 <LI><a href="#[57]">OTG_HS_IRQHandler</a> from startup_stm32f407xx.o(.text) referenced from startup_stm32f407xx.o(RESET)
 <LI><a href="#[56]">OTG_HS_WKUP_IRQHandler</a> from startup_stm32f407xx.o(.text) referenced from startup_stm32f407xx.o(RESET)
 <LI><a href="#[b]">PVD_IRQHandler</a> from startup_stm32f407xx.o(.text) referenced from startup_stm32f407xx.o(RESET)
 <LI><a href="#[8]">PendSV_Handler</a> from port_1.o(.text.PendSV_Handler) referenced 2 times from port_1.o(.text.xPortStartScheduler)
 <LI><a href="#[8]">PendSV_Handler</a> from port_1.o(.text.PendSV_Handler) referenced from startup_stm32f407xx.o(RESET)
 <LI><a href="#[f]">RCC_IRQHandler</a> from startup_stm32f407xx.o(.text) referenced from startup_stm32f407xx.o(RESET)
 <LI><a href="#[33]">RTC_Alarm_IRQHandler</a> from startup_stm32f407xx.o(.text) referenced from startup_stm32f407xx.o(RESET)
 <LI><a href="#[d]">RTC_WKUP_IRQHandler</a> from startup_stm32f407xx.o(.text) referenced from startup_stm32f407xx.o(RESET)
 <LI><a href="#[0]">Reset_Handler</a> from startup_stm32f407xx.o(.text) referenced from startup_stm32f407xx.o(RESET)
 <LI><a href="#[3b]">SDIO_IRQHandler</a> from startup_stm32f407xx.o(.text) referenced from startup_stm32f407xx.o(RESET)
 <LI><a href="#[2d]">SPI1_IRQHandler</a> from startup_stm32f407xx.o(.text) referenced from startup_stm32f407xx.o(RESET)
 <LI><a href="#[2e]">SPI2_IRQHandler</a> from startup_stm32f407xx.o(.text) referenced from startup_stm32f407xx.o(RESET)
 <LI><a href="#[3d]">SPI3_IRQHandler</a> from startup_stm32f407xx.o(.text) referenced from startup_stm32f407xx.o(RESET)
 <LI><a href="#[6]">SVC_Handler</a> from port_1.o(.text.SVC_Handler) referenced 2 times from port_1.o(.text.xPortStartScheduler)
 <LI><a href="#[6]">SVC_Handler</a> from port_1.o(.text.SVC_Handler) referenced from startup_stm32f407xx.o(RESET)
 <LI><a href="#[9]">SysTick_Handler</a> from port_1.o(.text.SysTick_Handler) referenced from startup_stm32f407xx.o(RESET)
 <LI><a href="#[5c]">SystemInit</a> from system_stm32f4xx.o(.text.SystemInit) referenced from startup_stm32f407xx.o(.text)
 <LI><a href="#[c]">TAMP_STAMP_IRQHandler</a> from startup_stm32f407xx.o(.text) referenced from startup_stm32f407xx.o(RESET)
 <LI><a href="#[22]">TIM1_BRK_TIM9_IRQHandler</a> from startup_stm32f407xx.o(.text) referenced from startup_stm32f407xx.o(RESET)
 <LI><a href="#[25]">TIM1_CC_IRQHandler</a> from startup_stm32f407xx.o(.text) referenced from startup_stm32f407xx.o(RESET)
 <LI><a href="#[24]">TIM1_TRG_COM_TIM11_IRQHandler</a> from startup_stm32f407xx.o(.text) referenced from startup_stm32f407xx.o(RESET)
 <LI><a href="#[23]">TIM1_UP_TIM10_IRQHandler</a> from startup_stm32f407xx.o(.text) referenced from startup_stm32f407xx.o(RESET)
 <LI><a href="#[26]">TIM2_IRQHandler</a> from startup_stm32f407xx.o(.text) referenced from startup_stm32f407xx.o(RESET)
 <LI><a href="#[27]">TIM3_IRQHandler</a> from startup_stm32f407xx.o(.text) referenced from startup_stm32f407xx.o(RESET)
 <LI><a href="#[28]">TIM4_IRQHandler</a> from startup_stm32f407xx.o(.text) referenced from startup_stm32f407xx.o(RESET)
 <LI><a href="#[3c]">TIM5_IRQHandler</a> from startup_stm32f407xx.o(.text) referenced from startup_stm32f407xx.o(RESET)
 <LI><a href="#[40]">TIM6_DAC_IRQHandler</a> from stm32f4xx_it.o(.text.TIM6_DAC_IRQHandler) referenced from startup_stm32f407xx.o(RESET)
 <LI><a href="#[41]">TIM7_IRQHandler</a> from startup_stm32f407xx.o(.text) referenced from startup_stm32f407xx.o(RESET)
 <LI><a href="#[35]">TIM8_BRK_TIM12_IRQHandler</a> from startup_stm32f407xx.o(.text) referenced from startup_stm32f407xx.o(RESET)
 <LI><a href="#[38]">TIM8_CC_IRQHandler</a> from startup_stm32f407xx.o(.text) referenced from startup_stm32f407xx.o(RESET)
 <LI><a href="#[37]">TIM8_TRG_COM_TIM14_IRQHandler</a> from startup_stm32f407xx.o(.text) referenced from startup_stm32f407xx.o(RESET)
 <LI><a href="#[36]">TIM8_UP_TIM13_IRQHandler</a> from startup_stm32f407xx.o(.text) referenced from startup_stm32f407xx.o(RESET)
 <LI><a href="#[3e]">UART4_IRQHandler</a> from startup_stm32f407xx.o(.text) referenced from startup_stm32f407xx.o(RESET)
 <LI><a href="#[3f]">UART5_IRQHandler</a> from startup_stm32f407xx.o(.text) referenced from startup_stm32f407xx.o(RESET)
 <LI><a href="#[62]">UART_DMAAbortOnError</a> from stm32f4xx_hal_uart.o(.text.UART_DMAAbortOnError) referenced 2 times from stm32f4xx_hal_uart.o(.text.HAL_UART_IRQHandler)
 <LI><a href="#[2f]">USART1_IRQHandler</a> from stm32f4xx_it.o(.text.USART1_IRQHandler) referenced from startup_stm32f407xx.o(RESET)
 <LI><a href="#[30]">USART2_IRQHandler</a> from stm32f4xx_it.o(.text.USART2_IRQHandler) referenced from startup_stm32f407xx.o(RESET)
 <LI><a href="#[31]">USART3_IRQHandler</a> from startup_stm32f407xx.o(.text) referenced from startup_stm32f407xx.o(RESET)
 <LI><a href="#[51]">USART6_IRQHandler</a> from startup_stm32f407xx.o(.text) referenced from startup_stm32f407xx.o(RESET)
 <LI><a href="#[5]">UsageFault_Handler</a> from stm32f4xx_it.o(.text.UsageFault_Handler) referenced from startup_stm32f407xx.o(RESET)
 <LI><a href="#[a]">WWDG_IRQHandler</a> from startup_stm32f407xx.o(.text) referenced from startup_stm32f407xx.o(RESET)
 <LI><a href="#[5d]">__main</a> from entry.o(.ARM.Collect$$$$00000000) referenced from startup_stm32f407xx.o(.text)
 <LI><a href="#[5f]">_sbackspace</a> from _sgetc.o(.text) referenced from __0sscanf.o(.text)
 <LI><a href="#[60]">_scanf_char_input</a> from scanf_char.o(.text) referenced from scanf_char.o(.text)
 <LI><a href="#[5e]">_sgetc</a> from _sgetc.o(.text) referenced from __0sscanf.o(.text)
 <LI><a href="#[7d]">_snputc</a> from printfa.o(i._snputc) referenced from printfa.o(i.__0vsnprintf)
 <LI><a href="#[a0]">backspace_key_func</a> from nr_micro_shell_core.o(.text.backspace_key_func) referenced from nr_micro_shell_core.o(.rodata.key_funcs)
 <LI><a href="#[82]">cb_contrast_changed</a> from menu_items.o(.text.cb_contrast_changed) referenced from menu_items.o(.rodata.item_contrast)
 <LI><a href="#[83]">cb_demo_a</a> from menu_items.o(.text.cb_demo_a) referenced from menu_items.o(.rodata.item_demo_a)
 <LI><a href="#[84]">cb_demo_b</a> from menu_items.o(.text.cb_demo_b) referenced from menu_items.o(.rodata.item_demo_b)
 <LI><a href="#[85]">cb_demo_c</a> from menu_items.o(.text.cb_demo_c) referenced from menu_items.o(.rodata.item_demo_c)
 <LI><a href="#[7e]">cb_disp_custom</a> from menu_items.o(.text.cb_disp_custom) referenced from menu_items.o(.rodata.item_content_custom)
 <LI><a href="#[7f]">cb_disp_date</a> from menu_items.o(.text.cb_disp_date) referenced from menu_items.o(.rodata.item_content_date)
 <LI><a href="#[80]">cb_disp_time</a> from menu_items.o(.text.cb_disp_time) referenced from menu_items.o(.rodata.item_content_time)
 <LI><a href="#[81]">cb_disp_weather</a> from menu_items.o(.text.cb_disp_weather) referenced from menu_items.o(.rodata.item_content_weather)
 <LI><a href="#[86]">cb_effect_fade</a> from menu_items.o(.text.cb_effect_fade) referenced from menu_items.o(.rodata.item_effect_fade)
 <LI><a href="#[87]">cb_effect_flip</a> from menu_items.o(.text.cb_effect_flip) referenced from menu_items.o(.rodata.item_effect_flip)
 <LI><a href="#[88]">cb_effect_scroll_d</a> from menu_items.o(.text.cb_effect_scroll_d) referenced from menu_items.o(.rodata.item_effect_scroll_d)
 <LI><a href="#[89]">cb_effect_scroll_l</a> from menu_items.o(.text.cb_effect_scroll_l) referenced from menu_items.o(.rodata.item_effect_scroll_l)
 <LI><a href="#[8a]">cb_effect_scroll_r</a> from menu_items.o(.text.cb_effect_scroll_r) referenced from menu_items.o(.rodata.item_effect_scroll_r)
 <LI><a href="#[8b]">cb_effect_scroll_u</a> from menu_items.o(.text.cb_effect_scroll_u) referenced from menu_items.o(.rodata.item_effect_scroll_u)
 <LI><a href="#[8c]">cb_effect_static</a> from menu_items.o(.text.cb_effect_static) referenced from menu_items.o(.rodata.item_effect_static)
 <LI><a href="#[8d]">cb_led_blink</a> from menu_items.o(.text.cb_led_blink) referenced from menu_items.o(.rodata.item_led_blink)
 <LI><a href="#[8e]">cb_led_off</a> from menu_items.o(.text.cb_led_off) referenced from menu_items.o(.rodata.item_led_off)
 <LI><a href="#[8f]">cb_led_on</a> from menu_items.o(.text.cb_led_on) referenced from menu_items.o(.rodata.item_led_on)
 <LI><a href="#[90]">cb_mode_changed</a> from menu_items.o(.text.cb_mode_changed) referenced from menu_items.o(.rodata.item_mode_local)
 <LI><a href="#[90]">cb_mode_changed</a> from menu_items.o(.text.cb_mode_changed) referenced from menu_items.o(.rodata.item_mode_remote)
 <LI><a href="#[97]">cb_reboot_confirm</a> from menu_items.o(.text.cb_reboot_confirm) referenced from menu_items.o(.rodata.item_reboot)
 <LI><a href="#[98]">cb_update_firmware</a> from menu_items.o(.text.cb_update_firmware) referenced from menu_items.o(.rodata.item_update_firmware)
 <LI><a href="#[76]">cli_task</a> from freertos_app.o(.text.cli_task) referenced 2 times from freertos_app.o(.text.freertos_app_init)
 <LI><a href="#[7a]">cli_tasks_info</a> from freertos_app.o(.text.cli_tasks_info) referenced 2 times from freertos_app.o(.text.freertos_app_init)
 <LI><a href="#[64]">cmd_clear</a> from cli_cmds.o(.text.cmd_clear) referenced 2 times from cli_cmds.o(.text.cli_cmds_init)
 <LI><a href="#[6b]">cmd_cli_info</a> from cli_cmds.o(.text.cmd_cli_info) referenced 2 times from cli_cmds.o(.text.cli_cmds_init)
 <LI><a href="#[63]">cmd_help</a> from cli_cmds.o(.text.cmd_help) referenced 2 times from cli_cmds.o(.text.cli_cmds_init)
 <LI><a href="#[65]">cmd_info</a> from cli_cmds.o(.text.cmd_info) referenced 2 times from cli_cmds.o(.text.cli_cmds_init)
 <LI><a href="#[66]">cmd_led</a> from cli_cmds.o(.text.cmd_led) referenced 2 times from cli_cmds.o(.text.cli_cmds_init)
 <LI><a href="#[69]">cmd_mode</a> from cli_cmds.o(.text.cmd_mode) referenced 2 times from cli_cmds.o(.text.cli_cmds_init)
 <LI><a href="#[67]">cmd_rd</a> from cli_cmds.o(.text.cmd_rd) referenced 2 times from cli_cmds.o(.text.cli_cmds_init)
 <LI><a href="#[68]">cmd_reboot</a> from cli_cmds.o(.text.cmd_reboot) referenced 2 times from cli_cmds.o(.text.cli_cmds_init)
 <LI><a href="#[6a]">cmd_update</a> from cli_cmds.o(.text.cmd_update) referenced 2 times from cli_cmds.o(.text.cli_cmds_init)
 <LI><a href="#[73]">comm_task</a> from freertos_app.o(.text.comm_task) referenced 2 times from freertos_app.o(.text.freertos_app_init)
 <LI><a href="#[a1]">delete_key_func</a> from nr_micro_shell_core.o(.text.delete_key_func) referenced from nr_micro_shell_core.o(.rodata.key_funcs)
 <LI><a href="#[75]">display_task</a> from freertos_app.o(.text.display_task) referenced 2 times from freertos_app.o(.text.freertos_app_init)
 <LI><a href="#[9d]">down_key_func</a> from nr_micro_shell_core.o(.text.down_key_func) referenced from nr_micro_shell_core.o(.rodata.key_funcs)
 <LI><a href="#[6e]">effect_fade</a> from display_mgr.o(.text.effect_fade) referenced 2 times from display_mgr.o(.text.display_mgr_init)
 <LI><a href="#[6d]">effect_flip</a> from display_mgr.o(.text.effect_flip) referenced 2 times from display_mgr.o(.text.display_mgr_init)
 <LI><a href="#[72]">effect_scroll_down</a> from display_mgr.o(.text.effect_scroll_down) referenced 2 times from display_mgr.o(.text.display_mgr_init)
 <LI><a href="#[6f]">effect_scroll_left</a> from display_mgr.o(.text.effect_scroll_left) referenced 2 times from display_mgr.o(.text.display_mgr_init)
 <LI><a href="#[70]">effect_scroll_right</a> from display_mgr.o(.text.effect_scroll_right) referenced 2 times from display_mgr.o(.text.display_mgr_init)
 <LI><a href="#[71]">effect_scroll_up</a> from display_mgr.o(.text.effect_scroll_up) referenced 2 times from display_mgr.o(.text.display_mgr_init)
 <LI><a href="#[6c]">effect_static</a> from display_mgr.o(.text.effect_static) referenced 2 times from display_mgr.o(.text.display_mgr_init)
 <LI><a href="#[9a]">enter_key_func</a> from nr_micro_shell_core.o(.text.enter_key_func) referenced from nr_micro_shell_core.o(.rodata.key_funcs)
 <LI><a href="#[61]">isspace</a> from isspace_o.o(.text) referenced from scanf_char.o(.text)
 <LI><a href="#[74]">key_task</a> from freertos_app.o(.text.key_task) referenced 2 times from freertos_app.o(.text.freertos_app_init)
 <LI><a href="#[77]">led_task</a> from freertos_app.o(.text.led_task) referenced 2 times from freertos_app.o(.text.freertos_app_init)
 <LI><a href="#[9e]">left_key_func</a> from nr_micro_shell_core.o(.text.left_key_func) referenced from nr_micro_shell_core.o(.rodata.key_funcs)
 <LI><a href="#[5b]">main</a> from main.o(.text.main) referenced from entry9a.o(.ARM.Collect$$$$0000000B)
 <LI><a href="#[99]">normal_key_func</a> from nr_micro_shell_core.o(.text.normal_key_func) referenced from nr_micro_shell_core.o(.rodata.key_funcs)
 <LI><a href="#[96]">preview_confirm_bigtext</a> from menu_items.o(.text.preview_confirm_bigtext) referenced from menu_items.o(.rodata.item_poweron_display_2)
 <LI><a href="#[94]">preview_confirm_logo</a> from menu_items.o(.text.preview_confirm_logo) referenced from menu_items.o(.rodata.item_poweron_display_1)
 <LI><a href="#[92]">preview_confirm_welcome</a> from menu_items.o(.text.preview_confirm_welcome) referenced from menu_items.o(.rodata.item_poweron_display_0)
 <LI><a href="#[95]">preview_render_bigtext</a> from menu_items.o(.text.preview_render_bigtext) referenced from menu_items.o(.rodata.item_poweron_display_2)
 <LI><a href="#[93]">preview_render_logo</a> from menu_items.o(.text.preview_render_logo) referenced from menu_items.o(.rodata.item_poweron_display_1)
 <LI><a href="#[91]">preview_render_welcome</a> from menu_items.o(.text.preview_render_welcome) referenced from menu_items.o(.rodata.item_poweron_display_0)
 <LI><a href="#[7c]">prvIdleTask</a> from tasks.o(.text.prvIdleTask) referenced 2 times from tasks.o(.text.vTaskStartScheduler)
 <LI><a href="#[7b]">prvTaskExitError</a> from port_1.o(.text.prvTaskExitError) referenced 2 times from port_1.o(.text.pxPortInitialiseStack)
 <LI><a href="#[9f]">right_key_func</a> from nr_micro_shell_core.o(.text.right_key_func) referenced from nr_micro_shell_core.o(.rodata.key_funcs)
 <LI><a href="#[78]">storage_task</a> from freertos_app.o(.text.storage_task) referenced 2 times from freertos_app.o(.text.freertos_app_init)
 <LI><a href="#[9b]">tab_key_func</a> from nr_micro_shell_core.o(.text.tab_key_func) referenced from nr_micro_shell_core.o(.rodata.key_funcs)
 <LI><a href="#[a2]">unknown_key_func</a> from nr_micro_shell_core.o(.text.unknown_key_func) referenced from nr_micro_shell_core.o(.rodata.key_funcs)
 <LI><a href="#[9c]">up_key_func</a> from nr_micro_shell_core.o(.text.up_key_func) referenced from nr_micro_shell_core.o(.rodata.key_funcs)
 <LI><a href="#[79]">watchdog_task</a> from freertos_app.o(.text.watchdog_task) referenced 2 times from freertos_app.o(.text.freertos_app_init)
</UL>
<P>
<H3>
Global Symbols
</H3>
<P><STRONG><a name="[5d]"></a>__main</STRONG> (Thumb, 0 bytes, Stack size unknown bytes, entry.o(.ARM.Collect$$$$00000000))
<BR>[Address Reference Count : 1]<UL><LI> startup_stm32f407xx.o(.text)
</UL>
<P><STRONG><a name="[19f]"></a>_main_stk</STRONG> (Thumb, 0 bytes, Stack size unknown bytes, entry2.o(.ARM.Collect$$$$00000001))

<P><STRONG><a name="[a4]"></a>_main_scatterload</STRONG> (Thumb, 0 bytes, Stack size unknown bytes, entry5.o(.ARM.Collect$$$$00000004))
<BR><BR>[Calls]<UL><LI><a href="#[a5]">&gt;&gt;</a>&nbsp;&nbsp;&nbsp;__scatterload
</UL>

<P><STRONG><a name="[bf]"></a>__main_after_scatterload</STRONG> (Thumb, 0 bytes, Stack size unknown bytes, entry5.o(.ARM.Collect$$$$00000004))
<BR><BR>[Called By]<UL><LI><a href="#[a5]">&gt;&gt;</a>&nbsp;&nbsp;&nbsp;__scatterload
</UL>

<P><STRONG><a name="[1a0]"></a>_main_clock</STRONG> (Thumb, 0 bytes, Stack size unknown bytes, entry7b.o(.ARM.Collect$$$$00000008))

<P><STRONG><a name="[1a1]"></a>_main_cpp_init</STRONG> (Thumb, 0 bytes, Stack size unknown bytes, entry8b.o(.ARM.Collect$$$$0000000A))

<P><STRONG><a name="[1a2]"></a>_main_init</STRONG> (Thumb, 0 bytes, Stack size unknown bytes, entry9a.o(.ARM.Collect$$$$0000000B))

<P><STRONG><a name="[1a3]"></a>__rt_final_cpp</STRONG> (Thumb, 0 bytes, Stack size unknown bytes, entry10a.o(.ARM.Collect$$$$0000000D))

<P><STRONG><a name="[1a4]"></a>__rt_final_exit</STRONG> (Thumb, 0 bytes, Stack size unknown bytes, entry11a.o(.ARM.Collect$$$$0000000F))

<P><STRONG><a name="[0]"></a>Reset_Handler</STRONG> (Thumb, 8 bytes, Stack size 0 bytes, startup_stm32f407xx.o(.text))
<BR>[Address Reference Count : 1]<UL><LI> startup_stm32f407xx.o(RESET)
</UL>
<P><STRONG><a name="[1c]"></a>ADC_IRQHandler</STRONG> (Thumb, 0 bytes, Stack size 0 bytes, startup_stm32f407xx.o(.text))
<BR><BR>[Calls]<UL><LI><a href="#[1c]">&gt;&gt;</a>&nbsp;&nbsp;&nbsp;ADC_IRQHandler
</UL>
<BR>[Called By]<UL><LI><a href="#[1c]">&gt;&gt;</a>&nbsp;&nbsp;&nbsp;ADC_IRQHandler
</UL>
<BR>[Address Reference Count : 1]<UL><LI> startup_stm32f407xx.o(RESET)
</UL>
<P><STRONG><a name="[1e]"></a>CAN1_RX0_IRQHandler</STRONG> (Thumb, 0 bytes, Stack size 0 bytes, startup_stm32f407xx.o(.text))
<BR>[Address Reference Count : 1]<UL><LI> startup_stm32f407xx.o(RESET)
</UL>
<P><STRONG><a name="[1f]"></a>CAN1_RX1_IRQHandler</STRONG> (Thumb, 0 bytes, Stack size 0 bytes, startup_stm32f407xx.o(.text))
<BR>[Address Reference Count : 1]<UL><LI> startup_stm32f407xx.o(RESET)
</UL>
<P><STRONG><a name="[20]"></a>CAN1_SCE_IRQHandler</STRONG> (Thumb, 0 bytes, Stack size 0 bytes, startup_stm32f407xx.o(.text))
<BR>[Address Reference Count : 1]<UL><LI> startup_stm32f407xx.o(RESET)
</UL>
<P><STRONG><a name="[1d]"></a>CAN1_TX_IRQHandler</STRONG> (Thumb, 0 bytes, Stack size 0 bytes, startup_stm32f407xx.o(.text))
<BR>[Address Reference Count : 1]<UL><LI> startup_stm32f407xx.o(RESET)
</UL>
<P><STRONG><a name="[4a]"></a>CAN2_RX0_IRQHandler</STRONG> (Thumb, 0 bytes, Stack size 0 bytes, startup_stm32f407xx.o(.text))
<BR>[Address Reference Count : 1]<UL><LI> startup_stm32f407xx.o(RESET)
</UL>
<P><STRONG><a name="[4b]"></a>CAN2_RX1_IRQHandler</STRONG> (Thumb, 0 bytes, Stack size 0 bytes, startup_stm32f407xx.o(.text))
<BR>[Address Reference Count : 1]<UL><LI> startup_stm32f407xx.o(RESET)
</UL>
<P><STRONG><a name="[4c]"></a>CAN2_SCE_IRQHandler</STRONG> (Thumb, 0 bytes, Stack size 0 bytes, startup_stm32f407xx.o(.text))
<BR>[Address Reference Count : 1]<UL><LI> startup_stm32f407xx.o(RESET)
</UL>
<P><STRONG><a name="[49]"></a>CAN2_TX_IRQHandler</STRONG> (Thumb, 0 bytes, Stack size 0 bytes, startup_stm32f407xx.o(.text))
<BR>[Address Reference Count : 1]<UL><LI> startup_stm32f407xx.o(RESET)
</UL>
<P><STRONG><a name="[58]"></a>DCMI_IRQHandler</STRONG> (Thumb, 0 bytes, Stack size 0 bytes, startup_stm32f407xx.o(.text))
<BR>[Address Reference Count : 1]<UL><LI> startup_stm32f407xx.o(RESET)
</UL>
<P><STRONG><a name="[15]"></a>DMA1_Stream0_IRQHandler</STRONG> (Thumb, 0 bytes, Stack size 0 bytes, startup_stm32f407xx.o(.text))
<BR>[Address Reference Count : 1]<UL><LI> startup_stm32f407xx.o(RESET)
</UL>
<P><STRONG><a name="[16]"></a>DMA1_Stream1_IRQHandler</STRONG> (Thumb, 0 bytes, Stack size 0 bytes, startup_stm32f407xx.o(.text))
<BR>[Address Reference Count : 1]<UL><LI> startup_stm32f407xx.o(RESET)
</UL>
<P><STRONG><a name="[17]"></a>DMA1_Stream2_IRQHandler</STRONG> (Thumb, 0 bytes, Stack size 0 bytes, startup_stm32f407xx.o(.text))
<BR>[Address Reference Count : 1]<UL><LI> startup_stm32f407xx.o(RESET)
</UL>
<P><STRONG><a name="[18]"></a>DMA1_Stream3_IRQHandler</STRONG> (Thumb, 0 bytes, Stack size 0 bytes, startup_stm32f407xx.o(.text))
<BR>[Address Reference Count : 1]<UL><LI> startup_stm32f407xx.o(RESET)
</UL>
<P><STRONG><a name="[19]"></a>DMA1_Stream4_IRQHandler</STRONG> (Thumb, 0 bytes, Stack size 0 bytes, startup_stm32f407xx.o(.text))
<BR>[Address Reference Count : 1]<UL><LI> startup_stm32f407xx.o(RESET)
</UL>
<P><STRONG><a name="[1a]"></a>DMA1_Stream5_IRQHandler</STRONG> (Thumb, 0 bytes, Stack size 0 bytes, startup_stm32f407xx.o(.text))
<BR>[Address Reference Count : 1]<UL><LI> startup_stm32f407xx.o(RESET)
</UL>
<P><STRONG><a name="[1b]"></a>DMA1_Stream6_IRQHandler</STRONG> (Thumb, 0 bytes, Stack size 0 bytes, startup_stm32f407xx.o(.text))
<BR>[Address Reference Count : 1]<UL><LI> startup_stm32f407xx.o(RESET)
</UL>
<P><STRONG><a name="[39]"></a>DMA1_Stream7_IRQHandler</STRONG> (Thumb, 0 bytes, Stack size 0 bytes, startup_stm32f407xx.o(.text))
<BR>[Address Reference Count : 1]<UL><LI> startup_stm32f407xx.o(RESET)
</UL>
<P><STRONG><a name="[42]"></a>DMA2_Stream0_IRQHandler</STRONG> (Thumb, 0 bytes, Stack size 0 bytes, startup_stm32f407xx.o(.text))
<BR>[Address Reference Count : 1]<UL><LI> startup_stm32f407xx.o(RESET)
</UL>
<P><STRONG><a name="[43]"></a>DMA2_Stream1_IRQHandler</STRONG> (Thumb, 0 bytes, Stack size 0 bytes, startup_stm32f407xx.o(.text))
<BR>[Address Reference Count : 1]<UL><LI> startup_stm32f407xx.o(RESET)
</UL>
<P><STRONG><a name="[44]"></a>DMA2_Stream2_IRQHandler</STRONG> (Thumb, 0 bytes, Stack size 0 bytes, startup_stm32f407xx.o(.text))
<BR>[Address Reference Count : 1]<UL><LI> startup_stm32f407xx.o(RESET)
</UL>
<P><STRONG><a name="[45]"></a>DMA2_Stream3_IRQHandler</STRONG> (Thumb, 0 bytes, Stack size 0 bytes, startup_stm32f407xx.o(.text))
<BR>[Address Reference Count : 1]<UL><LI> startup_stm32f407xx.o(RESET)
</UL>
<P><STRONG><a name="[46]"></a>DMA2_Stream4_IRQHandler</STRONG> (Thumb, 0 bytes, Stack size 0 bytes, startup_stm32f407xx.o(.text))
<BR>[Address Reference Count : 1]<UL><LI> startup_stm32f407xx.o(RESET)
</UL>
<P><STRONG><a name="[4e]"></a>DMA2_Stream5_IRQHandler</STRONG> (Thumb, 0 bytes, Stack size 0 bytes, startup_stm32f407xx.o(.text))
<BR>[Address Reference Count : 1]<UL><LI> startup_stm32f407xx.o(RESET)
</UL>
<P><STRONG><a name="[4f]"></a>DMA2_Stream6_IRQHandler</STRONG> (Thumb, 0 bytes, Stack size 0 bytes, startup_stm32f407xx.o(.text))
<BR>[Address Reference Count : 1]<UL><LI> startup_stm32f407xx.o(RESET)
</UL>
<P><STRONG><a name="[50]"></a>DMA2_Stream7_IRQHandler</STRONG> (Thumb, 0 bytes, Stack size 0 bytes, startup_stm32f407xx.o(.text))
<BR>[Address Reference Count : 1]<UL><LI> startup_stm32f407xx.o(RESET)
</UL>
<P><STRONG><a name="[47]"></a>ETH_IRQHandler</STRONG> (Thumb, 0 bytes, Stack size 0 bytes, startup_stm32f407xx.o(.text))
<BR>[Address Reference Count : 1]<UL><LI> startup_stm32f407xx.o(RESET)
</UL>
<P><STRONG><a name="[48]"></a>ETH_WKUP_IRQHandler</STRONG> (Thumb, 0 bytes, Stack size 0 bytes, startup_stm32f407xx.o(.text))
<BR>[Address Reference Count : 1]<UL><LI> startup_stm32f407xx.o(RESET)
</UL>
<P><STRONG><a name="[10]"></a>EXTI0_IRQHandler</STRONG> (Thumb, 0 bytes, Stack size 0 bytes, startup_stm32f407xx.o(.text))
<BR>[Address Reference Count : 1]<UL><LI> startup_stm32f407xx.o(RESET)
</UL>
<P><STRONG><a name="[32]"></a>EXTI15_10_IRQHandler</STRONG> (Thumb, 0 bytes, Stack size 0 bytes, startup_stm32f407xx.o(.text))
<BR>[Address Reference Count : 1]<UL><LI> startup_stm32f407xx.o(RESET)
</UL>
<P><STRONG><a name="[11]"></a>EXTI1_IRQHandler</STRONG> (Thumb, 0 bytes, Stack size 0 bytes, startup_stm32f407xx.o(.text))
<BR>[Address Reference Count : 1]<UL><LI> startup_stm32f407xx.o(RESET)
</UL>
<P><STRONG><a name="[12]"></a>EXTI2_IRQHandler</STRONG> (Thumb, 0 bytes, Stack size 0 bytes, startup_stm32f407xx.o(.text))
<BR>[Address Reference Count : 1]<UL><LI> startup_stm32f407xx.o(RESET)
</UL>
<P><STRONG><a name="[13]"></a>EXTI3_IRQHandler</STRONG> (Thumb, 0 bytes, Stack size 0 bytes, startup_stm32f407xx.o(.text))
<BR>[Address Reference Count : 1]<UL><LI> startup_stm32f407xx.o(RESET)
</UL>
<P><STRONG><a name="[14]"></a>EXTI4_IRQHandler</STRONG> (Thumb, 0 bytes, Stack size 0 bytes, startup_stm32f407xx.o(.text))
<BR>[Address Reference Count : 1]<UL><LI> startup_stm32f407xx.o(RESET)
</UL>
<P><STRONG><a name="[21]"></a>EXTI9_5_IRQHandler</STRONG> (Thumb, 0 bytes, Stack size 0 bytes, startup_stm32f407xx.o(.text))
<BR>[Address Reference Count : 1]<UL><LI> startup_stm32f407xx.o(RESET)
</UL>
<P><STRONG><a name="[e]"></a>FLASH_IRQHandler</STRONG> (Thumb, 0 bytes, Stack size 0 bytes, startup_stm32f407xx.o(.text))
<BR>[Address Reference Count : 1]<UL><LI> startup_stm32f407xx.o(RESET)
</UL>
<P><STRONG><a name="[3a]"></a>FMC_IRQHandler</STRONG> (Thumb, 0 bytes, Stack size 0 bytes, startup_stm32f407xx.o(.text))
<BR>[Address Reference Count : 1]<UL><LI> startup_stm32f407xx.o(RESET)
</UL>
<P><STRONG><a name="[5a]"></a>FPU_IRQHandler</STRONG> (Thumb, 0 bytes, Stack size 0 bytes, startup_stm32f407xx.o(.text))
<BR>[Address Reference Count : 1]<UL><LI> startup_stm32f407xx.o(RESET)
</UL>
<P><STRONG><a name="[59]"></a>HASH_RNG_IRQHandler</STRONG> (Thumb, 0 bytes, Stack size 0 bytes, startup_stm32f407xx.o(.text))
<BR>[Address Reference Count : 1]<UL><LI> startup_stm32f407xx.o(RESET)
</UL>
<P><STRONG><a name="[2a]"></a>I2C1_ER_IRQHandler</STRONG> (Thumb, 0 bytes, Stack size 0 bytes, startup_stm32f407xx.o(.text))
<BR>[Address Reference Count : 1]<UL><LI> startup_stm32f407xx.o(RESET)
</UL>
<P><STRONG><a name="[29]"></a>I2C1_EV_IRQHandler</STRONG> (Thumb, 0 bytes, Stack size 0 bytes, startup_stm32f407xx.o(.text))
<BR>[Address Reference Count : 1]<UL><LI> startup_stm32f407xx.o(RESET)
</UL>
<P><STRONG><a name="[2c]"></a>I2C2_ER_IRQHandler</STRONG> (Thumb, 0 bytes, Stack size 0 bytes, startup_stm32f407xx.o(.text))
<BR>[Address Reference Count : 1]<UL><LI> startup_stm32f407xx.o(RESET)
</UL>
<P><STRONG><a name="[2b]"></a>I2C2_EV_IRQHandler</STRONG> (Thumb, 0 bytes, Stack size 0 bytes, startup_stm32f407xx.o(.text))
<BR>[Address Reference Count : 1]<UL><LI> startup_stm32f407xx.o(RESET)
</UL>
<P><STRONG><a name="[53]"></a>I2C3_ER_IRQHandler</STRONG> (Thumb, 0 bytes, Stack size 0 bytes, startup_stm32f407xx.o(.text))
<BR>[Address Reference Count : 1]<UL><LI> startup_stm32f407xx.o(RESET)
</UL>
<P><STRONG><a name="[52]"></a>I2C3_EV_IRQHandler</STRONG> (Thumb, 0 bytes, Stack size 0 bytes, startup_stm32f407xx.o(.text))
<BR>[Address Reference Count : 1]<UL><LI> startup_stm32f407xx.o(RESET)
</UL>
<P><STRONG><a name="[4d]"></a>OTG_FS_IRQHandler</STRONG> (Thumb, 0 bytes, Stack size 0 bytes, startup_stm32f407xx.o(.text))
<BR>[Address Reference Count : 1]<UL><LI> startup_stm32f407xx.o(RESET)
</UL>
<P><STRONG><a name="[34]"></a>OTG_FS_WKUP_IRQHandler</STRONG> (Thumb, 0 bytes, Stack size 0 bytes, startup_stm32f407xx.o(.text))
<BR>[Address Reference Count : 1]<UL><LI> startup_stm32f407xx.o(RESET)
</UL>
<P><STRONG><a name="[55]"></a>OTG_HS_EP1_IN_IRQHandler</STRONG> (Thumb, 0 bytes, Stack size 0 bytes, startup_stm32f407xx.o(.text))
<BR>[Address Reference Count : 1]<UL><LI> startup_stm32f407xx.o(RESET)
</UL>
<P><STRONG><a name="[54]"></a>OTG_HS_EP1_OUT_IRQHandler</STRONG> (Thumb, 0 bytes, Stack size 0 bytes, startup_stm32f407xx.o(.text))
<BR>[Address Reference Count : 1]<UL><LI> startup_stm32f407xx.o(RESET)
</UL>
<P><STRONG><a name="[57]"></a>OTG_HS_IRQHandler</STRONG> (Thumb, 0 bytes, Stack size 0 bytes, startup_stm32f407xx.o(.text))
<BR>[Address Reference Count : 1]<UL><LI> startup_stm32f407xx.o(RESET)
</UL>
<P><STRONG><a name="[56]"></a>OTG_HS_WKUP_IRQHandler</STRONG> (Thumb, 0 bytes, Stack size 0 bytes, startup_stm32f407xx.o(.text))
<BR>[Address Reference Count : 1]<UL><LI> startup_stm32f407xx.o(RESET)
</UL>
<P><STRONG><a name="[b]"></a>PVD_IRQHandler</STRONG> (Thumb, 0 bytes, Stack size 0 bytes, startup_stm32f407xx.o(.text))
<BR>[Address Reference Count : 1]<UL><LI> startup_stm32f407xx.o(RESET)
</UL>
<P><STRONG><a name="[f]"></a>RCC_IRQHandler</STRONG> (Thumb, 0 bytes, Stack size 0 bytes, startup_stm32f407xx.o(.text))
<BR>[Address Reference Count : 1]<UL><LI> startup_stm32f407xx.o(RESET)
</UL>
<P><STRONG><a name="[33]"></a>RTC_Alarm_IRQHandler</STRONG> (Thumb, 0 bytes, Stack size 0 bytes, startup_stm32f407xx.o(.text))
<BR>[Address Reference Count : 1]<UL><LI> startup_stm32f407xx.o(RESET)
</UL>
<P><STRONG><a name="[d]"></a>RTC_WKUP_IRQHandler</STRONG> (Thumb, 0 bytes, Stack size 0 bytes, startup_stm32f407xx.o(.text))
<BR>[Address Reference Count : 1]<UL><LI> startup_stm32f407xx.o(RESET)
</UL>
<P><STRONG><a name="[3b]"></a>SDIO_IRQHandler</STRONG> (Thumb, 0 bytes, Stack size 0 bytes, startup_stm32f407xx.o(.text))
<BR>[Address Reference Count : 1]<UL><LI> startup_stm32f407xx.o(RESET)
</UL>
<P><STRONG><a name="[2d]"></a>SPI1_IRQHandler</STRONG> (Thumb, 0 bytes, Stack size 0 bytes, startup_stm32f407xx.o(.text))
<BR>[Address Reference Count : 1]<UL><LI> startup_stm32f407xx.o(RESET)
</UL>
<P><STRONG><a name="[2e]"></a>SPI2_IRQHandler</STRONG> (Thumb, 0 bytes, Stack size 0 bytes, startup_stm32f407xx.o(.text))
<BR>[Address Reference Count : 1]<UL><LI> startup_stm32f407xx.o(RESET)
</UL>
<P><STRONG><a name="[3d]"></a>SPI3_IRQHandler</STRONG> (Thumb, 0 bytes, Stack size 0 bytes, startup_stm32f407xx.o(.text))
<BR>[Address Reference Count : 1]<UL><LI> startup_stm32f407xx.o(RESET)
</UL>
<P><STRONG><a name="[c]"></a>TAMP_STAMP_IRQHandler</STRONG> (Thumb, 0 bytes, Stack size 0 bytes, startup_stm32f407xx.o(.text))
<BR>[Address Reference Count : 1]<UL><LI> startup_stm32f407xx.o(RESET)
</UL>
<P><STRONG><a name="[22]"></a>TIM1_BRK_TIM9_IRQHandler</STRONG> (Thumb, 0 bytes, Stack size 0 bytes, startup_stm32f407xx.o(.text))
<BR>[Address Reference Count : 1]<UL><LI> startup_stm32f407xx.o(RESET)
</UL>
<P><STRONG><a name="[25]"></a>TIM1_CC_IRQHandler</STRONG> (Thumb, 0 bytes, Stack size 0 bytes, startup_stm32f407xx.o(.text))
<BR>[Address Reference Count : 1]<UL><LI> startup_stm32f407xx.o(RESET)
</UL>
<P><STRONG><a name="[24]"></a>TIM1_TRG_COM_TIM11_IRQHandler</STRONG> (Thumb, 0 bytes, Stack size 0 bytes, startup_stm32f407xx.o(.text))
<BR>[Address Reference Count : 1]<UL><LI> startup_stm32f407xx.o(RESET)
</UL>
<P><STRONG><a name="[23]"></a>TIM1_UP_TIM10_IRQHandler</STRONG> (Thumb, 0 bytes, Stack size 0 bytes, startup_stm32f407xx.o(.text))
<BR>[Address Reference Count : 1]<UL><LI> startup_stm32f407xx.o(RESET)
</UL>
<P><STRONG><a name="[26]"></a>TIM2_IRQHandler</STRONG> (Thumb, 0 bytes, Stack size 0 bytes, startup_stm32f407xx.o(.text))
<BR>[Address Reference Count : 1]<UL><LI> startup_stm32f407xx.o(RESET)
</UL>
<P><STRONG><a name="[27]"></a>TIM3_IRQHandler</STRONG> (Thumb, 0 bytes, Stack size 0 bytes, startup_stm32f407xx.o(.text))
<BR>[Address Reference Count : 1]<UL><LI> startup_stm32f407xx.o(RESET)
</UL>
<P><STRONG><a name="[28]"></a>TIM4_IRQHandler</STRONG> (Thumb, 0 bytes, Stack size 0 bytes, startup_stm32f407xx.o(.text))
<BR>[Address Reference Count : 1]<UL><LI> startup_stm32f407xx.o(RESET)
</UL>
<P><STRONG><a name="[3c]"></a>TIM5_IRQHandler</STRONG> (Thumb, 0 bytes, Stack size 0 bytes, startup_stm32f407xx.o(.text))
<BR>[Address Reference Count : 1]<UL><LI> startup_stm32f407xx.o(RESET)
</UL>
<P><STRONG><a name="[41]"></a>TIM7_IRQHandler</STRONG> (Thumb, 0 bytes, Stack size 0 bytes, startup_stm32f407xx.o(.text))
<BR>[Address Reference Count : 1]<UL><LI> startup_stm32f407xx.o(RESET)
</UL>
<P><STRONG><a name="[35]"></a>TIM8_BRK_TIM12_IRQHandler</STRONG> (Thumb, 0 bytes, Stack size 0 bytes, startup_stm32f407xx.o(.text))
<BR>[Address Reference Count : 1]<UL><LI> startup_stm32f407xx.o(RESET)
</UL>
<P><STRONG><a name="[38]"></a>TIM8_CC_IRQHandler</STRONG> (Thumb, 0 bytes, Stack size 0 bytes, startup_stm32f407xx.o(.text))
<BR>[Address Reference Count : 1]<UL><LI> startup_stm32f407xx.o(RESET)
</UL>
<P><STRONG><a name="[37]"></a>TIM8_TRG_COM_TIM14_IRQHandler</STRONG> (Thumb, 0 bytes, Stack size 0 bytes, startup_stm32f407xx.o(.text))
<BR>[Address Reference Count : 1]<UL><LI> startup_stm32f407xx.o(RESET)
</UL>
<P><STRONG><a name="[36]"></a>TIM8_UP_TIM13_IRQHandler</STRONG> (Thumb, 0 bytes, Stack size 0 bytes, startup_stm32f407xx.o(.text))
<BR>[Address Reference Count : 1]<UL><LI> startup_stm32f407xx.o(RESET)
</UL>
<P><STRONG><a name="[3e]"></a>UART4_IRQHandler</STRONG> (Thumb, 0 bytes, Stack size 0 bytes, startup_stm32f407xx.o(.text))
<BR>[Address Reference Count : 1]<UL><LI> startup_stm32f407xx.o(RESET)
</UL>
<P><STRONG><a name="[3f]"></a>UART5_IRQHandler</STRONG> (Thumb, 0 bytes, Stack size 0 bytes, startup_stm32f407xx.o(.text))
<BR>[Address Reference Count : 1]<UL><LI> startup_stm32f407xx.o(RESET)
</UL>
<P><STRONG><a name="[31]"></a>USART3_IRQHandler</STRONG> (Thumb, 0 bytes, Stack size 0 bytes, startup_stm32f407xx.o(.text))
<BR>[Address Reference Count : 1]<UL><LI> startup_stm32f407xx.o(RESET)
</UL>
<P><STRONG><a name="[51]"></a>USART6_IRQHandler</STRONG> (Thumb, 0 bytes, Stack size 0 bytes, startup_stm32f407xx.o(.text))
<BR>[Address Reference Count : 1]<UL><LI> startup_stm32f407xx.o(RESET)
</UL>
<P><STRONG><a name="[a]"></a>WWDG_IRQHandler</STRONG> (Thumb, 0 bytes, Stack size 0 bytes, startup_stm32f407xx.o(.text))
<BR>[Address Reference Count : 1]<UL><LI> startup_stm32f407xx.o(RESET)
</UL>
<P><STRONG><a name="[a6]"></a>__aeabi_uldivmod</STRONG> (Thumb, 98 bytes, Stack size 40 bytes, uldiv.o(.text))
<BR><BR>[Stack]<UL><LI>Max Depth = 40<LI>Call Chain = __aeabi_uldivmod
</UL>
<BR>[Calls]<UL><LI><a href="#[a7]">&gt;&gt;</a>&nbsp;&nbsp;&nbsp;__aeabi_llsr
<LI><a href="#[a8]">&gt;&gt;</a>&nbsp;&nbsp;&nbsp;__aeabi_llsl
</UL>
<BR>[Called By]<UL><LI><a href="#[d7]">&gt;&gt;</a>&nbsp;&nbsp;&nbsp;HAL_RCC_GetSysClockFreq
<LI><a href="#[ee]">&gt;&gt;</a>&nbsp;&nbsp;&nbsp;UART_SetConfig
<LI><a href="#[199]">&gt;&gt;</a>&nbsp;&nbsp;&nbsp;_printf_core
<LI><a href="#[19a]">&gt;&gt;</a>&nbsp;&nbsp;&nbsp;_fp_digits
</UL>

<P><STRONG><a name="[1a5]"></a>___aeabi_memcpy8$move</STRONG> (Thumb, 0 bytes, Stack size 8 bytes, memmovea.o(.text), UNUSED)

<P><STRONG><a name="[131]"></a>__aeabi_memcpy</STRONG> (Thumb, 64 bytes, Stack size 8 bytes, memmovea.o(.text))
<BR><BR>[Stack]<UL><LI>Max Depth = 8<LI>Call Chain = __aeabi_memcpy
</UL>
<BR>[Called By]<UL><LI><a href="#[138]">&gt;&gt;</a>&nbsp;&nbsp;&nbsp;display_mgr_rx_frame_seg
<LI><a href="#[137]">&gt;&gt;</a>&nbsp;&nbsp;&nbsp;display_mgr_redraw
<LI><a href="#[12e]">&gt;&gt;</a>&nbsp;&nbsp;&nbsp;display_mgr_init
<LI><a href="#[71]">&gt;&gt;</a>&nbsp;&nbsp;&nbsp;effect_scroll_up
<LI><a href="#[72]">&gt;&gt;</a>&nbsp;&nbsp;&nbsp;effect_scroll_down
<LI><a href="#[164]">&gt;&gt;</a>&nbsp;&nbsp;&nbsp;proto_build_frame
<LI><a href="#[93]">&gt;&gt;</a>&nbsp;&nbsp;&nbsp;preview_render_logo
<LI><a href="#[11c]">&gt;&gt;</a>&nbsp;&nbsp;&nbsp;xQueueReceive
<LI><a href="#[127]">&gt;&gt;</a>&nbsp;&nbsp;&nbsp;user_app_comm_process
<LI><a href="#[9b]">&gt;&gt;</a>&nbsp;&nbsp;&nbsp;tab_key_func
<LI><a href="#[108]">&gt;&gt;</a>&nbsp;&nbsp;&nbsp;xQueueGenericSend
</UL>

<P><STRONG><a name="[176]"></a>__aeabi_memcpy4</STRONG> (Thumb, 0 bytes, Stack size 8 bytes, memmovea.o(.text))
<BR><BR>[Stack]<UL><LI>Max Depth = 8<LI>Call Chain = __aeabi_memcpy4
</UL>
<BR>[Called By]<UL><LI><a href="#[175]">&gt;&gt;</a>&nbsp;&nbsp;&nbsp;sys_config_init
</UL>

<P><STRONG><a name="[14b]"></a>__aeabi_memmove</STRONG> (Thumb, 0 bytes, Stack size 8 bytes, memmovea.o(.text))
<BR><BR>[Stack]<UL><LI>Max Depth = 8<LI>Call Chain = __aeabi_memmove
</UL>
<BR>[Called By]<UL><LI><a href="#[70]">&gt;&gt;</a>&nbsp;&nbsp;&nbsp;effect_scroll_right
<LI><a href="#[6f]">&gt;&gt;</a>&nbsp;&nbsp;&nbsp;effect_scroll_left
<LI><a href="#[9b]">&gt;&gt;</a>&nbsp;&nbsp;&nbsp;tab_key_func
</UL>

<P><STRONG><a name="[1a6]"></a>__aeabi_memmove4</STRONG> (Thumb, 0 bytes, Stack size 8 bytes, memmovea.o(.text), UNUSED)

<P><STRONG><a name="[1a7]"></a>__aeabi_memmove8</STRONG> (Thumb, 0 bytes, Stack size 8 bytes, memmovea.o(.text), UNUSED)

<P><STRONG><a name="[aa]"></a>__aeabi_memset</STRONG> (Thumb, 14 bytes, Stack size 0 bytes, memseta.o(.text))
<BR><BR>[Called By]<UL><LI><a href="#[ab]">&gt;&gt;</a>&nbsp;&nbsp;&nbsp;_memset$wrapper
<LI><a href="#[a9]">&gt;&gt;</a>&nbsp;&nbsp;&nbsp;__aeabi_memclr
</UL>

<P><STRONG><a name="[195]"></a>__aeabi_memset4</STRONG> (Thumb, 0 bytes, Stack size 0 bytes, memseta.o(.text))
<BR><BR>[Called By]<UL><LI><a href="#[14d]">&gt;&gt;</a>&nbsp;&nbsp;&nbsp;xTaskCreateStatic
</UL>

<P><STRONG><a name="[1a8]"></a>__aeabi_memset8</STRONG> (Thumb, 0 bytes, Stack size 0 bytes, memseta.o(.text), UNUSED)

<P><STRONG><a name="[a9]"></a>__aeabi_memclr</STRONG> (Thumb, 4 bytes, Stack size 0 bytes, memseta.o(.text))
<BR><BR>[Calls]<UL><LI><a href="#[aa]">&gt;&gt;</a>&nbsp;&nbsp;&nbsp;__aeabi_memset
</UL>
<BR>[Called By]<UL><LI><a href="#[132]">&gt;&gt;</a>&nbsp;&nbsp;&nbsp;draw_bigtext_zhaosi
<LI><a href="#[13d]">&gt;&gt;</a>&nbsp;&nbsp;&nbsp;display_mgr_show_disconnect
<LI><a href="#[13b]">&gt;&gt;</a>&nbsp;&nbsp;&nbsp;display_mgr_set_remote
<LI><a href="#[71]">&gt;&gt;</a>&nbsp;&nbsp;&nbsp;effect_scroll_up
<LI><a href="#[72]">&gt;&gt;</a>&nbsp;&nbsp;&nbsp;effect_scroll_down
<LI><a href="#[133]">&gt;&gt;</a>&nbsp;&nbsp;&nbsp;draw_text_fullscreen
<LI><a href="#[146]">&gt;&gt;</a>&nbsp;&nbsp;&nbsp;menu_mgr_tick
<LI><a href="#[92]">&gt;&gt;</a>&nbsp;&nbsp;&nbsp;preview_confirm_welcome
<LI><a href="#[94]">&gt;&gt;</a>&nbsp;&nbsp;&nbsp;preview_confirm_logo
<LI><a href="#[96]">&gt;&gt;</a>&nbsp;&nbsp;&nbsp;preview_confirm_bigtext
<LI><a href="#[8c]">&gt;&gt;</a>&nbsp;&nbsp;&nbsp;cb_effect_static
<LI><a href="#[8b]">&gt;&gt;</a>&nbsp;&nbsp;&nbsp;cb_effect_scroll_u
<LI><a href="#[8a]">&gt;&gt;</a>&nbsp;&nbsp;&nbsp;cb_effect_scroll_r
<LI><a href="#[89]">&gt;&gt;</a>&nbsp;&nbsp;&nbsp;cb_effect_scroll_l
<LI><a href="#[88]">&gt;&gt;</a>&nbsp;&nbsp;&nbsp;cb_effect_scroll_d
<LI><a href="#[87]">&gt;&gt;</a>&nbsp;&nbsp;&nbsp;cb_effect_flip
<LI><a href="#[86]">&gt;&gt;</a>&nbsp;&nbsp;&nbsp;cb_effect_fade
<LI><a href="#[81]">&gt;&gt;</a>&nbsp;&nbsp;&nbsp;cb_disp_weather
<LI><a href="#[80]">&gt;&gt;</a>&nbsp;&nbsp;&nbsp;cb_disp_time
<LI><a href="#[7f]">&gt;&gt;</a>&nbsp;&nbsp;&nbsp;cb_disp_date
<LI><a href="#[7e]">&gt;&gt;</a>&nbsp;&nbsp;&nbsp;cb_disp_custom
<LI><a href="#[82]">&gt;&gt;</a>&nbsp;&nbsp;&nbsp;cb_contrast_changed
<LI><a href="#[156]">&gt;&gt;</a>&nbsp;&nbsp;&nbsp;user_app_key_process
<LI><a href="#[127]">&gt;&gt;</a>&nbsp;&nbsp;&nbsp;user_app_comm_process
<LI><a href="#[160]">&gt;&gt;</a>&nbsp;&nbsp;&nbsp;menu_mgr_handle_key
<LI><a href="#[14d]">&gt;&gt;</a>&nbsp;&nbsp;&nbsp;xTaskCreateStatic
<LI><a href="#[16e]">&gt;&gt;</a>&nbsp;&nbsp;&nbsp;vPortFree
</UL>

<P><STRONG><a name="[10a]"></a>__aeabi_memclr4</STRONG> (Thumb, 0 bytes, Stack size 0 bytes, memseta.o(.text))
<BR><BR>[Called By]<UL><LI><a href="#[13b]">&gt;&gt;</a>&nbsp;&nbsp;&nbsp;display_mgr_set_remote
<LI><a href="#[138]">&gt;&gt;</a>&nbsp;&nbsp;&nbsp;display_mgr_rx_frame_seg
<LI><a href="#[12e]">&gt;&gt;</a>&nbsp;&nbsp;&nbsp;display_mgr_init
<LI><a href="#[109]">&gt;&gt;</a>&nbsp;&nbsp;&nbsp;app_ipc_send_debug_log
<LI><a href="#[175]">&gt;&gt;</a>&nbsp;&nbsp;&nbsp;sys_config_init
<LI><a href="#[172]">&gt;&gt;</a>&nbsp;&nbsp;&nbsp;ssd1306_init
<LI><a href="#[90]">&gt;&gt;</a>&nbsp;&nbsp;&nbsp;cb_mode_changed
<LI><a href="#[127]">&gt;&gt;</a>&nbsp;&nbsp;&nbsp;user_app_comm_process
<LI><a href="#[161]">&gt;&gt;</a>&nbsp;&nbsp;&nbsp;menu_mgr_init
<LI><a href="#[69]">&gt;&gt;</a>&nbsp;&nbsp;&nbsp;cmd_mode
</UL>

<P><STRONG><a name="[1a9]"></a>__aeabi_memclr8</STRONG> (Thumb, 0 bytes, Stack size 0 bytes, memseta.o(.text), UNUSED)

<P><STRONG><a name="[ab]"></a>_memset$wrapper</STRONG> (Thumb, 18 bytes, Stack size 8 bytes, memseta.o(.text), UNUSED)
<BR><BR>[Calls]<UL><LI><a href="#[aa]">&gt;&gt;</a>&nbsp;&nbsp;&nbsp;__aeabi_memset
</UL>

<P><STRONG><a name="[10b]"></a>strncpy</STRONG> (Thumb, 24 bytes, Stack size 8 bytes, strncpy.o(.text))
<BR><BR>[Stack]<UL><LI>Max Depth = 8<LI>Call Chain = strncpy
</UL>
<BR>[Called By]<UL><LI><a href="#[13c]">&gt;&gt;</a>&nbsp;&nbsp;&nbsp;display_mgr_set_text
<LI><a href="#[139]">&gt;&gt;</a>&nbsp;&nbsp;&nbsp;display_mgr_set_boot_text
<LI><a href="#[12e]">&gt;&gt;</a>&nbsp;&nbsp;&nbsp;display_mgr_init
<LI><a href="#[109]">&gt;&gt;</a>&nbsp;&nbsp;&nbsp;app_ipc_send_debug_log
<LI><a href="#[173]">&gt;&gt;</a>&nbsp;&nbsp;&nbsp;sys_config_set_boot_text
<LI><a href="#[9a]">&gt;&gt;</a>&nbsp;&nbsp;&nbsp;enter_key_func
</UL>

<P><STRONG><a name="[12a]"></a>strlen</STRONG> (Thumb, 14 bytes, Stack size 0 bytes, strlen.o(.text))
<BR><BR>[Called By]<UL><LI><a href="#[112]">&gt;&gt;</a>&nbsp;&nbsp;&nbsp;debug_printf
<LI><a href="#[11b]">&gt;&gt;</a>&nbsp;&nbsp;&nbsp;debug_console_write
<LI><a href="#[9c]">&gt;&gt;</a>&nbsp;&nbsp;&nbsp;up_key_func
<LI><a href="#[9b]">&gt;&gt;</a>&nbsp;&nbsp;&nbsp;tab_key_func
<LI><a href="#[9d]">&gt;&gt;</a>&nbsp;&nbsp;&nbsp;down_key_func
</UL>

<P><STRONG><a name="[115]"></a>strcmp</STRONG> (Thumb, 28 bytes, Stack size 8 bytes, strcmp.o(.text))
<BR><BR>[Stack]<UL><LI>Max Depth = 8<LI>Call Chain = strcmp
</UL>
<BR>[Called By]<UL><LI><a href="#[116]">&gt;&gt;</a>&nbsp;&nbsp;&nbsp;cli_cmds_init
<LI><a href="#[9b]">&gt;&gt;</a>&nbsp;&nbsp;&nbsp;tab_key_func
<LI><a href="#[9a]">&gt;&gt;</a>&nbsp;&nbsp;&nbsp;enter_key_func
<LI><a href="#[69]">&gt;&gt;</a>&nbsp;&nbsp;&nbsp;cmd_mode
<LI><a href="#[114]">&gt;&gt;</a>&nbsp;&nbsp;&nbsp;cli_cmd_register
</UL>

<P><STRONG><a name="[147]"></a>strcpy</STRONG> (Thumb, 18 bytes, Stack size 0 bytes, strcpy.o(.text))
<BR><BR>[Called By]<UL><LI><a href="#[9c]">&gt;&gt;</a>&nbsp;&nbsp;&nbsp;up_key_func
<LI><a href="#[9a]">&gt;&gt;</a>&nbsp;&nbsp;&nbsp;enter_key_func
<LI><a href="#[9d]">&gt;&gt;</a>&nbsp;&nbsp;&nbsp;down_key_func
</UL>

<P><STRONG><a name="[17b]"></a>strncmp</STRONG> (Thumb, 30 bytes, Stack size 12 bytes, strncmp.o(.text))
<BR><BR>[Stack]<UL><LI>Max Depth = 12<LI>Call Chain = strncmp
</UL>
<BR>[Called By]<UL><LI><a href="#[173]">&gt;&gt;</a>&nbsp;&nbsp;&nbsp;sys_config_set_boot_text
<LI><a href="#[9b]">&gt;&gt;</a>&nbsp;&nbsp;&nbsp;tab_key_func
</UL>

<P><STRONG><a name="[ac]"></a>__0sscanf</STRONG> (Thumb, 48 bytes, Stack size 72 bytes, __0sscanf.o(.text))
<BR><BR>[Stack]<UL><LI>Max Depth = 216<LI>Call Chain = __0sscanf &rArr; __vfscanf_char &rArr; __vfscanf &rArr; _scanf_int
</UL>
<BR>[Calls]<UL><LI><a href="#[ad]">&gt;&gt;</a>&nbsp;&nbsp;&nbsp;__vfscanf_char
</UL>
<BR>[Called By]<UL><LI><a href="#[67]">&gt;&gt;</a>&nbsp;&nbsp;&nbsp;cmd_rd
</UL>

<P><STRONG><a name="[ae]"></a>_scanf_int</STRONG> (Thumb, 332 bytes, Stack size 56 bytes, _scanf_int.o(.text))
<BR><BR>[Stack]<UL><LI>Max Depth = 56<LI>Call Chain = _scanf_int
</UL>
<BR>[Calls]<UL><LI><a href="#[af]">&gt;&gt;</a>&nbsp;&nbsp;&nbsp;_chval
</UL>
<BR>[Called By]<UL><LI><a href="#[b3]">&gt;&gt;</a>&nbsp;&nbsp;&nbsp;__vfscanf
</UL>

<P><STRONG><a name="[b0]"></a>atoi</STRONG> (Thumb, 26 bytes, Stack size 16 bytes, atoi.o(.text))
<BR><BR>[Stack]<UL><LI>Max Depth = 88<LI>Call Chain = atoi &rArr; strtol &rArr; _strtoul
</UL>
<BR>[Calls]<UL><LI><a href="#[b2]">&gt;&gt;</a>&nbsp;&nbsp;&nbsp;strtol
<LI><a href="#[b1]">&gt;&gt;</a>&nbsp;&nbsp;&nbsp;__aeabi_errno_addr
</UL>
<BR>[Called By]<UL><LI><a href="#[66]">&gt;&gt;</a>&nbsp;&nbsp;&nbsp;cmd_led
</UL>

<P><STRONG><a name="[1aa]"></a>__aeabi_uidiv</STRONG> (Thumb, 0 bytes, Stack size 12 bytes, uidiv.o(.text), UNUSED)

<P><STRONG><a name="[19e]"></a>__aeabi_uidivmod</STRONG> (Thumb, 44 bytes, Stack size 12 bytes, uidiv.o(.text), UNUSED)
<BR><BR>[Called By]<UL><LI><a href="#[199]">&gt;&gt;</a>&nbsp;&nbsp;&nbsp;_printf_core
</UL>

<P><STRONG><a name="[a8]"></a>__aeabi_llsl</STRONG> (Thumb, 30 bytes, Stack size 0 bytes, llshl.o(.text))
<BR><BR>[Called By]<UL><LI><a href="#[b8]">&gt;&gt;</a>&nbsp;&nbsp;&nbsp;_double_epilogue
<LI><a href="#[b6]">&gt;&gt;</a>&nbsp;&nbsp;&nbsp;__aeabi_dadd
<LI><a href="#[be]">&gt;&gt;</a>&nbsp;&nbsp;&nbsp;__aeabi_d2ulz
<LI><a href="#[a6]">&gt;&gt;</a>&nbsp;&nbsp;&nbsp;__aeabi_uldivmod
</UL>

<P><STRONG><a name="[1ab]"></a>_ll_shift_l</STRONG> (Thumb, 0 bytes, Stack size 0 bytes, llshl.o(.text), UNUSED)

<P><STRONG><a name="[a7]"></a>__aeabi_llsr</STRONG> (Thumb, 32 bytes, Stack size 0 bytes, llushr.o(.text))
<BR><BR>[Called By]<UL><LI><a href="#[b8]">&gt;&gt;</a>&nbsp;&nbsp;&nbsp;_double_epilogue
<LI><a href="#[be]">&gt;&gt;</a>&nbsp;&nbsp;&nbsp;__aeabi_d2ulz
<LI><a href="#[a6]">&gt;&gt;</a>&nbsp;&nbsp;&nbsp;__aeabi_uldivmod
</UL>

<P><STRONG><a name="[1ac]"></a>_ll_ushift_r</STRONG> (Thumb, 0 bytes, Stack size 0 bytes, llushr.o(.text), UNUSED)

<P><STRONG><a name="[af]"></a>_chval</STRONG> (Thumb, 28 bytes, Stack size 0 bytes, _chval.o(.text))
<BR><BR>[Called By]<UL><LI><a href="#[ae]">&gt;&gt;</a>&nbsp;&nbsp;&nbsp;_scanf_int
<LI><a href="#[b5]">&gt;&gt;</a>&nbsp;&nbsp;&nbsp;_strtoul
</UL>

<P><STRONG><a name="[ad]"></a>__vfscanf_char</STRONG> (Thumb, 20 bytes, Stack size 0 bytes, scanf_char.o(.text))
<BR><BR>[Stack]<UL><LI>Max Depth = 144<LI>Call Chain = __vfscanf_char &rArr; __vfscanf &rArr; _scanf_int
</UL>
<BR>[Calls]<UL><LI><a href="#[b3]">&gt;&gt;</a>&nbsp;&nbsp;&nbsp;__vfscanf
</UL>
<BR>[Called By]<UL><LI><a href="#[ac]">&gt;&gt;</a>&nbsp;&nbsp;&nbsp;__0sscanf
</UL>

<P><STRONG><a name="[5e]"></a>_sgetc</STRONG> (Thumb, 30 bytes, Stack size 0 bytes, _sgetc.o(.text))
<BR>[Address Reference Count : 1]<UL><LI> __0sscanf.o(.text)
</UL>
<P><STRONG><a name="[5f]"></a>_sbackspace</STRONG> (Thumb, 34 bytes, Stack size 0 bytes, _sgetc.o(.text))
<BR>[Address Reference Count : 1]<UL><LI> __0sscanf.o(.text)
</UL>
<P><STRONG><a name="[b2]"></a>strtol</STRONG> (Thumb, 112 bytes, Stack size 32 bytes, strtol.o(.text))
<BR><BR>[Stack]<UL><LI>Max Depth = 72<LI>Call Chain = strtol &rArr; _strtoul
</UL>
<BR>[Calls]<UL><LI><a href="#[b1]">&gt;&gt;</a>&nbsp;&nbsp;&nbsp;__aeabi_errno_addr
<LI><a href="#[b5]">&gt;&gt;</a>&nbsp;&nbsp;&nbsp;_strtoul
<LI><a href="#[b4]">&gt;&gt;</a>&nbsp;&nbsp;&nbsp;__rt_ctype_table
</UL>
<BR>[Called By]<UL><LI><a href="#[b0]">&gt;&gt;</a>&nbsp;&nbsp;&nbsp;atoi
</UL>

<P><STRONG><a name="[1ad]"></a>__I$use$fp</STRONG> (Thumb, 0 bytes, Stack size 48 bytes, iusefp.o(.text), UNUSED)

<P><STRONG><a name="[b6]"></a>__aeabi_dadd</STRONG> (Thumb, 322 bytes, Stack size 48 bytes, dadd.o(.text), UNUSED)
<BR><BR>[Calls]<UL><LI><a href="#[b7]">&gt;&gt;</a>&nbsp;&nbsp;&nbsp;__aeabi_lasr
<LI><a href="#[b9]">&gt;&gt;</a>&nbsp;&nbsp;&nbsp;_double_round
<LI><a href="#[b8]">&gt;&gt;</a>&nbsp;&nbsp;&nbsp;_double_epilogue
<LI><a href="#[a8]">&gt;&gt;</a>&nbsp;&nbsp;&nbsp;__aeabi_llsl
</UL>
<BR>[Called By]<UL><LI><a href="#[bb]">&gt;&gt;</a>&nbsp;&nbsp;&nbsp;__aeabi_drsub
<LI><a href="#[ba]">&gt;&gt;</a>&nbsp;&nbsp;&nbsp;__aeabi_dsub
<LI><a href="#[19a]">&gt;&gt;</a>&nbsp;&nbsp;&nbsp;_fp_digits
</UL>

<P><STRONG><a name="[ba]"></a>__aeabi_dsub</STRONG> (Thumb, 6 bytes, Stack size 0 bytes, dadd.o(.text), UNUSED)
<BR><BR>[Calls]<UL><LI><a href="#[b6]">&gt;&gt;</a>&nbsp;&nbsp;&nbsp;__aeabi_dadd
</UL>

<P><STRONG><a name="[bb]"></a>__aeabi_drsub</STRONG> (Thumb, 6 bytes, Stack size 0 bytes, dadd.o(.text), UNUSED)
<BR><BR>[Calls]<UL><LI><a href="#[b6]">&gt;&gt;</a>&nbsp;&nbsp;&nbsp;__aeabi_dadd
</UL>

<P><STRONG><a name="[bc]"></a>__aeabi_dmul</STRONG> (Thumb, 228 bytes, Stack size 48 bytes, dmul.o(.text), UNUSED)
<BR><BR>[Calls]<UL><LI><a href="#[b8]">&gt;&gt;</a>&nbsp;&nbsp;&nbsp;_double_epilogue
</UL>
<BR>[Called By]<UL><LI><a href="#[19a]">&gt;&gt;</a>&nbsp;&nbsp;&nbsp;_fp_digits
</UL>

<P><STRONG><a name="[bd]"></a>__aeabi_ddiv</STRONG> (Thumb, 222 bytes, Stack size 32 bytes, ddiv.o(.text), UNUSED)
<BR><BR>[Calls]<UL><LI><a href="#[b9]">&gt;&gt;</a>&nbsp;&nbsp;&nbsp;_double_round
</UL>
<BR>[Called By]<UL><LI><a href="#[19a]">&gt;&gt;</a>&nbsp;&nbsp;&nbsp;_fp_digits
</UL>

<P><STRONG><a name="[be]"></a>__aeabi_d2ulz</STRONG> (Thumb, 48 bytes, Stack size 0 bytes, dfixul.o(.text), UNUSED)
<BR><BR>[Calls]<UL><LI><a href="#[a7]">&gt;&gt;</a>&nbsp;&nbsp;&nbsp;__aeabi_llsr
<LI><a href="#[a8]">&gt;&gt;</a>&nbsp;&nbsp;&nbsp;__aeabi_llsl
</UL>
<BR>[Called By]<UL><LI><a href="#[19a]">&gt;&gt;</a>&nbsp;&nbsp;&nbsp;_fp_digits
</UL>

<P><STRONG><a name="[19b]"></a>__aeabi_cdrcmple</STRONG> (Thumb, 48 bytes, Stack size 0 bytes, cdrcmple.o(.text), UNUSED)
<BR><BR>[Called By]<UL><LI><a href="#[19a]">&gt;&gt;</a>&nbsp;&nbsp;&nbsp;_fp_digits
</UL>

<P><STRONG><a name="[a5]"></a>__scatterload</STRONG> (Thumb, 28 bytes, Stack size 0 bytes, init.o(.text))
<BR><BR>[Calls]<UL><LI><a href="#[bf]">&gt;&gt;</a>&nbsp;&nbsp;&nbsp;__main_after_scatterload
</UL>
<BR>[Called By]<UL><LI><a href="#[a4]">&gt;&gt;</a>&nbsp;&nbsp;&nbsp;_main_scatterload
</UL>

<P><STRONG><a name="[1ae]"></a>__scatterload_rt2</STRONG> (Thumb, 0 bytes, Stack size 0 bytes, init.o(.text), UNUSED)

<P><STRONG><a name="[b7]"></a>__aeabi_lasr</STRONG> (Thumb, 36 bytes, Stack size 0 bytes, llsshr.o(.text), UNUSED)
<BR><BR>[Called By]<UL><LI><a href="#[b6]">&gt;&gt;</a>&nbsp;&nbsp;&nbsp;__aeabi_dadd
</UL>

<P><STRONG><a name="[1af]"></a>_ll_sshift_r</STRONG> (Thumb, 0 bytes, Stack size 0 bytes, llsshr.o(.text), UNUSED)

<P><STRONG><a name="[b4]"></a>__rt_ctype_table</STRONG> (Thumb, 4 bytes, Stack size 0 bytes, ctype_o.o(.text))
<BR><BR>[Called By]<UL><LI><a href="#[b2]">&gt;&gt;</a>&nbsp;&nbsp;&nbsp;strtol
<LI><a href="#[61]">&gt;&gt;</a>&nbsp;&nbsp;&nbsp;isspace
</UL>

<P><STRONG><a name="[61]"></a>isspace</STRONG> (Thumb, 18 bytes, Stack size 8 bytes, isspace_o.o(.text))
<BR><BR>[Stack]<UL><LI>Max Depth = 8<LI>Call Chain = isspace
</UL>
<BR>[Calls]<UL><LI><a href="#[b4]">&gt;&gt;</a>&nbsp;&nbsp;&nbsp;__rt_ctype_table
</UL>
<BR>[Address Reference Count : 1]<UL><LI> scanf_char.o(.text)
</UL>
<P><STRONG><a name="[b3]"></a>__vfscanf</STRONG> (Thumb, 808 bytes, Stack size 88 bytes, _scanf.o(.text))
<BR><BR>[Stack]<UL><LI>Max Depth = 144<LI>Call Chain = __vfscanf &rArr; _scanf_int
</UL>
<BR>[Calls]<UL><LI><a href="#[ae]">&gt;&gt;</a>&nbsp;&nbsp;&nbsp;_scanf_int
</UL>
<BR>[Called By]<UL><LI><a href="#[ad]">&gt;&gt;</a>&nbsp;&nbsp;&nbsp;__vfscanf_char
</UL>

<P><STRONG><a name="[b5]"></a>_strtoul</STRONG> (Thumb, 158 bytes, Stack size 40 bytes, _strtoul.o(.text))
<BR><BR>[Stack]<UL><LI>Max Depth = 40<LI>Call Chain = _strtoul
</UL>
<BR>[Calls]<UL><LI><a href="#[af]">&gt;&gt;</a>&nbsp;&nbsp;&nbsp;_chval
<LI><a href="#[b1]">&gt;&gt;</a>&nbsp;&nbsp;&nbsp;__aeabi_errno_addr
</UL>
<BR>[Called By]<UL><LI><a href="#[b2]">&gt;&gt;</a>&nbsp;&nbsp;&nbsp;strtol
</UL>

<P><STRONG><a name="[b9]"></a>_double_round</STRONG> (Thumb, 30 bytes, Stack size 8 bytes, depilogue.o(.text), UNUSED)
<BR><BR>[Called By]<UL><LI><a href="#[b8]">&gt;&gt;</a>&nbsp;&nbsp;&nbsp;_double_epilogue
<LI><a href="#[bd]">&gt;&gt;</a>&nbsp;&nbsp;&nbsp;__aeabi_ddiv
<LI><a href="#[b6]">&gt;&gt;</a>&nbsp;&nbsp;&nbsp;__aeabi_dadd
</UL>

<P><STRONG><a name="[b8]"></a>_double_epilogue</STRONG> (Thumb, 156 bytes, Stack size 32 bytes, depilogue.o(.text), UNUSED)
<BR><BR>[Calls]<UL><LI><a href="#[b9]">&gt;&gt;</a>&nbsp;&nbsp;&nbsp;_double_round
<LI><a href="#[a7]">&gt;&gt;</a>&nbsp;&nbsp;&nbsp;__aeabi_llsr
<LI><a href="#[a8]">&gt;&gt;</a>&nbsp;&nbsp;&nbsp;__aeabi_llsl
</UL>
<BR>[Called By]<UL><LI><a href="#[bc]">&gt;&gt;</a>&nbsp;&nbsp;&nbsp;__aeabi_dmul
<LI><a href="#[b6]">&gt;&gt;</a>&nbsp;&nbsp;&nbsp;__aeabi_dadd
</UL>

<P><STRONG><a name="[1b0]"></a>__decompress</STRONG> (Thumb, 0 bytes, Stack size unknown bytes, __dczerorl2.o(.text), UNUSED)

<P><STRONG><a name="[1b1]"></a>__decompress1</STRONG> (Thumb, 86 bytes, Stack size unknown bytes, __dczerorl2.o(.text), UNUSED)

<P><STRONG><a name="[4]"></a>BusFault_Handler</STRONG> (Thumb, 2 bytes, Stack size 0 bytes, stm32f4xx_it.o(.text.BusFault_Handler))
<BR><BR>[Calls]<UL><LI><a href="#[4]">&gt;&gt;</a>&nbsp;&nbsp;&nbsp;BusFault_Handler
</UL>
<BR>[Called By]<UL><LI><a href="#[4]">&gt;&gt;</a>&nbsp;&nbsp;&nbsp;BusFault_Handler
</UL>
<BR>[Address Reference Count : 1]<UL><LI> startup_stm32f407xx.o(RESET)
</UL>
<P><STRONG><a name="[7]"></a>DebugMon_Handler</STRONG> (Thumb, 2 bytes, Stack size 0 bytes, stm32f4xx_it.o(.text.DebugMon_Handler))
<BR>[Address Reference Count : 1]<UL><LI> startup_stm32f407xx.o(RESET)
</UL>
<P><STRONG><a name="[f9]"></a>Error_Handler</STRONG> (Thumb, 6 bytes, Stack size 0 bytes, main.o(.text.Error_Handler))
<BR><BR>[Called By]<UL><LI><a href="#[fc]">&gt;&gt;</a>&nbsp;&nbsp;&nbsp;MX_USART2_UART_Init
<LI><a href="#[fb]">&gt;&gt;</a>&nbsp;&nbsp;&nbsp;MX_USART1_UART_Init
<LI><a href="#[fa]">&gt;&gt;</a>&nbsp;&nbsp;&nbsp;MX_IWDG_Init
<LI><a href="#[f8]">&gt;&gt;</a>&nbsp;&nbsp;&nbsp;MX_I2C2_Init
</UL>

<P><STRONG><a name="[c0]"></a>FLASH_WaitForLastOperation</STRONG> (Thumb, 250 bytes, Stack size 24 bytes, stm32f4xx_hal_flash.o(.text.FLASH_WaitForLastOperation))
<BR><BR>[Stack]<UL><LI>Max Depth = 24<LI>Call Chain = FLASH_WaitForLastOperation
</UL>
<BR>[Calls]<UL><LI><a href="#[c1]">&gt;&gt;</a>&nbsp;&nbsp;&nbsp;HAL_GetTick
</UL>
<BR>[Called By]<UL><LI><a href="#[c4]">&gt;&gt;</a>&nbsp;&nbsp;&nbsp;HAL_FLASHEx_Erase
<LI><a href="#[c5]">&gt;&gt;</a>&nbsp;&nbsp;&nbsp;HAL_FLASH_Program
</UL>

<P><STRONG><a name="[c2]"></a>HAL_DMA_Abort</STRONG> (Thumb, 130 bytes, Stack size 16 bytes, stm32f4xx_hal_dma.o(.text.HAL_DMA_Abort))
<BR><BR>[Stack]<UL><LI>Max Depth = 16<LI>Call Chain = HAL_DMA_Abort
</UL>
<BR>[Calls]<UL><LI><a href="#[c1]">&gt;&gt;</a>&nbsp;&nbsp;&nbsp;HAL_GetTick
</UL>
<BR>[Called By]<UL><LI><a href="#[e4]">&gt;&gt;</a>&nbsp;&nbsp;&nbsp;HAL_UART_IRQHandler
</UL>

<P><STRONG><a name="[e8]"></a>HAL_DMA_Abort_IT</STRONG> (Thumb, 36 bytes, Stack size 0 bytes, stm32f4xx_hal_dma.o(.text.HAL_DMA_Abort_IT))
<BR><BR>[Called By]<UL><LI><a href="#[e4]">&gt;&gt;</a>&nbsp;&nbsp;&nbsp;HAL_UART_IRQHandler
</UL>

<P><STRONG><a name="[c3]"></a>HAL_Delay</STRONG> (Thumb, 40 bytes, Stack size 16 bytes, stm32f4xx_hal.o(.text.HAL_Delay))
<BR><BR>[Stack]<UL><LI>Max Depth = 16<LI>Call Chain = HAL_Delay
</UL>
<BR>[Calls]<UL><LI><a href="#[c1]">&gt;&gt;</a>&nbsp;&nbsp;&nbsp;HAL_GetTick
</UL>
<BR>[Called By]<UL><LI><a href="#[17c]">&gt;&gt;</a>&nbsp;&nbsp;&nbsp;sys_tick_delay_ms
<LI><a href="#[172]">&gt;&gt;</a>&nbsp;&nbsp;&nbsp;ssd1306_init
</UL>

<P><STRONG><a name="[c4]"></a>HAL_FLASHEx_Erase</STRONG> (Thumb, 366 bytes, Stack size 32 bytes, stm32f4xx_hal_flash_ex.o(.text.HAL_FLASHEx_Erase))
<BR><BR>[Stack]<UL><LI>Max Depth = 56<LI>Call Chain = HAL_FLASHEx_Erase &rArr; FLASH_WaitForLastOperation
</UL>
<BR>[Calls]<UL><LI><a href="#[c0]">&gt;&gt;</a>&nbsp;&nbsp;&nbsp;FLASH_WaitForLastOperation
</UL>
<BR>[Called By]<UL><LI><a href="#[177]">&gt;&gt;</a>&nbsp;&nbsp;&nbsp;sys_config_save
</UL>

<P><STRONG><a name="[17a]"></a>HAL_FLASH_Lock</STRONG> (Thumb, 20 bytes, Stack size 0 bytes, stm32f4xx_hal_flash.o(.text.HAL_FLASH_Lock))
<BR><BR>[Called By]<UL><LI><a href="#[177]">&gt;&gt;</a>&nbsp;&nbsp;&nbsp;sys_config_save
</UL>

<P><STRONG><a name="[c5]"></a>HAL_FLASH_Program</STRONG> (Thumb, 268 bytes, Stack size 32 bytes, stm32f4xx_hal_flash.o(.text.HAL_FLASH_Program))
<BR><BR>[Stack]<UL><LI>Max Depth = 56<LI>Call Chain = HAL_FLASH_Program &rArr; FLASH_WaitForLastOperation
</UL>
<BR>[Calls]<UL><LI><a href="#[c0]">&gt;&gt;</a>&nbsp;&nbsp;&nbsp;FLASH_WaitForLastOperation
</UL>
<BR>[Called By]<UL><LI><a href="#[177]">&gt;&gt;</a>&nbsp;&nbsp;&nbsp;sys_config_save
</UL>

<P><STRONG><a name="[179]"></a>HAL_FLASH_Unlock</STRONG> (Thumb, 46 bytes, Stack size 0 bytes, stm32f4xx_hal_flash.o(.text.HAL_FLASH_Unlock))
<BR><BR>[Called By]<UL><LI><a href="#[177]">&gt;&gt;</a>&nbsp;&nbsp;&nbsp;sys_config_save
</UL>

<P><STRONG><a name="[cb]"></a>HAL_GPIO_Init</STRONG> (Thumb, 444 bytes, Stack size 44 bytes, stm32f4xx_hal_gpio.o(.text.HAL_GPIO_Init))
<BR><BR>[Stack]<UL><LI>Max Depth = 44<LI>Call Chain = HAL_GPIO_Init
</UL>
<BR>[Called By]<UL><LI><a href="#[ed]">&gt;&gt;</a>&nbsp;&nbsp;&nbsp;HAL_UART_MspInit
<LI><a href="#[c7]">&gt;&gt;</a>&nbsp;&nbsp;&nbsp;HAL_I2C_MspInit
<LI><a href="#[f6]">&gt;&gt;</a>&nbsp;&nbsp;&nbsp;MX_GPIO_Init
</UL>

<P><STRONG><a name="[155]"></a>HAL_GPIO_ReadPin</STRONG> (Thumb, 10 bytes, Stack size 0 bytes, stm32f4xx_hal_gpio.o(.text.HAL_GPIO_ReadPin))
<BR><BR>[Called By]<UL><LI><a href="#[154]">&gt;&gt;</a>&nbsp;&nbsp;&nbsp;key_drv_scan
</UL>

<P><STRONG><a name="[f7]"></a>HAL_GPIO_WritePin</STRONG> (Thumb, 10 bytes, Stack size 0 bytes, stm32f4xx_hal_gpio.o(.text.HAL_GPIO_WritePin))
<BR><BR>[Called By]<UL><LI><a href="#[f6]">&gt;&gt;</a>&nbsp;&nbsp;&nbsp;MX_GPIO_Init
<LI><a href="#[159]">&gt;&gt;</a>&nbsp;&nbsp;&nbsp;led_mgr_tick
<LI><a href="#[158]">&gt;&gt;</a>&nbsp;&nbsp;&nbsp;led_mgr_set_state
<LI><a href="#[157]">&gt;&gt;</a>&nbsp;&nbsp;&nbsp;led_mgr_init
</UL>

<P><STRONG><a name="[c1]"></a>HAL_GetTick</STRONG> (Thumb, 12 bytes, Stack size 0 bytes, stm32f4xx_hal.o(.text.HAL_GetTick))
<BR><BR>[Called By]<UL><LI><a href="#[cc]">&gt;&gt;</a>&nbsp;&nbsp;&nbsp;HAL_IWDG_Init
<LI><a href="#[d8]">&gt;&gt;</a>&nbsp;&nbsp;&nbsp;HAL_RCC_OscConfig
<LI><a href="#[d6]">&gt;&gt;</a>&nbsp;&nbsp;&nbsp;HAL_RCC_ClockConfig
<LI><a href="#[c0]">&gt;&gt;</a>&nbsp;&nbsp;&nbsp;FLASH_WaitForLastOperation
<LI><a href="#[c9]">&gt;&gt;</a>&nbsp;&nbsp;&nbsp;HAL_I2C_Mem_Write
<LI><a href="#[ca]">&gt;&gt;</a>&nbsp;&nbsp;&nbsp;I2C_RequestMemoryWrite
<LI><a href="#[c3]">&gt;&gt;</a>&nbsp;&nbsp;&nbsp;HAL_Delay
<LI><a href="#[c2]">&gt;&gt;</a>&nbsp;&nbsp;&nbsp;HAL_DMA_Abort
<LI><a href="#[f4]">&gt;&gt;</a>&nbsp;&nbsp;&nbsp;HAL_UART_Transmit
<LI><a href="#[f5]">&gt;&gt;</a>&nbsp;&nbsp;&nbsp;UART_WaitOnFlagUntilTimeout
<LI><a href="#[121]">&gt;&gt;</a>&nbsp;&nbsp;&nbsp;sys_tick_ms
<LI><a href="#[165]">&gt;&gt;</a>&nbsp;&nbsp;&nbsp;proto_feed_byte
<LI><a href="#[154]">&gt;&gt;</a>&nbsp;&nbsp;&nbsp;key_drv_scan
</UL>

<P><STRONG><a name="[c6]"></a>HAL_I2C_Init</STRONG> (Thumb, 418 bytes, Stack size 16 bytes, stm32f4xx_hal_i2c.o(.text.HAL_I2C_Init))
<BR><BR>[Stack]<UL><LI>Max Depth = 100<LI>Call Chain = HAL_I2C_Init &rArr; HAL_I2C_MspInit &rArr; HAL_GPIO_Init
</UL>
<BR>[Calls]<UL><LI><a href="#[c7]">&gt;&gt;</a>&nbsp;&nbsp;&nbsp;HAL_I2C_MspInit
<LI><a href="#[c8]">&gt;&gt;</a>&nbsp;&nbsp;&nbsp;HAL_RCC_GetPCLK1Freq
</UL>
<BR>[Called By]<UL><LI><a href="#[f8]">&gt;&gt;</a>&nbsp;&nbsp;&nbsp;MX_I2C2_Init
</UL>

<P><STRONG><a name="[c9]"></a>HAL_I2C_Mem_Write</STRONG> (Thumb, 470 bytes, Stack size 40 bytes, stm32f4xx_hal_i2c.o(.text.HAL_I2C_Mem_Write))
<BR><BR>[Stack]<UL><LI>Max Depth = 80<LI>Call Chain = HAL_I2C_Mem_Write &rArr; I2C_RequestMemoryWrite
</UL>
<BR>[Calls]<UL><LI><a href="#[c1]">&gt;&gt;</a>&nbsp;&nbsp;&nbsp;HAL_GetTick
<LI><a href="#[ca]">&gt;&gt;</a>&nbsp;&nbsp;&nbsp;I2C_RequestMemoryWrite
</UL>
<BR>[Called By]<UL><LI><a href="#[151]">&gt;&gt;</a>&nbsp;&nbsp;&nbsp;i2c_drv_write_reg
</UL>

<P><STRONG><a name="[c7]"></a>HAL_I2C_MspInit</STRONG> (Thumb, 116 bytes, Stack size 40 bytes, i2c.o(.text.HAL_I2C_MspInit))
<BR><BR>[Stack]<UL><LI>Max Depth = 84<LI>Call Chain = HAL_I2C_MspInit &rArr; HAL_GPIO_Init
</UL>
<BR>[Calls]<UL><LI><a href="#[cb]">&gt;&gt;</a>&nbsp;&nbsp;&nbsp;HAL_GPIO_Init
</UL>
<BR>[Called By]<UL><LI><a href="#[c6]">&gt;&gt;</a>&nbsp;&nbsp;&nbsp;HAL_I2C_Init
</UL>

<P><STRONG><a name="[cc]"></a>HAL_IWDG_Init</STRONG> (Thumb, 90 bytes, Stack size 16 bytes, stm32f4xx_hal_iwdg.o(.text.HAL_IWDG_Init))
<BR><BR>[Stack]<UL><LI>Max Depth = 16<LI>Call Chain = HAL_IWDG_Init
</UL>
<BR>[Calls]<UL><LI><a href="#[c1]">&gt;&gt;</a>&nbsp;&nbsp;&nbsp;HAL_GetTick
</UL>
<BR>[Called By]<UL><LI><a href="#[fa]">&gt;&gt;</a>&nbsp;&nbsp;&nbsp;MX_IWDG_Init
</UL>

<P><STRONG><a name="[153]"></a>HAL_IWDG_Refresh</STRONG> (Thumb, 12 bytes, Stack size 0 bytes, stm32f4xx_hal_iwdg.o(.text.HAL_IWDG_Refresh))
<BR><BR>[Called By]<UL><LI><a href="#[152]">&gt;&gt;</a>&nbsp;&nbsp;&nbsp;iwdg_drv_feed
</UL>

<P><STRONG><a name="[e3]"></a>HAL_IncTick</STRONG> (Thumb, 26 bytes, Stack size 0 bytes, stm32f4xx_hal.o(.text.HAL_IncTick))
<BR><BR>[Called By]<UL><LI><a href="#[e1]">&gt;&gt;</a>&nbsp;&nbsp;&nbsp;HAL_TIM_PeriodElapsedCallback
</UL>

<P><STRONG><a name="[cd]"></a>HAL_Init</STRONG> (Thumb, 54 bytes, Stack size 8 bytes, stm32f4xx_hal.o(.text.HAL_Init))
<BR><BR>[Stack]<UL><LI>Max Depth = 64<LI>Call Chain = HAL_Init &rArr; HAL_InitTick &rArr; HAL_TIM_Base_Init &rArr; TIM_Base_SetConfig
</UL>
<BR>[Calls]<UL><LI><a href="#[d0]">&gt;&gt;</a>&nbsp;&nbsp;&nbsp;HAL_MspInit
<LI><a href="#[cf]">&gt;&gt;</a>&nbsp;&nbsp;&nbsp;HAL_InitTick
<LI><a href="#[ce]">&gt;&gt;</a>&nbsp;&nbsp;&nbsp;HAL_NVIC_SetPriorityGrouping
</UL>
<BR>[Called By]<UL><LI><a href="#[5b]">&gt;&gt;</a>&nbsp;&nbsp;&nbsp;main
</UL>

<P><STRONG><a name="[cf]"></a>HAL_InitTick</STRONG> (Thumb, 176 bytes, Stack size 40 bytes, stm32f4xx_hal_timebase_tim.o(.text.HAL_InitTick))
<BR><BR>[Stack]<UL><LI>Max Depth = 56<LI>Call Chain = HAL_InitTick &rArr; HAL_TIM_Base_Init &rArr; TIM_Base_SetConfig
</UL>
<BR>[Calls]<UL><LI><a href="#[d5]">&gt;&gt;</a>&nbsp;&nbsp;&nbsp;HAL_NVIC_SetPriority
<LI><a href="#[d4]">&gt;&gt;</a>&nbsp;&nbsp;&nbsp;HAL_NVIC_EnableIRQ
<LI><a href="#[d3]">&gt;&gt;</a>&nbsp;&nbsp;&nbsp;HAL_TIM_Base_Start_IT
<LI><a href="#[d2]">&gt;&gt;</a>&nbsp;&nbsp;&nbsp;HAL_TIM_Base_Init
<LI><a href="#[c8]">&gt;&gt;</a>&nbsp;&nbsp;&nbsp;HAL_RCC_GetPCLK1Freq
<LI><a href="#[d1]">&gt;&gt;</a>&nbsp;&nbsp;&nbsp;HAL_RCC_GetClockConfig
</UL>
<BR>[Called By]<UL><LI><a href="#[d6]">&gt;&gt;</a>&nbsp;&nbsp;&nbsp;HAL_RCC_ClockConfig
<LI><a href="#[cd]">&gt;&gt;</a>&nbsp;&nbsp;&nbsp;HAL_Init
</UL>

<P><STRONG><a name="[d0]"></a>HAL_MspInit</STRONG> (Thumb, 56 bytes, Stack size 8 bytes, stm32f4xx_hal_msp.o(.text.HAL_MspInit))
<BR><BR>[Stack]<UL><LI>Max Depth = 8<LI>Call Chain = HAL_MspInit
</UL>
<BR>[Called By]<UL><LI><a href="#[cd]">&gt;&gt;</a>&nbsp;&nbsp;&nbsp;HAL_Init
</UL>

<P><STRONG><a name="[d4]"></a>HAL_NVIC_EnableIRQ</STRONG> (Thumb, 32 bytes, Stack size 0 bytes, stm32f4xx_hal_cortex.o(.text.HAL_NVIC_EnableIRQ))
<BR><BR>[Called By]<UL><LI><a href="#[ed]">&gt;&gt;</a>&nbsp;&nbsp;&nbsp;HAL_UART_MspInit
<LI><a href="#[cf]">&gt;&gt;</a>&nbsp;&nbsp;&nbsp;HAL_InitTick
</UL>

<P><STRONG><a name="[d5]"></a>HAL_NVIC_SetPriority</STRONG> (Thumb, 86 bytes, Stack size 8 bytes, stm32f4xx_hal_cortex.o(.text.HAL_NVIC_SetPriority))
<BR><BR>[Stack]<UL><LI>Max Depth = 8<LI>Call Chain = HAL_NVIC_SetPriority
</UL>
<BR>[Called By]<UL><LI><a href="#[ed]">&gt;&gt;</a>&nbsp;&nbsp;&nbsp;HAL_UART_MspInit
<LI><a href="#[cf]">&gt;&gt;</a>&nbsp;&nbsp;&nbsp;HAL_InitTick
</UL>

<P><STRONG><a name="[ce]"></a>HAL_NVIC_SetPriorityGrouping</STRONG> (Thumb, 32 bytes, Stack size 0 bytes, stm32f4xx_hal_cortex.o(.text.HAL_NVIC_SetPriorityGrouping))
<BR><BR>[Called By]<UL><LI><a href="#[cd]">&gt;&gt;</a>&nbsp;&nbsp;&nbsp;HAL_Init
</UL>

<P><STRONG><a name="[d6]"></a>HAL_RCC_ClockConfig</STRONG> (Thumb, 354 bytes, Stack size 24 bytes, stm32f4xx_hal_rcc.o(.text.HAL_RCC_ClockConfig))
<BR><BR>[Stack]<UL><LI>Max Depth = 80<LI>Call Chain = HAL_RCC_ClockConfig &rArr; HAL_InitTick &rArr; HAL_TIM_Base_Init &rArr; TIM_Base_SetConfig
</UL>
<BR>[Calls]<UL><LI><a href="#[cf]">&gt;&gt;</a>&nbsp;&nbsp;&nbsp;HAL_InitTick
<LI><a href="#[d7]">&gt;&gt;</a>&nbsp;&nbsp;&nbsp;HAL_RCC_GetSysClockFreq
<LI><a href="#[c1]">&gt;&gt;</a>&nbsp;&nbsp;&nbsp;HAL_GetTick
</UL>
<BR>[Called By]<UL><LI><a href="#[fe]">&gt;&gt;</a>&nbsp;&nbsp;&nbsp;SystemClock_Config
</UL>

<P><STRONG><a name="[d1]"></a>HAL_RCC_GetClockConfig</STRONG> (Thumb, 62 bytes, Stack size 0 bytes, stm32f4xx_hal_rcc.o(.text.HAL_RCC_GetClockConfig))
<BR><BR>[Called By]<UL><LI><a href="#[cf]">&gt;&gt;</a>&nbsp;&nbsp;&nbsp;HAL_InitTick
</UL>

<P><STRONG><a name="[c8]"></a>HAL_RCC_GetPCLK1Freq</STRONG> (Thumb, 38 bytes, Stack size 0 bytes, stm32f4xx_hal_rcc.o(.text.HAL_RCC_GetPCLK1Freq))
<BR><BR>[Called By]<UL><LI><a href="#[c6]">&gt;&gt;</a>&nbsp;&nbsp;&nbsp;HAL_I2C_Init
<LI><a href="#[cf]">&gt;&gt;</a>&nbsp;&nbsp;&nbsp;HAL_InitTick
<LI><a href="#[ee]">&gt;&gt;</a>&nbsp;&nbsp;&nbsp;UART_SetConfig
</UL>

<P><STRONG><a name="[100]"></a>HAL_RCC_GetPCLK2Freq</STRONG> (Thumb, 38 bytes, Stack size 0 bytes, stm32f4xx_hal_rcc.o(.text.HAL_RCC_GetPCLK2Freq))
<BR><BR>[Called By]<UL><LI><a href="#[ee]">&gt;&gt;</a>&nbsp;&nbsp;&nbsp;UART_SetConfig
</UL>

<P><STRONG><a name="[d7]"></a>HAL_RCC_GetSysClockFreq</STRONG> (Thumb, 106 bytes, Stack size 8 bytes, stm32f4xx_hal_rcc.o(.text.HAL_RCC_GetSysClockFreq))
<BR><BR>[Stack]<UL><LI>Max Depth = 48<LI>Call Chain = HAL_RCC_GetSysClockFreq &rArr; __aeabi_uldivmod
</UL>
<BR>[Calls]<UL><LI><a href="#[a6]">&gt;&gt;</a>&nbsp;&nbsp;&nbsp;__aeabi_uldivmod
</UL>
<BR>[Called By]<UL><LI><a href="#[d6]">&gt;&gt;</a>&nbsp;&nbsp;&nbsp;HAL_RCC_ClockConfig
</UL>

<P><STRONG><a name="[d8]"></a>HAL_RCC_OscConfig</STRONG> (Thumb, 858 bytes, Stack size 32 bytes, stm32f4xx_hal_rcc.o(.text.HAL_RCC_OscConfig))
<BR><BR>[Stack]<UL><LI>Max Depth = 32<LI>Call Chain = HAL_RCC_OscConfig
</UL>
<BR>[Calls]<UL><LI><a href="#[c1]">&gt;&gt;</a>&nbsp;&nbsp;&nbsp;HAL_GetTick
</UL>
<BR>[Called By]<UL><LI><a href="#[fe]">&gt;&gt;</a>&nbsp;&nbsp;&nbsp;SystemClock_Config
</UL>

<P><STRONG><a name="[e2]"></a>HAL_TIMEx_BreakCallback</STRONG> (Thumb, 2 bytes, Stack size 0 bytes, stm32f4xx_hal_tim_ex.o(.text.HAL_TIMEx_BreakCallback))
<BR><BR>[Called By]<UL><LI><a href="#[db]">&gt;&gt;</a>&nbsp;&nbsp;&nbsp;HAL_TIM_IRQHandler
</UL>

<P><STRONG><a name="[dd]"></a>HAL_TIMEx_CommutCallback</STRONG> (Thumb, 2 bytes, Stack size 0 bytes, stm32f4xx_hal_tim_ex.o(.text.HAL_TIMEx_CommutCallback))
<BR><BR>[Called By]<UL><LI><a href="#[db]">&gt;&gt;</a>&nbsp;&nbsp;&nbsp;HAL_TIM_IRQHandler
</UL>

<P><STRONG><a name="[d2]"></a>HAL_TIM_Base_Init</STRONG> (Thumb, 90 bytes, Stack size 8 bytes, stm32f4xx_hal_tim.o(.text.HAL_TIM_Base_Init))
<BR><BR>[Stack]<UL><LI>Max Depth = 16<LI>Call Chain = HAL_TIM_Base_Init &rArr; TIM_Base_SetConfig
</UL>
<BR>[Calls]<UL><LI><a href="#[da]">&gt;&gt;</a>&nbsp;&nbsp;&nbsp;TIM_Base_SetConfig
<LI><a href="#[d9]">&gt;&gt;</a>&nbsp;&nbsp;&nbsp;HAL_TIM_Base_MspInit
</UL>
<BR>[Called By]<UL><LI><a href="#[cf]">&gt;&gt;</a>&nbsp;&nbsp;&nbsp;HAL_InitTick
</UL>

<P><STRONG><a name="[d9]"></a>HAL_TIM_Base_MspInit</STRONG> (Thumb, 2 bytes, Stack size 0 bytes, stm32f4xx_hal_tim.o(.text.HAL_TIM_Base_MspInit))
<BR><BR>[Called By]<UL><LI><a href="#[d2]">&gt;&gt;</a>&nbsp;&nbsp;&nbsp;HAL_TIM_Base_Init
</UL>

<P><STRONG><a name="[d3]"></a>HAL_TIM_Base_Start_IT</STRONG> (Thumb, 176 bytes, Stack size 0 bytes, stm32f4xx_hal_tim.o(.text.HAL_TIM_Base_Start_IT))
<BR><BR>[Called By]<UL><LI><a href="#[cf]">&gt;&gt;</a>&nbsp;&nbsp;&nbsp;HAL_InitTick
</UL>

<P><STRONG><a name="[de]"></a>HAL_TIM_IC_CaptureCallback</STRONG> (Thumb, 2 bytes, Stack size 0 bytes, stm32f4xx_hal_tim.o(.text.HAL_TIM_IC_CaptureCallback))
<BR><BR>[Called By]<UL><LI><a href="#[db]">&gt;&gt;</a>&nbsp;&nbsp;&nbsp;HAL_TIM_IRQHandler
</UL>

<P><STRONG><a name="[db]"></a>HAL_TIM_IRQHandler</STRONG> (Thumb, 310 bytes, Stack size 16 bytes, stm32f4xx_hal_tim.o(.text.HAL_TIM_IRQHandler))
<BR><BR>[Stack]<UL><LI>Max Depth = 16<LI>Call Chain = HAL_TIM_IRQHandler
</UL>
<BR>[Calls]<UL><LI><a href="#[e1]">&gt;&gt;</a>&nbsp;&nbsp;&nbsp;HAL_TIM_PeriodElapsedCallback
<LI><a href="#[dc]">&gt;&gt;</a>&nbsp;&nbsp;&nbsp;HAL_TIM_TriggerCallback
<LI><a href="#[e0]">&gt;&gt;</a>&nbsp;&nbsp;&nbsp;HAL_TIM_PWM_PulseFinishedCallback
<LI><a href="#[df]">&gt;&gt;</a>&nbsp;&nbsp;&nbsp;HAL_TIM_OC_DelayElapsedCallback
<LI><a href="#[de]">&gt;&gt;</a>&nbsp;&nbsp;&nbsp;HAL_TIM_IC_CaptureCallback
<LI><a href="#[dd]">&gt;&gt;</a>&nbsp;&nbsp;&nbsp;HAL_TIMEx_CommutCallback
<LI><a href="#[e2]">&gt;&gt;</a>&nbsp;&nbsp;&nbsp;HAL_TIMEx_BreakCallback
</UL>
<BR>[Called By]<UL><LI><a href="#[40]">&gt;&gt;</a>&nbsp;&nbsp;&nbsp;TIM6_DAC_IRQHandler
</UL>

<P><STRONG><a name="[df]"></a>HAL_TIM_OC_DelayElapsedCallback</STRONG> (Thumb, 2 bytes, Stack size 0 bytes, stm32f4xx_hal_tim.o(.text.HAL_TIM_OC_DelayElapsedCallback))
<BR><BR>[Called By]<UL><LI><a href="#[db]">&gt;&gt;</a>&nbsp;&nbsp;&nbsp;HAL_TIM_IRQHandler
</UL>

<P><STRONG><a name="[e0]"></a>HAL_TIM_PWM_PulseFinishedCallback</STRONG> (Thumb, 2 bytes, Stack size 0 bytes, stm32f4xx_hal_tim.o(.text.HAL_TIM_PWM_PulseFinishedCallback))
<BR><BR>[Called By]<UL><LI><a href="#[db]">&gt;&gt;</a>&nbsp;&nbsp;&nbsp;HAL_TIM_IRQHandler
</UL>

<P><STRONG><a name="[e1]"></a>HAL_TIM_PeriodElapsedCallback</STRONG> (Thumb, 20 bytes, Stack size 0 bytes, main.o(.text.HAL_TIM_PeriodElapsedCallback))
<BR><BR>[Calls]<UL><LI><a href="#[e3]">&gt;&gt;</a>&nbsp;&nbsp;&nbsp;HAL_IncTick
</UL>
<BR>[Called By]<UL><LI><a href="#[db]">&gt;&gt;</a>&nbsp;&nbsp;&nbsp;HAL_TIM_IRQHandler
</UL>

<P><STRONG><a name="[dc]"></a>HAL_TIM_TriggerCallback</STRONG> (Thumb, 2 bytes, Stack size 0 bytes, stm32f4xx_hal_tim.o(.text.HAL_TIM_TriggerCallback))
<BR><BR>[Called By]<UL><LI><a href="#[db]">&gt;&gt;</a>&nbsp;&nbsp;&nbsp;HAL_TIM_IRQHandler
</UL>

<P><STRONG><a name="[ea]"></a>HAL_UARTEx_RxEventCallback</STRONG> (Thumb, 2 bytes, Stack size 0 bytes, stm32f4xx_hal_uart.o(.text.HAL_UARTEx_RxEventCallback))
<BR><BR>[Called By]<UL><LI><a href="#[e4]">&gt;&gt;</a>&nbsp;&nbsp;&nbsp;HAL_UART_IRQHandler
<LI><a href="#[e5]">&gt;&gt;</a>&nbsp;&nbsp;&nbsp;UART_Receive_IT
</UL>

<P><STRONG><a name="[eb]"></a>HAL_UART_ErrorCallback</STRONG> (Thumb, 2 bytes, Stack size 0 bytes, stm32f4xx_hal_uart.o(.text.HAL_UART_ErrorCallback))
<BR><BR>[Called By]<UL><LI><a href="#[e4]">&gt;&gt;</a>&nbsp;&nbsp;&nbsp;HAL_UART_IRQHandler
<LI><a href="#[62]">&gt;&gt;</a>&nbsp;&nbsp;&nbsp;UART_DMAAbortOnError
</UL>

<P><STRONG><a name="[e4]"></a>HAL_UART_IRQHandler</STRONG> (Thumb, 626 bytes, Stack size 24 bytes, stm32f4xx_hal_uart.o(.text.HAL_UART_IRQHandler))
<BR><BR>[Stack]<UL><LI>Max Depth = 68<LI>Call Chain = HAL_UART_IRQHandler &rArr; UART_Receive_IT &rArr; HAL_UART_RxCpltCallback &rArr; uart_drv_rx_callback &rArr; app_ipc_notify_comm_from_isr &rArr; vTaskGenericNotifyGiveFromISR
</UL>
<BR>[Calls]<UL><LI><a href="#[e8]">&gt;&gt;</a>&nbsp;&nbsp;&nbsp;HAL_DMA_Abort_IT
<LI><a href="#[c2]">&gt;&gt;</a>&nbsp;&nbsp;&nbsp;HAL_DMA_Abort
<LI><a href="#[eb]">&gt;&gt;</a>&nbsp;&nbsp;&nbsp;HAL_UART_ErrorCallback
<LI><a href="#[ea]">&gt;&gt;</a>&nbsp;&nbsp;&nbsp;HAL_UARTEx_RxEventCallback
<LI><a href="#[e9]">&gt;&gt;</a>&nbsp;&nbsp;&nbsp;UART_Transmit_IT
<LI><a href="#[e5]">&gt;&gt;</a>&nbsp;&nbsp;&nbsp;UART_Receive_IT
<LI><a href="#[e6]">&gt;&gt;</a>&nbsp;&nbsp;&nbsp;UART_EndTransmit_IT
<LI><a href="#[e7]">&gt;&gt;</a>&nbsp;&nbsp;&nbsp;UART_EndRxTransfer
</UL>
<BR>[Called By]<UL><LI><a href="#[30]">&gt;&gt;</a>&nbsp;&nbsp;&nbsp;USART2_IRQHandler
<LI><a href="#[2f]">&gt;&gt;</a>&nbsp;&nbsp;&nbsp;USART1_IRQHandler
</UL>

<P><STRONG><a name="[ec]"></a>HAL_UART_Init</STRONG> (Thumb, 96 bytes, Stack size 8 bytes, stm32f4xx_hal_uart.o(.text.HAL_UART_Init))
<BR><BR>[Stack]<UL><LI>Max Depth = 84<LI>Call Chain = HAL_UART_Init &rArr; HAL_UART_MspInit &rArr; HAL_GPIO_Init
</UL>
<BR>[Calls]<UL><LI><a href="#[ed]">&gt;&gt;</a>&nbsp;&nbsp;&nbsp;HAL_UART_MspInit
<LI><a href="#[ee]">&gt;&gt;</a>&nbsp;&nbsp;&nbsp;UART_SetConfig
</UL>
<BR>[Called By]<UL><LI><a href="#[fc]">&gt;&gt;</a>&nbsp;&nbsp;&nbsp;MX_USART2_UART_Init
<LI><a href="#[fb]">&gt;&gt;</a>&nbsp;&nbsp;&nbsp;MX_USART1_UART_Init
</UL>

<P><STRONG><a name="[ed]"></a>HAL_UART_MspInit</STRONG> (Thumb, 202 bytes, Stack size 32 bytes, usart.o(.text.HAL_UART_MspInit))
<BR><BR>[Stack]<UL><LI>Max Depth = 76<LI>Call Chain = HAL_UART_MspInit &rArr; HAL_GPIO_Init
</UL>
<BR>[Calls]<UL><LI><a href="#[d5]">&gt;&gt;</a>&nbsp;&nbsp;&nbsp;HAL_NVIC_SetPriority
<LI><a href="#[d4]">&gt;&gt;</a>&nbsp;&nbsp;&nbsp;HAL_NVIC_EnableIRQ
<LI><a href="#[cb]">&gt;&gt;</a>&nbsp;&nbsp;&nbsp;HAL_GPIO_Init
</UL>
<BR>[Called By]<UL><LI><a href="#[ec]">&gt;&gt;</a>&nbsp;&nbsp;&nbsp;HAL_UART_Init
</UL>

<P><STRONG><a name="[ef]"></a>HAL_UART_Receive_IT</STRONG> (Thumb, 44 bytes, Stack size 8 bytes, stm32f4xx_hal_uart.o(.text.HAL_UART_Receive_IT))
<BR><BR>[Stack]<UL><LI>Max Depth = 8<LI>Call Chain = HAL_UART_Receive_IT
</UL>
<BR>[Calls]<UL><LI><a href="#[f0]">&gt;&gt;</a>&nbsp;&nbsp;&nbsp;UART_Start_Receive_IT
</UL>
<BR>[Called By]<UL><LI><a href="#[f2]">&gt;&gt;</a>&nbsp;&nbsp;&nbsp;debug_console_rx_callback
<LI><a href="#[117]">&gt;&gt;</a>&nbsp;&nbsp;&nbsp;cli_init
<LI><a href="#[f3]">&gt;&gt;</a>&nbsp;&nbsp;&nbsp;uart_drv_rx_callback
<LI><a href="#[17d]">&gt;&gt;</a>&nbsp;&nbsp;&nbsp;uart_drv_init
</UL>

<P><STRONG><a name="[f1]"></a>HAL_UART_RxCpltCallback</STRONG> (Thumb, 52 bytes, Stack size 0 bytes, uart_drv.o(.text.HAL_UART_RxCpltCallback))
<BR><BR>[Stack]<UL><LI>Max Depth = 40<LI>Call Chain = HAL_UART_RxCpltCallback &rArr; uart_drv_rx_callback &rArr; app_ipc_notify_comm_from_isr &rArr; vTaskGenericNotifyGiveFromISR
</UL>
<BR>[Calls]<UL><LI><a href="#[f2]">&gt;&gt;</a>&nbsp;&nbsp;&nbsp;debug_console_rx_callback
<LI><a href="#[f3]">&gt;&gt;</a>&nbsp;&nbsp;&nbsp;uart_drv_rx_callback
</UL>
[...]
<LI><a href="#[138]">&gt;&gt;</a>&nbsp;&nbsp;&nbsp;display_mgr_rx_frame_seg
<LI><a href="#[137]">&gt;&gt;</a>&nbsp;&nbsp;&nbsp;display_mgr_redraw
<LI><a href="#[134]">&gt;&gt;</a>&nbsp;&nbsp;&nbsp;display_mgr_next_mode
<LI><a href="#[145]">&gt;&gt;</a>&nbsp;&nbsp;&nbsp;display_mgr_hide_disconnect
<LI><a href="#[12c]">&gt;&gt;</a>&nbsp;&nbsp;&nbsp;display_mgr_flush
<LI><a href="#[112]">&gt;&gt;</a>&nbsp;&nbsp;&nbsp;debug_printf
<LI><a href="#[146]">&gt;&gt;</a>&nbsp;&nbsp;&nbsp;menu_mgr_tick
<LI><a href="#[11c]">&gt;&gt;</a>&nbsp;&nbsp;&nbsp;xQueueReceive
<LI><a href="#[122]">&gt;&gt;</a>&nbsp;&nbsp;&nbsp;menu_mgr_is_active
<LI><a href="#[10e]">&gt;&gt;</a>&nbsp;&nbsp;&nbsp;app_ipc_send_proto_tx
<LI><a href="#[140]">&gt;&gt;</a>&nbsp;&nbsp;&nbsp;xTaskGetTickCount
<LI><a href="#[142]">&gt;&gt;</a>&nbsp;&nbsp;&nbsp;xTaskDelayUntil
<LI><a href="#[107]">&gt;&gt;</a>&nbsp;&nbsp;&nbsp;app_ipc_send_apply_result
</UL>
<BR>[Address Reference Count : 1]<UL><LI> freertos_app.o(.text.freertos_app_init)
</UL>
<P><STRONG><a name="[74]"></a>key_task</STRONG> (Thumb, 48 bytes, Stack size 8 bytes, freertos_app.o(.text.key_task))
<BR><BR>[Stack]<UL><LI>Max Depth = 756<LI>Call Chain = key_task &rArr; user_app_key_process &rArr; key_drv_scan &rArr; debug_printf &rArr; app_ipc_send_debug_log &rArr; xQueueGenericSend &rArr; xTaskResumeAll &rArr; xTaskIncrementTick
</UL>
<BR>[Calls]<UL><LI><a href="#[112]">&gt;&gt;</a>&nbsp;&nbsp;&nbsp;debug_printf
<LI><a href="#[156]">&gt;&gt;</a>&nbsp;&nbsp;&nbsp;user_app_key_process
<LI><a href="#[140]">&gt;&gt;</a>&nbsp;&nbsp;&nbsp;xTaskGetTickCount
<LI><a href="#[142]">&gt;&gt;</a>&nbsp;&nbsp;&nbsp;xTaskDelayUntil
</UL>
<BR>[Address Reference Count : 1]<UL><LI> freertos_app.o(.text.freertos_app_init)
</UL>
<P><STRONG><a name="[77]"></a>led_task</STRONG> (Thumb, 196 bytes, Stack size 16 bytes, freertos_app.o(.text.led_task))
<BR><BR>[Stack]<UL><LI>Max Depth = 444<LI>Call Chain = led_task &rArr; debug_printf &rArr; app_ipc_send_debug_log &rArr; xQueueGenericSend &rArr; xTaskResumeAll &rArr; xTaskIncrementTick
</UL>
<BR>[Calls]<UL><LI><a href="#[112]">&gt;&gt;</a>&nbsp;&nbsp;&nbsp;debug_printf
<LI><a href="#[159]">&gt;&gt;</a>&nbsp;&nbsp;&nbsp;led_mgr_tick
<LI><a href="#[158]">&gt;&gt;</a>&nbsp;&nbsp;&nbsp;led_mgr_set_state
<LI><a href="#[15a]">&gt;&gt;</a>&nbsp;&nbsp;&nbsp;led_mgr_get_state
<LI><a href="#[11c]">&gt;&gt;</a>&nbsp;&nbsp;&nbsp;xQueueReceive
<LI><a href="#[10e]">&gt;&gt;</a>&nbsp;&nbsp;&nbsp;app_ipc_send_proto_tx
<LI><a href="#[140]">&gt;&gt;</a>&nbsp;&nbsp;&nbsp;xTaskGetTickCount
<LI><a href="#[142]">&gt;&gt;</a>&nbsp;&nbsp;&nbsp;xTaskDelayUntil
<LI><a href="#[107]">&gt;&gt;</a>&nbsp;&nbsp;&nbsp;app_ipc_send_apply_result
</UL>
<BR>[Address Reference Count : 1]<UL><LI> freertos_app.o(.text.freertos_app_init)
</UL>
<P><STRONG><a name="[78]"></a>storage_task</STRONG> (Thumb, 124 bytes, Stack size 136 bytes, freertos_app.o(.text.storage_task))
<BR><BR>[Stack]<UL><LI>Max Depth = 564<LI>Call Chain = storage_task &rArr; debug_printf &rArr; app_ipc_send_debug_log &rArr; xQueueGenericSend &rArr; xTaskResumeAll &rArr; xTaskIncrementTick
</UL>
<BR>[Calls]<UL><LI><a href="#[112]">&gt;&gt;</a>&nbsp;&nbsp;&nbsp;debug_printf
<LI><a href="#[174]">&gt;&gt;</a>&nbsp;&nbsp;&nbsp;sys_config_set_poweron_type
<LI><a href="#[173]">&gt;&gt;</a>&nbsp;&nbsp;&nbsp;sys_config_set_boot_text
<LI><a href="#[11c]">&gt;&gt;</a>&nbsp;&nbsp;&nbsp;xQueueReceive
<LI><a href="#[107]">&gt;&gt;</a>&nbsp;&nbsp;&nbsp;app_ipc_send_apply_result
</UL>
<BR>[Address Reference Count : 1]<UL><LI> freertos_app.o(.text.freertos_app_init)
</UL>
<P><STRONG><a name="[64]"></a>cmd_clear</STRONG> (Thumb, 36 bytes, Stack size 8 bytes, cli_cmds.o(.text.cmd_clear))
<BR><BR>[Stack]<UL><LI>Max Depth = 192<LI>Call Chain = cmd_clear &rArr; shell_printf &rArr; shell_putc &rArr; HAL_UART_Transmit &rArr; UART_WaitOnFlagUntilTimeout
</UL>
<BR>[Calls]<UL><LI><a href="#[111]">&gt;&gt;</a>&nbsp;&nbsp;&nbsp;shell_printf
</UL>
<BR>[Address Reference Count : 1]<UL><LI> cli_cmds.o(.text.cli_cmds_init)
</UL>
<P><STRONG><a name="[6b]"></a>cmd_cli_info</STRONG> (Thumb, 204 bytes, Stack size 24 bytes, cli_cmds.o(.text.cmd_cli_info))
<BR><BR>[Stack]<UL><LI>Max Depth = 208<LI>Call Chain = cmd_cli_info &rArr; shell_printf &rArr; shell_putc &rArr; HAL_UART_Transmit &rArr; UART_WaitOnFlagUntilTimeout
</UL>
<BR>[Calls]<UL><LI><a href="#[111]">&gt;&gt;</a>&nbsp;&nbsp;&nbsp;shell_printf
</UL>
<BR>[Address Reference Count : 1]<UL><LI> cli_cmds.o(.text.cli_cmds_init)
</UL>
<P><STRONG><a name="[63]"></a>cmd_help</STRONG> (Thumb, 10 bytes, Stack size 8 bytes, cli_cmds.o(.text.cmd_help))
<BR><BR>[Stack]<UL><LI>Max Depth = 216<LI>Call Chain = cmd_help &rArr; show_all_cmds &rArr; shell_printf &rArr; shell_putc &rArr; HAL_UART_Transmit &rArr; UART_WaitOnFlagUntilTimeout
</UL>
<BR>[Calls]<UL><LI><a href="#[120]">&gt;&gt;</a>&nbsp;&nbsp;&nbsp;show_all_cmds
</UL>
<BR>[Address Reference Count : 1]<UL><LI> cli_cmds.o(.text.cli_cmds_init)
</UL>
<P><STRONG><a name="[65]"></a>cmd_info</STRONG> (Thumb, 296 bytes, Stack size 8 bytes, cli_cmds.o(.text.cmd_info))
<BR><BR>[Stack]<UL><LI>Max Depth = 192<LI>Call Chain = cmd_info &rArr; shell_printf &rArr; shell_putc &rArr; HAL_UART_Transmit &rArr; UART_WaitOnFlagUntilTimeout
</UL>
<BR>[Calls]<UL><LI><a href="#[124]">&gt;&gt;</a>&nbsp;&nbsp;&nbsp;display_mgr_is_remote
<LI><a href="#[123]">&gt;&gt;</a>&nbsp;&nbsp;&nbsp;display_mgr_get_sub_mode
<LI><a href="#[121]">&gt;&gt;</a>&nbsp;&nbsp;&nbsp;sys_tick_ms
<LI><a href="#[122]">&gt;&gt;</a>&nbsp;&nbsp;&nbsp;menu_mgr_is_active
<LI><a href="#[111]">&gt;&gt;</a>&nbsp;&nbsp;&nbsp;shell_printf
</UL>
<BR>[Address Reference Count : 1]<UL><LI> cli_cmds.o(.text.cli_cmds_init)
</UL>
<P><STRONG><a name="[66]"></a>cmd_led</STRONG> (Thumb, 220 bytes, Stack size 24 bytes, cli_cmds.o(.text.cmd_led))
<BR><BR>[Stack]<UL><LI>Max Depth = 208<LI>Call Chain = cmd_led &rArr; shell_printf &rArr; shell_putc &rArr; HAL_UART_Transmit &rArr; UART_WaitOnFlagUntilTimeout
</UL>
<BR>[Calls]<UL><LI><a href="#[10d]">&gt;&gt;</a>&nbsp;&nbsp;&nbsp;app_ipc_send_led_cmd
<LI><a href="#[111]">&gt;&gt;</a>&nbsp;&nbsp;&nbsp;shell_printf
<LI><a href="#[b0]">&gt;&gt;</a>&nbsp;&nbsp;&nbsp;atoi
</UL>
<BR>[Address Reference Count : 1]<UL><LI> cli_cmds.o(.text.cli_cmds_init)
</UL>
<P><STRONG><a name="[69]"></a>cmd_mode</STRONG> (Thumb, 284 bytes, Stack size 272 bytes, cli_cmds.o(.text.cmd_mode))
<BR><BR>[Stack]<UL><LI>Max Depth = 456<LI>Call Chain = cmd_mode &rArr; shell_printf &rArr; shell_putc &rArr; HAL_UART_Transmit &rArr; UART_WaitOnFlagUntilTimeout
</UL>
<BR>[Calls]<UL><LI><a href="#[124]">&gt;&gt;</a>&nbsp;&nbsp;&nbsp;display_mgr_is_remote
<LI><a href="#[123]">&gt;&gt;</a>&nbsp;&nbsp;&nbsp;display_mgr_get_sub_mode
<LI><a href="#[10c]">&gt;&gt;</a>&nbsp;&nbsp;&nbsp;app_ipc_send_disp_cmd
<LI><a href="#[111]">&gt;&gt;</a>&nbsp;&nbsp;&nbsp;shell_printf
<LI><a href="#[115]">&gt;&gt;</a>&nbsp;&nbsp;&nbsp;strcmp
<LI><a href="#[10a]">&gt;&gt;</a>&nbsp;&nbsp;&nbsp;__aeabi_memclr4
</UL>
<BR>[Address Reference Count : 1]<UL><LI> cli_cmds.o(.text.cli_cmds_init)
</UL>
<P><STRONG><a name="[67]"></a>cmd_rd</STRONG> (Thumb, 600 bytes, Stack size 48 bytes, cli_cmds.o(.text.cmd_rd))
<BR><BR>[Stack]<UL><LI>Max Depth = 264<LI>Call Chain = cmd_rd &rArr; __0sscanf &rArr; __vfscanf_char &rArr; __vfscanf &rArr; _scanf_int
</UL>
<BR>[Calls]<UL><LI><a href="#[111]">&gt;&gt;</a>&nbsp;&nbsp;&nbsp;shell_printf
<LI><a href="#[ac]">&gt;&gt;</a>&nbsp;&nbsp;&nbsp;__0sscanf
</UL>
<BR>[Address Reference Count : 1]<UL><LI> cli_cmds.o(.text.cli_cmds_init)
</UL>
<P><STRONG><a name="[68]"></a>cmd_reboot</STRONG> (Thumb, 32 bytes, Stack size 8 bytes, cli_cmds.o(.text.cmd_reboot))
<BR><BR>[Stack]<UL><LI>Max Depth = 192<LI>Call Chain = cmd_reboot &rArr; shell_printf &rArr; shell_putc &rArr; HAL_UART_Transmit &rArr; UART_WaitOnFlagUntilTimeout
</UL>
<BR>[Calls]<UL><LI><a href="#[113]">&gt;&gt;</a>&nbsp;&nbsp;&nbsp;sys_config_reset
<LI><a href="#[111]">&gt;&gt;</a>&nbsp;&nbsp;&nbsp;shell_printf
</UL>
<BR>[Address Reference Count : 1]<UL><LI> cli_cmds.o(.text.cli_cmds_init)
</UL>
<P><STRONG><a name="[6a]"></a>cmd_update</STRONG> (Thumb, 144 bytes, Stack size 8 bytes, cli_cmds.o(.text.cmd_update))
<BR><BR>[Stack]<UL><LI>Max Depth = 192<LI>Call Chain = cmd_update &rArr; shell_printf &rArr; shell_putc &rArr; HAL_UART_Transmit &rArr; UART_WaitOnFlagUntilTimeout
</UL>
<BR>[Calls]<UL><LI><a href="#[113]">&gt;&gt;</a>&nbsp;&nbsp;&nbsp;sys_config_reset
<LI><a href="#[101]">&gt;&gt;</a>&nbsp;&nbsp;&nbsp;app_fw_info_set_ota_request
<LI><a href="#[111]">&gt;&gt;</a>&nbsp;&nbsp;&nbsp;shell_printf
</UL>
<BR>[Address Reference Count : 1]<UL><LI> cli_cmds.o(.text.cli_cmds_init)
</UL>
<P><STRONG><a name="[a0]"></a>backspace_key_func</STRONG> (Thumb, 140 bytes, Stack size 16 bytes, nr_micro_shell_core.o(.text.backspace_key_func))
<BR><BR>[Stack]<UL><LI>Max Depth = 200<LI>Call Chain = backspace_key_func &rArr; shell_printf &rArr; shell_putc &rArr; HAL_UART_Transmit &rArr; UART_WaitOnFlagUntilTimeout
</UL>
<BR>[Calls]<UL><LI><a href="#[111]">&gt;&gt;</a>&nbsp;&nbsp;&nbsp;shell_printf
</UL>
<BR>[Address Reference Count : 1]<UL><LI> nr_micro_shell_core.o(.rodata.key_funcs)
</UL>
<P><STRONG><a name="[a1]"></a>delete_key_func</STRONG> (Thumb, 132 bytes, Stack size 16 bytes, nr_micro_shell_core.o(.text.delete_key_func))
<BR><BR>[Stack]<UL><LI>Max Depth = 200<LI>Call Chain = delete_key_func &rArr; shell_printf &rArr; shell_putc &rArr; HAL_UART_Transmit &rArr; UART_WaitOnFlagUntilTimeout
</UL>
<BR>[Calls]<UL><LI><a href="#[111]">&gt;&gt;</a>&nbsp;&nbsp;&nbsp;shell_printf
</UL>
<BR>[Address Reference Count : 1]<UL><LI> nr_micro_shell_core.o(.rodata.key_funcs)
</UL>
<P><STRONG><a name="[9d]"></a>down_key_func</STRONG> (Thumb, 134 bytes, Stack size 16 bytes, nr_micro_shell_core.o(.text.down_key_func))
<BR><BR>[Stack]<UL><LI>Max Depth = 200<LI>Call Chain = down_key_func &rArr; shell_printf &rArr; shell_putc &rArr; HAL_UART_Transmit &rArr; UART_WaitOnFlagUntilTimeout
</UL>
<BR>[Calls]<UL><LI><a href="#[111]">&gt;&gt;</a>&nbsp;&nbsp;&nbsp;shell_printf
<LI><a href="#[147]">&gt;&gt;</a>&nbsp;&nbsp;&nbsp;strcpy
<LI><a href="#[12a]">&gt;&gt;</a>&nbsp;&nbsp;&nbsp;strlen
</UL>
<BR>[Address Reference Count : 1]<UL><LI> nr_micro_shell_core.o(.rodata.key_funcs)
</UL>
<P><STRONG><a name="[9a]"></a>enter_key_func</STRONG> (Thumb, 504 bytes, Stack size 144 bytes, nr_micro_shell_core.o(.text.enter_key_func))
<BR><BR>[Stack]<UL><LI>Max Depth = 328<LI>Call Chain = enter_key_func &rArr; shell_printf &rArr; shell_putc &rArr; HAL_UART_Transmit &rArr; UART_WaitOnFlagUntilTimeout
</UL>
<BR>[Calls]<UL><LI><a href="#[111]">&gt;&gt;</a>&nbsp;&nbsp;&nbsp;shell_printf
<LI><a href="#[147]">&gt;&gt;</a>&nbsp;&nbsp;&nbsp;strcpy
<LI><a href="#[115]">&gt;&gt;</a>&nbsp;&nbsp;&nbsp;strcmp
<LI><a href="#[10b]">&gt;&gt;</a>&nbsp;&nbsp;&nbsp;strncpy
</UL>
<BR>[Address Reference Count : 1]<UL><LI> nr_micro_shell_core.o(.rodata.key_funcs)
</UL>
<P><STRONG><a name="[9e]"></a>left_key_func</STRONG> (Thumb, 24 bytes, Stack size 8 bytes, nr_micro_shell_core.o(.text.left_key_func))
<BR><BR>[Stack]<UL><LI>Max Depth = 192<LI>Call Chain = left_key_func &rArr; shell_printf &rArr; shell_putc &rArr; HAL_UART_Transmit &rArr; UART_WaitOnFlagUntilTimeout
</UL>
<BR>[Calls]<UL><LI><a href="#[111]">&gt;&gt;</a>&nbsp;&nbsp;&nbsp;shell_printf
</UL>
<BR>[Address Reference Count : 1]<UL><LI> nr_micro_shell_core.o(.rodata.key_funcs)
</UL>
<P><STRONG><a name="[99]"></a>normal_key_func</STRONG> (Thumb, 184 bytes, Stack size 16 bytes, nr_micro_shell_core.o(.text.normal_key_func))
<BR><BR>[Stack]<UL><LI>Max Depth = 200<LI>Call Chain = normal_key_func &rArr; shell_printf &rArr; shell_putc &rArr; HAL_UART_Transmit &rArr; UART_WaitOnFlagUntilTimeout
</UL>
<BR>[Calls]<UL><LI><a href="#[162]">&gt;&gt;</a>&nbsp;&nbsp;&nbsp;shell_putc
<LI><a href="#[111]">&gt;&gt;</a>&nbsp;&nbsp;&nbsp;shell_printf
</UL>
<BR>[Address Reference Count : 1]<UL><LI> nr_micro_shell_core.o(.rodata.key_funcs)
</UL>
<P><STRONG><a name="[9f]"></a>right_key_func</STRONG> (Thumb, 28 bytes, Stack size 8 bytes, nr_micro_shell_core.o(.text.right_key_func))
<BR><BR>[Stack]<UL><LI>Max Depth = 192<LI>Call Chain = right_key_func &rArr; shell_printf &rArr; shell_putc &rArr; HAL_UART_Transmit &rArr; UART_WaitOnFlagUntilTimeout
</UL>
<BR>[Calls]<UL><LI><a href="#[111]">&gt;&gt;</a>&nbsp;&nbsp;&nbsp;shell_printf
</UL>
<BR>[Address Reference Count : 1]<UL><LI> nr_micro_shell_core.o(.rodata.key_funcs)
</UL>
<P><STRONG><a name="[9b]"></a>tab_key_func</STRONG> (Thumb, 904 bytes, Stack size 56 bytes, nr_micro_shell_core.o(.text.tab_key_func))
<BR><BR>[Stack]<UL><LI>Max Depth = 240<LI>Call Chain = tab_key_func &rArr; shell_printf &rArr; shell_putc &rArr; HAL_UART_Transmit &rArr; UART_WaitOnFlagUntilTimeout
</UL>
<BR>[Calls]<UL><LI><a href="#[111]">&gt;&gt;</a>&nbsp;&nbsp;&nbsp;shell_printf
<LI><a href="#[17b]">&gt;&gt;</a>&nbsp;&nbsp;&nbsp;strncmp
<LI><a href="#[115]">&gt;&gt;</a>&nbsp;&nbsp;&nbsp;strcmp
<LI><a href="#[12a]">&gt;&gt;</a>&nbsp;&nbsp;&nbsp;strlen
<LI><a href="#[14b]">&gt;&gt;</a>&nbsp;&nbsp;&nbsp;__aeabi_memmove
<LI><a href="#[131]">&gt;&gt;</a>&nbsp;&nbsp;&nbsp;__aeabi_memcpy
</UL>
<BR>[Address Reference Count : 1]<UL><LI> nr_micro_shell_core.o(.rodata.key_funcs)
</UL>
<P><STRONG><a name="[a2]"></a>unknown_key_func</STRONG> (Thumb, 4 bytes, Stack size 0 bytes, nr_micro_shell_core.o(.text.unknown_key_func))
<BR>[Address Reference Count : 1]<UL><LI> nr_micro_shell_core.o(.rodata.key_funcs)
</UL>
<P><STRONG><a name="[9c]"></a>up_key_func</STRONG> (Thumb, 154 bytes, Stack size 16 bytes, nr_micro_shell_core.o(.text.up_key_func))
<BR><BR>[Stack]<UL><LI>Max Depth = 200<LI>Call Chain = up_key_func &rArr; shell_printf &rArr; shell_putc &rArr; HAL_UART_Transmit &rArr; UART_WaitOnFlagUntilTimeout
</UL>
<BR>[Calls]<UL><LI><a href="#[111]">&gt;&gt;</a>&nbsp;&nbsp;&nbsp;shell_printf
<LI><a href="#[147]">&gt;&gt;</a>&nbsp;&nbsp;&nbsp;strcpy
<LI><a href="#[12a]">&gt;&gt;</a>&nbsp;&nbsp;&nbsp;strlen
</UL>
<BR>[Address Reference Count : 1]<UL><LI> nr_micro_shell_core.o(.rodata.key_funcs)
</UL>
<P><STRONG><a name="[190]"></a>prvPortStartFirstTask</STRONG> (Thumb, 40 bytes, Stack size 0 bytes, port_1.o(.text.prvPortStartFirstTask))
<BR><BR>[Called By]<UL><LI><a href="#[18b]">&gt;&gt;</a>&nbsp;&nbsp;&nbsp;xPortStartScheduler
</UL>

<P><STRONG><a name="[7b]"></a>prvTaskExitError</STRONG> (Thumb, 62 bytes, Stack size 4 bytes, port_1.o(.text.prvTaskExitError))
<BR><BR>[Stack]<UL><LI>Max Depth = 4<LI>Call Chain = prvTaskExitError
</UL>
<BR>[Address Reference Count : 1]<UL><LI> port_1.o(.text.pxPortInitialiseStack)
</UL>
<P><STRONG><a name="[18f]"></a>vPortEnableVFP</STRONG> (Thumb, 20 bytes, Stack size 0 bytes, port_1.o(.text.vPortEnableVFP))
<BR><BR>[Called By]<UL><LI><a href="#[18b]">&gt;&gt;</a>&nbsp;&nbsp;&nbsp;xPortStartScheduler
</UL>

<P><STRONG><a name="[16f]"></a>prvUnlockQueue</STRONG> (Thumb, 116 bytes, Stack size 24 bytes, queue.o(.text.prvUnlockQueue))
<BR><BR>[Stack]<UL><LI>Max Depth = 40<LI>Call Chain = prvUnlockQueue &rArr; xTaskRemoveFromEventList
</UL>
<BR>[Calls]<UL><LI><a href="#[16c]">&gt;&gt;</a>&nbsp;&nbsp;&nbsp;vPortExitCritical
<LI><a href="#[16a]">&gt;&gt;</a>&nbsp;&nbsp;&nbsp;vPortEnterCritical
<LI><a href="#[170]">&gt;&gt;</a>&nbsp;&nbsp;&nbsp;xTaskRemoveFromEventList
<LI><a href="#[171]">&gt;&gt;</a>&nbsp;&nbsp;&nbsp;vTaskMissedYield
</UL>
<BR>[Called By]<UL><LI><a href="#[11c]">&gt;&gt;</a>&nbsp;&nbsp;&nbsp;xQueueReceive
<LI><a href="#[108]">&gt;&gt;</a>&nbsp;&nbsp;&nbsp;xQueueGenericSend
</UL>

<P><STRONG><a name="[166]"></a>prvAddCurrentTaskToDelayedList</STRONG> (Thumb, 170 bytes, Stack size 32 bytes, tasks.o(.text.prvAddCurrentTaskToDelayedList))
<BR><BR>[Stack]<UL><LI>Max Depth = 40<LI>Call Chain = prvAddCurrentTaskToDelayedList &rArr; vListInsert
</UL>
<BR>[Calls]<UL><LI><a href="#[168]">&gt;&gt;</a>&nbsp;&nbsp;&nbsp;vListInsert
<LI><a href="#[167]">&gt;&gt;</a>&nbsp;&nbsp;&nbsp;uxListRemove
</UL>
<BR>[Called By]<UL><LI><a href="#[125]">&gt;&gt;</a>&nbsp;&nbsp;&nbsp;ulTaskGenericNotifyTake
<LI><a href="#[18a]">&gt;&gt;</a>&nbsp;&nbsp;&nbsp;vTaskPlaceOnEventList
</UL>

<P><STRONG><a name="[169]"></a>prvAddNewTaskToReadyList</STRONG> (Thumb, 352 bytes, Stack size 32 bytes, tasks.o(.text.prvAddNewTaskToReadyList))
<BR><BR>[Stack]<UL><LI>Max Depth = 32<LI>Call Chain = prvAddNewTaskToReadyList
</UL>
<BR>[Calls]<UL><LI><a href="#[16c]">&gt;&gt;</a>&nbsp;&nbsp;&nbsp;vPortExitCritical
<LI><a href="#[16a]">&gt;&gt;</a>&nbsp;&nbsp;&nbsp;vPortEnterCritical
<LI><a href="#[16b]">&gt;&gt;</a>&nbsp;&nbsp;&nbsp;vListInitialise
</UL>
<BR>[Called By]<UL><LI><a href="#[14d]">&gt;&gt;</a>&nbsp;&nbsp;&nbsp;xTaskCreateStatic
</UL>

<P><STRONG><a name="[16d]"></a>prvCheckTasksWaitingTermination</STRONG> (Thumb, 122 bytes, Stack size 24 bytes, tasks.o(.text.prvCheckTasksWaitingTermination))
<BR><BR>[Stack]<UL><LI>Max Depth = 116<LI>Call Chain = prvCheckTasksWaitingTermination &rArr; vPortFree &rArr; xTaskResumeAll &rArr; xTaskIncrementTick
</UL>
<BR>[Calls]<UL><LI><a href="#[16c]">&gt;&gt;</a>&nbsp;&nbsp;&nbsp;vPortExitCritical
<LI><a href="#[16a]">&gt;&gt;</a>&nbsp;&nbsp;&nbsp;vPortEnterCritical
<LI><a href="#[167]">&gt;&gt;</a>&nbsp;&nbsp;&nbsp;uxListRemove
<LI><a href="#[16e]">&gt;&gt;</a>&nbsp;&nbsp;&nbsp;vPortFree
</UL>
<BR>[Called By]<UL><LI><a href="#[7c]">&gt;&gt;</a>&nbsp;&nbsp;&nbsp;prvIdleTask
</UL>

<P><STRONG><a name="[7c]"></a>prvIdleTask</STRONG> (Thumb, 42 bytes, Stack size 0 bytes, tasks.o(.text.prvIdleTask))
<BR><BR>[Stack]<UL><LI>Max Depth = 116<LI>Call Chain = prvIdleTask &rArr; prvCheckTasksWaitingTermination &rArr; vPortFree &rArr; xTaskResumeAll &rArr; xTaskIncrementTick
</UL>
<BR>[Calls]<UL><LI><a href="#[16d]">&gt;&gt;</a>&nbsp;&nbsp;&nbsp;prvCheckTasksWaitingTermination
</UL>
<BR>[Address Reference Count : 1]<UL><LI> tasks.o(.text.vTaskStartScheduler)
</UL>
<P><STRONG><a name="[19a]"></a>_fp_digits</STRONG> (Thumb, 366 bytes, Stack size 64 bytes, printfa.o(i._fp_digits), UNUSED)
<BR><BR>[Calls]<UL><LI><a href="#[bc]">&gt;&gt;</a>&nbsp;&nbsp;&nbsp;__aeabi_dmul
<LI><a href="#[bd]">&gt;&gt;</a>&nbsp;&nbsp;&nbsp;__aeabi_ddiv
<LI><a href="#[b6]">&gt;&gt;</a>&nbsp;&nbsp;&nbsp;__aeabi_dadd
<LI><a href="#[be]">&gt;&gt;</a>&nbsp;&nbsp;&nbsp;__aeabi_d2ulz
<LI><a href="#[19b]">&gt;&gt;</a>&nbsp;&nbsp;&nbsp;__aeabi_cdrcmple
<LI><a href="#[a6]">&gt;&gt;</a>&nbsp;&nbsp;&nbsp;__aeabi_uldivmod
</UL>
<BR>[Called By]<UL><LI><a href="#[199]">&gt;&gt;</a>&nbsp;&nbsp;&nbsp;_printf_core
</UL>

<P><STRONG><a name="[199]"></a>_printf_core</STRONG> (Thumb, 1744 bytes, Stack size 136 bytes, printfa.o(i._printf_core), UNUSED)
<BR><BR>[Calls]<UL><LI><a href="#[19e]">&gt;&gt;</a>&nbsp;&nbsp;&nbsp;__aeabi_uidivmod
<LI><a href="#[19c]">&gt;&gt;</a>&nbsp;&nbsp;&nbsp;_printf_pre_padding
<LI><a href="#[19d]">&gt;&gt;</a>&nbsp;&nbsp;&nbsp;_printf_post_padding
<LI><a href="#[19a]">&gt;&gt;</a>&nbsp;&nbsp;&nbsp;_fp_digits
<LI><a href="#[a6]">&gt;&gt;</a>&nbsp;&nbsp;&nbsp;__aeabi_uldivmod
</UL>
<BR>[Called By]<UL><LI><a href="#[198]">&gt;&gt;</a>&nbsp;&nbsp;&nbsp;__0vsnprintf
</UL>

<P><STRONG><a name="[19d]"></a>_printf_post_padding</STRONG> (Thumb, 36 bytes, Stack size 24 bytes, printfa.o(i._printf_post_padding), UNUSED)
<BR><BR>[Called By]<UL><LI><a href="#[199]">&gt;&gt;</a>&nbsp;&nbsp;&nbsp;_printf_core
</UL>

<P><STRONG><a name="[19c]"></a>_printf_pre_padding</STRONG> (Thumb, 46 bytes, Stack size 24 bytes, printfa.o(i._printf_pre_padding), UNUSED)
<BR><BR>[Called By]<UL><LI><a href="#[199]">&gt;&gt;</a>&nbsp;&nbsp;&nbsp;_printf_core
</UL>

<P><STRONG><a name="[7d]"></a>_snputc</STRONG> (Thumb, 22 bytes, Stack size 0 bytes, printfa.o(i._snputc))
<BR>[Address Reference Count : 1]<UL><LI> printfa.o(i.__0vsnprintf)
</UL>
<P><STRONG><a name="[60]"></a>_scanf_char_input</STRONG> (Thumb, 12 bytes, Stack size 0 bytes, scanf_char.o(.text))
<BR>[Address Reference Count : 1]<UL><LI> scanf_char.o(.text)
</UL><P>
<H3>
Undefined Global Symbols
</H3><HR></body></html>
