<html>
<body>
<pre>
<h1>µVision Build Log</h1>
<h2>Tool Versions:</h2>
IDE-Version: ¦ÌVision V5.29.0.0
Copyright (C) 2019 ARM Ltd and ARM Germany GmbH. All rights reserved.
License Information: z jt, hls, LIC=FYKYW-QDDHI-56PQ2-9A9UZ-WFZ8P-ISIZ3
 
Tool Versions:
Toolchain:       MDK-ARM Plus  Version: 5.29.0.0
Toolchain Path:  C:\Keil_v5\ARM\ARMCLANG\Bin
C Compiler:      ArmClang.exe V6.13.1
Assembler:       Armasm.exe V6.13.1
Linker/Locator:  ArmLink.exe V6.13.1
Library Manager: ArmAr.exe V6.13.1
Hex Converter:   FromElf.exe V6.13.1
CPU DLL:         SARMCM3.DLL V5.29.0.0
Dialog DLL:      DCM.DLL V1.17.3.0
Target DLL:      STLink\ST-LINKIII-KEIL_SWO.dll V3.0.7.0
Dialog DLL:      TCM.DLL V1.36.5.0
 
<h2>Project:</h2>
E:\BaiduNetdiskDownload\code\oled_prj\oled_cubemx\MDK-ARM\oled_cubemx.uvprojx
Project File Date:  08/12/2026

<h2>Output:</h2>
*** Using Compiler 'V6.13.1', folder: 'C:\Keil_v5\ARM\ARMCLANG\Bin'
Rebuild target 'oled_cubemx_slotb'
assembling startup_stm32f407xx.s...
compiling stm32f4xx_hal_msp.c...
compiling usart.c...
compiling stm32f4xx_hal_flash_ramfunc.c...
compiling stm32f4xx_it.c...
compiling stm32f4xx_hal_i2c_ex.c...
compiling main.c...
compiling gpio.c...
compiling stm32f4xx_hal_gpio.c...
compiling i2c.c...
compiling stm32f4xx_hal_rcc_ex.c...
compiling stm32f4xx_hal_flash_ex.c...
compiling stm32f4xx_hal_flash.c...
compiling stm32f4xx_hal_dma_ex.c...
compiling stm32f4xx_hal_rcc.c...
compiling stm32f4xx_hal_dma.c...
compiling stm32f4xx_hal_pwr.c...
compiling stm32f4xx_hal_i2c.c...
compiling stm32f4xx_hal_pwr_ex.c...
compiling stm32f4xx_hal_exti.c...
compiling system_stm32f4xx.c...
compiling stm32f4xx_hal_cortex.c...
compiling stm32f4xx_hal.c...
compiling iwdg_drv.c...
compiling debug_console.c...
compiling i2c_drv.c...
compiling font.c...
compiling key_drv.c...
compiling display_mgr.c...
compiling stm32f4xx_hal_uart.c...
compiling led_mgr.c...
compiling protocol.c...
compiling ssd1306.c...
compiling sys_config.c...
compiling user_app.c...
compiling app_fw_info.c...
compiling ota_req.c...
compiling sys_tick.c...
compiling cli_cmds.c...
compiling uart_drv.c...
compiling menu_items.c...
compiling nr_micro_shell_core.c...
compiling menu_mgr.c...
linking...
Program Size: Code=34392 RO-data=24060 RW-data=456 ZI-data=8904  
FromELF: creating hex file...
After Build - User command #1: fromelf.exe --bin --output=oled_cubemx.bin oled_cubemx\oled_cubemx.axf
"oled_cubemx\oled_cubemx.axf" - 0 Error(s), 0 Warning(s).

<h2>Software Packages used:</h2>

Package Vendor: ARM
                http://www.keil.com/pack/ARM.CMSIS.5.6.0.pack
                ARM.CMSIS.5.6.0
                CMSIS (Cortex Microcontroller Software Interface Standard)
   * Component: CORE Version: 5.3.0

Package Vendor: Keil
                https://www.keil.com/pack/Keil.STM32F4xx_DFP.3.1.1.pack
                Keil.STM32F4xx_DFP.3.1.1
                STMicroelectronics STM32F4 Series Device Support

<h2>Collection of Component include folders:</h2>
  .\RTE\_oled_cubemx_slotb
  C:\Users\joey\AppData\Local\Arm\Packs\ARM\CMSIS\5.6.0\CMSIS\Core\Include

<h2>Collection of Component Files used:</h2>

   * Component: ARM::CMSIS:CORE:5.3.0
Build Time Elapsed:  00:00:05
</pre>
</body>
</html>
