Component: ARM Compiler 6.13.1 Tool: armlink [5d895400]

==============================================================================

Section Cross References

    startup_stm32f407xx.o(RESET) refers to startup_stm32f407xx.o(STACK) for __initial_sp
    startup_stm32f407xx.o(RESET) refers to startup_stm32f407xx.o(.text) for Reset_Handler
    startup_stm32f407xx.o(RESET) refers to stm32f4xx_it.o(.text.NMI_Handler) for NMI_Handler
    startup_stm32f407xx.o(RESET) refers to stm32f4xx_it.o(.text.HardFault_Handler) for HardFault_Handler
    startup_stm32f407xx.o(RESET) refers to stm32f4xx_it.o(.text.MemManage_Handler) for MemManage_Handler
    startup_stm32f407xx.o(RESET) refers to stm32f4xx_it.o(.text.BusFault_Handler) for BusFault_Handler
    startup_stm32f407xx.o(RESET) refers to stm32f4xx_it.o(.text.UsageFault_Handler) for UsageFault_Handler
    startup_stm32f407xx.o(RESET) refers to stm32f4xx_it.o(.text.SVC_Handler) for SVC_Handler
    startup_stm32f407xx.o(RESET) refers to stm32f4xx_it.o(.text.DebugMon_Handler) for DebugMon_Handler
    startup_stm32f407xx.o(RESET) refers to stm32f4xx_it.o(.text.PendSV_Handler) for PendSV_Handler
    startup_stm32f407xx.o(RESET) refers to stm32f4xx_it.o(.text.SysTick_Handler) for SysTick_Handler
    startup_stm32f407xx.o(RESET) refers to stm32f4xx_it.o(.text.USART1_IRQHandler) for USART1_IRQHandler
    startup_stm32f407xx.o(RESET) refers to stm32f4xx_it.o(.text.USART2_IRQHandler) for USART2_IRQHandler
    startup_stm32f407xx.o(.text) refers to system_stm32f4xx.o(.text.SystemInit) for SystemInit
    startup_stm32f407xx.o(.text) refers to entry.o(.ARM.Collect$$$$00000000) for __main
    boot_flash.o(.text.boot_erase_sector) refers to stm32f4xx_hal_flash.o(.text.HAL_FLASH_Unlock) for HAL_FLASH_Unlock
    boot_flash.o(.text.boot_erase_sector) refers to stm32f4xx_hal_flash_ex.o(.text.HAL_FLASHEx_Erase) for HAL_FLASHEx_Erase
    boot_flash.o(.text.boot_erase_sector) refers to stm32f4xx_hal_flash.o(.text.HAL_FLASH_Lock) for HAL_FLASH_Lock
    boot_flash.o(.ARM.exidx.text.boot_erase_sector) refers to boot_flash.o(.text.boot_erase_sector) for [Anonymous Symbol]
    boot_flash.o(.text.boot_erase_sectors) refers to stm32f4xx_hal_flash.o(.text.HAL_FLASH_Unlock) for HAL_FLASH_Unlock
    boot_flash.o(.text.boot_erase_sectors) refers to stm32f4xx_hal_flash_ex.o(.text.HAL_FLASHEx_Erase) for HAL_FLASHEx_Erase
    boot_flash.o(.text.boot_erase_sectors) refers to stm32f4xx_hal_flash.o(.text.HAL_FLASH_Lock) for HAL_FLASH_Lock
    boot_flash.o(.ARM.exidx.text.boot_erase_sectors) refers to boot_flash.o(.text.boot_erase_sectors) for [Anonymous Symbol]
    boot_flash.o(.text.boot_flash_write_word) refers to stm32f4xx_hal_flash.o(.text.HAL_FLASH_Unlock) for HAL_FLASH_Unlock
    boot_flash.o(.text.boot_flash_write_word) refers to stm32f4xx_hal_flash.o(.text.HAL_FLASH_Program) for HAL_FLASH_Program
    boot_flash.o(.text.boot_flash_write_word) refers to stm32f4xx_hal_flash.o(.text.HAL_FLASH_Lock) for HAL_FLASH_Lock
    boot_flash.o(.ARM.exidx.text.boot_flash_write_word) refers to boot_flash.o(.text.boot_flash_write_word) for [Anonymous Symbol]
    boot_flash.o(.text.boot_flash_write_word_checked) refers to stm32f4xx_hal_flash.o(.text.HAL_FLASH_Unlock) for HAL_FLASH_Unlock
    boot_flash.o(.text.boot_flash_write_word_checked) refers to stm32f4xx_hal_flash.o(.text.HAL_FLASH_Program) for HAL_FLASH_Program
    boot_flash.o(.text.boot_flash_write_word_checked) refers to stm32f4xx_hal_flash.o(.text.HAL_FLASH_Lock) for HAL_FLASH_Lock
    boot_flash.o(.ARM.exidx.text.boot_flash_write_word_checked) refers to boot_flash.o(.text.boot_flash_write_word_checked) for [Anonymous Symbol]
    boot_flash.o(.text.boot_erase_slot) refers to stm32f4xx_hal_flash.o(.text.HAL_FLASH_Unlock) for HAL_FLASH_Unlock
    boot_flash.o(.text.boot_erase_slot) refers to stm32f4xx_hal_flash_ex.o(.text.HAL_FLASHEx_Erase) for HAL_FLASHEx_Erase
    boot_flash.o(.text.boot_erase_slot) refers to stm32f4xx_hal_flash.o(.text.HAL_FLASH_Lock) for HAL_FLASH_Lock
    boot_flash.o(.ARM.exidx.text.boot_erase_slot) refers to boot_flash.o(.text.boot_erase_slot) for [Anonymous Symbol]
    boot_flash.o(.text.boot_crc32) refers to boot_flash.o(.rodata.crc32_table) for crc32_table
    boot_flash.o(.ARM.exidx.text.boot_crc32) refers to boot_flash.o(.text.boot_crc32) for [Anonymous Symbol]
    boot_flash.o(.text.boot_crc32_slot) refers to boot_flash.o(.rodata.crc32_table) for crc32_table
    boot_flash.o(.ARM.exidx.text.boot_crc32_slot) refers to boot_flash.o(.text.boot_crc32_slot) for [Anonymous Symbol]
    boot_fw_info.o(.text.fw_info_load) refers to boot_flash.o(.text.boot_crc32) for boot_crc32
    boot_fw_info.o(.text.fw_info_load) refers to boot_fw_info.o(.rodata.str1.1) for .L__func__.fw_info_load
    boot_fw_info.o(.text.fw_info_load) refers to boot_main.o(.text.boot_printf) for boot_printf
    boot_fw_info.o(.text.fw_info_load) refers to boot_fw_info.o(.bss.g_fw_info) for g_fw_info
[...]
    Removing stm32f4xx_hal_cortex.o(.text.HAL_NVIC_GetPriority), (88 bytes).
    Removing stm32f4xx_hal_cortex.o(.ARM.exidx.text.HAL_NVIC_GetPriority), (8 bytes).
    Removing stm32f4xx_hal_cortex.o(.text.HAL_NVIC_SetPendingIRQ), (32 bytes).
    Removing stm32f4xx_hal_cortex.o(.ARM.exidx.text.HAL_NVIC_SetPendingIRQ), (8 bytes).
    Removing stm32f4xx_hal_cortex.o(.text.HAL_NVIC_GetPendingIRQ), (36 bytes).
    Removing stm32f4xx_hal_cortex.o(.ARM.exidx.text.HAL_NVIC_GetPendingIRQ), (8 bytes).
    Removing stm32f4xx_hal_cortex.o(.text.HAL_NVIC_ClearPendingIRQ), (32 bytes).
    Removing stm32f4xx_hal_cortex.o(.ARM.exidx.text.HAL_NVIC_ClearPendingIRQ), (8 bytes).
    Removing stm32f4xx_hal_cortex.o(.text.HAL_NVIC_GetActive), (36 bytes).
    Removing stm32f4xx_hal_cortex.o(.ARM.exidx.text.HAL_NVIC_GetActive), (8 bytes).
    Removing stm32f4xx_hal_cortex.o(.text.HAL_SYSTICK_CLKSourceConfig), (26 bytes).
    Removing stm32f4xx_hal_cortex.o(.ARM.exidx.text.HAL_SYSTICK_CLKSourceConfig), (8 bytes).
    Removing stm32f4xx_hal_cortex.o(.text.HAL_SYSTICK_IRQHandler), (4 bytes).
    Removing stm32f4xx_hal_cortex.o(.ARM.exidx.text.HAL_SYSTICK_IRQHandler), (8 bytes).
    Removing stm32f4xx_hal_cortex.o(.text.HAL_SYSTICK_Callback), (2 bytes).
    Removing stm32f4xx_hal_cortex.o(.ARM.exidx.text.HAL_SYSTICK_Callback), (8 bytes).
    Removing stm32f4xx_hal_flash.o(.text), (0 bytes).
    Removing stm32f4xx_hal_flash.o(.ARM.exidx.text.HAL_FLASH_Program), (8 bytes).
    Removing stm32f4xx_hal_flash.o(.ARM.exidx.text.FLASH_WaitForLastOperation), (8 bytes).
    Removing stm32f4xx_hal_flash.o(.text.HAL_FLASH_Program_IT), (232 bytes).
    Removing stm32f4xx_hal_flash.o(.ARM.exidx.text.HAL_FLASH_Program_IT), (8 bytes).
    Removing stm32f4xx_hal_flash.o(.text.HAL_FLASH_IRQHandler), (284 bytes).
    Removing stm32f4xx_hal_flash.o(.ARM.exidx.text.HAL_FLASH_IRQHandler), (8 bytes).
    Removing stm32f4xx_hal_flash.o(.text.HAL_FLASH_OperationErrorCallback), (2 bytes).
    Removing stm32f4xx_hal_flash.o(.ARM.exidx.text.HAL_FLASH_OperationErrorCallback), (8 bytes).
    Removing stm32f4xx_hal_flash.o(.text.HAL_FLASH_EndOfOperationCallback), (2 bytes).
    Removing stm32f4xx_hal_flash.o(.ARM.exidx.text.HAL_FLASH_EndOfOperationCallback), (8 bytes).
    Removing stm32f4xx_hal_flash.o(.ARM.exidx.text.HAL_FLASH_Unlock), (8 bytes).
    Removing stm32f4xx_hal_flash.o(.ARM.exidx.text.HAL_FLASH_Lock), (8 bytes).
    Removing stm32f4xx_hal_flash.o(.text.HAL_FLASH_OB_Unlock), (42 bytes).
    Removing stm32f4xx_hal_flash.o(.ARM.exidx.text.HAL_FLASH_OB_Unlock), (8 bytes).
    Removing stm32f4xx_hal_flash.o(.text.HAL_FLASH_OB_Lock), (20 bytes).
    Removing stm32f4xx_hal_flash.o(.ARM.exidx.text.HAL_FLASH_OB_Lock), (8 bytes).
    Removing stm32f4xx_hal_flash.o(.text.HAL_FLASH_OB_Launch), (24 bytes).
    Removing stm32f4xx_hal_flash.o(.ARM.exidx.text.HAL_FLASH_OB_Launch), (8 bytes).
    Removing stm32f4xx_hal_flash.o(.text.HAL_FLASH_GetError), (12 bytes).
    Removing stm32f4xx_hal_flash.o(.ARM.exidx.text.HAL_FLASH_GetError), (8 bytes).
    Removing stm32f4xx_hal_flash_ex.o(.text), (0 bytes).
    Removing stm32f4xx_hal_flash_ex.o(.ARM.exidx.text.HAL_FLASHEx_Erase), (8 bytes).
    Removing stm32f4xx_hal_flash_ex.o(.text.FLASH_Erase_Sector), (70 bytes).
    Removing stm32f4xx_hal_flash_ex.o(.ARM.exidx.text.FLASH_Erase_Sector), (8 bytes).
    Removing stm32f4xx_hal_flash_ex.o(.text.FLASH_FlushCaches), (88 bytes).
    Removing stm32f4xx_hal_flash_ex.o(.ARM.exidx.text.FLASH_FlushCaches), (8 bytes).
    Removing stm32f4xx_hal_flash_ex.o(.text.HAL_FLASHEx_Erase_IT), (166 bytes).
    Removing stm32f4xx_hal_flash_ex.o(.ARM.exidx.text.HAL_FLASHEx_Erase_IT), (8 bytes).
    Removing stm32f4xx_hal_flash_ex.o(.text.HAL_FLASHEx_OBProgram), (172 bytes).
    Removing stm32f4xx_hal_flash_ex.o(.ARM.exidx.text.HAL_FLASHEx_OBProgram), (8 bytes).
    Removing stm32f4xx_hal_flash_ex.o(.text.HAL_FLASHEx_OBGetConfig), (54 bytes).
    Removing stm32f4xx_hal_flash_ex.o(.ARM.exidx.text.HAL_FLASHEx_OBGetConfig), (8 bytes).
    Removing stm32f4xx_hal_gpio.o(.text), (0 bytes).
    Removing stm32f4xx_hal_gpio.o(.ARM.exidx.text.HAL_GPIO_Init), (8 bytes).
    Removing stm32f4xx_hal_gpio.o(.text.HAL_GPIO_DeInit), (462 bytes).
    Removing stm32f4xx_hal_gpio.o(.ARM.exidx.text.HAL_GPIO_DeInit), (8 bytes).
    Removing stm32f4xx_hal_gpio.o(.ARM.exidx.text.HAL_GPIO_ReadPin), (8 bytes).
    Removing stm32f4xx_hal_gpio.o(.ARM.exidx.text.HAL_GPIO_WritePin), (8 bytes).
    Removing stm32f4xx_hal_gpio.o(.text.HAL_GPIO_TogglePin), (16 bytes).
    Removing stm32f4xx_hal_gpio.o(.ARM.exidx.text.HAL_GPIO_TogglePin), (8 bytes).
    Removing stm32f4xx_hal_gpio.o(.text.HAL_GPIO_LockPin), (40 bytes).
    Removing stm32f4xx_hal_gpio.o(.ARM.exidx.text.HAL_GPIO_LockPin), (8 bytes).
    Removing stm32f4xx_hal_gpio.o(.text.HAL_GPIO_EXTI_IRQHandler), (22 bytes).
    Removing stm32f4xx_hal_gpio.o(.ARM.exidx.text.HAL_GPIO_EXTI_IRQHandler), (8 bytes).
    Removing stm32f4xx_hal_gpio.o(.text.HAL_GPIO_EXTI_Callback), (2 bytes).
    Removing stm32f4xx_hal_gpio.o(.ARM.exidx.text.HAL_GPIO_EXTI_Callback), (8 bytes).
    Removing stm32f4xx_hal_pwr.o(.text), (0 bytes).
    Removing stm32f4xx_hal_pwr.o(.text.HAL_PWR_DeInit), (26 bytes).
    Removing stm32f4xx_hal_pwr.o(.ARM.exidx.text.HAL_PWR_DeInit), (8 bytes).
    Removing stm32f4xx_hal_pwr.o(.text.HAL_PWR_EnableBkUpAccess), (30 bytes).
    Removing stm32f4xx_hal_pwr.o(.ARM.exidx.text.HAL_PWR_EnableBkUpAccess), (8 bytes).
    Removing stm32f4xx_hal_pwr.o(.text.HAL_PWR_DisableBkUpAccess), (30 bytes).
    Removing stm32f4xx_hal_pwr.o(.ARM.exidx.text.HAL_PWR_DisableBkUpAccess), (8 bytes).
    Removing stm32f4xx_hal_pwr.o(.text.HAL_PWR_ConfigPVD), (128 bytes).
    Removing stm32f4xx_hal_pwr.o(.ARM.exidx.text.HAL_PWR_ConfigPVD), (8 bytes).
    Removing stm32f4xx_hal_pwr.o(.text.HAL_PWR_EnablePVD), (12 bytes).
    Removing stm32f4xx_hal_pwr.o(.ARM.exidx.text.HAL_PWR_EnablePVD), (8 bytes).
    Removing stm32f4xx_hal_pwr.o(.text.HAL_PWR_DisablePVD), (12 bytes).
    Removing stm32f4xx_hal_pwr.o(.ARM.exidx.text.HAL_PWR_DisablePVD), (8 bytes).
    Removing stm32f4xx_hal_pwr.o(.text.HAL_PWR_EnableWakeUpPin), (16 bytes).
    Removing stm32f4xx_hal_pwr.o(.ARM.exidx.text.HAL_PWR_EnableWakeUpPin), (8 bytes).
    Removing stm32f4xx_hal_pwr.o(.text.HAL_PWR_DisableWakeUpPin), (18 bytes).
    Removing stm32f4xx_hal_pwr.o(.ARM.exidx.text.HAL_PWR_DisableWakeUpPin), (8 bytes).
    Removing stm32f4xx_hal_pwr.o(.text.HAL_PWR_EnterSLEEPMode), (36 bytes).
    Removing stm32f4xx_hal_pwr.o(.ARM.exidx.text.HAL_PWR_EnterSLEEPMode), (8 bytes).
    Removing stm32f4xx_hal_pwr.o(.text.HAL_PWR_EnterSTOPMode), (70 bytes).
    Removing stm32f4xx_hal_pwr.o(.ARM.exidx.text.HAL_PWR_EnterSTOPMode), (8 bytes).
    Removing stm32f4xx_hal_pwr.o(.text.HAL_PWR_EnterSTANDBYMode), (36 bytes).
    Removing stm32f4xx_hal_pwr.o(.ARM.exidx.text.HAL_PWR_EnterSTANDBYMode), (8 bytes).
    Removing stm32f4xx_hal_pwr.o(.text.HAL_PWR_PVD_IRQHandler), (30 bytes).
    Removing stm32f4xx_hal_pwr.o(.ARM.exidx.text.HAL_PWR_PVD_IRQHandler), (8 bytes).
    Removing stm32f4xx_hal_pwr.o(.text.HAL_PWR_PVDCallback), (2 bytes).
    Removing stm32f4xx_hal_pwr.o(.ARM.exidx.text.HAL_PWR_PVDCallback), (8 bytes).
    Removing stm32f4xx_hal_pwr.o(.text.HAL_PWR_EnableSleepOnExit), (18 bytes).
    Removing stm32f4xx_hal_pwr.o(.ARM.exidx.text.HAL_PWR_EnableSleepOnExit), (8 bytes).
    Removing stm32f4xx_hal_pwr.o(.text.HAL_PWR_DisableSleepOnExit), (18 bytes).
    Removing stm32f4xx_hal_pwr.o(.ARM.exidx.text.HAL_PWR_DisableSleepOnExit), (8 bytes).
    Removing stm32f4xx_hal_pwr.o(.text.HAL_PWR_EnableSEVOnPend), (18 bytes).
    Removing stm32f4xx_hal_pwr.o(.ARM.exidx.text.HAL_PWR_EnableSEVOnPend), (8 bytes).
    Removing stm32f4xx_hal_pwr.o(.text.HAL_PWR_DisableSEVOnPend), (18 bytes).
    Removing stm32f4xx_hal_pwr.o(.ARM.exidx.text.HAL_PWR_DisableSEVOnPend), (8 bytes).
    Removing stm32f4xx_hal_pwr_ex.o(.text), (0 bytes).
    Removing stm32f4xx_hal_pwr_ex.o(.text.HAL_PWREx_EnableBkUpReg), (54 bytes).
    Removing stm32f4xx_hal_pwr_ex.o(.ARM.exidx.text.HAL_PWREx_EnableBkUpReg), (8 bytes).
    Removing stm32f4xx_hal_pwr_ex.o(.text.HAL_PWREx_DisableBkUpReg), (54 bytes).
    Removing stm32f4xx_hal_pwr_ex.o(.ARM.exidx.text.HAL_PWREx_DisableBkUpReg), (8 bytes).
    Removing stm32f4xx_hal_pwr_ex.o(.text.HAL_PWREx_EnableFlashPowerDown), (12 bytes).
    Removing stm32f4xx_hal_pwr_ex.o(.ARM.exidx.text.HAL_PWREx_EnableFlashPowerDown), (8 bytes).
    Removing stm32f4xx_hal_pwr_ex.o(.text.HAL_PWREx_DisableFlashPowerDown), (12 bytes).
    Removing stm32f4xx_hal_pwr_ex.o(.ARM.exidx.text.HAL_PWREx_DisableFlashPowerDown), (8 bytes).
    Removing stm32f4xx_hal_pwr_ex.o(.text.HAL_PWREx_GetVoltageRange), (16 bytes).
    Removing stm32f4xx_hal_pwr_ex.o(.ARM.exidx.text.HAL_PWREx_GetVoltageRange), (8 bytes).
    Removing stm32f4xx_hal_pwr_ex.o(.text.HAL_PWREx_ControlVoltageScaling), (102 bytes).
    Removing stm32f4xx_hal_pwr_ex.o(.ARM.exidx.text.HAL_PWREx_ControlVoltageScaling), (8 bytes).
    Removing stm32f4xx_hal_rcc.o(.text), (0 bytes).
    Removing stm32f4xx_hal_rcc.o(.text.HAL_RCC_DeInit), (4 bytes).
    Removing stm32f4xx_hal_rcc.o(.ARM.exidx.text.HAL_RCC_DeInit), (8 bytes).
    Removing stm32f4xx_hal_rcc.o(.ARM.exidx.text.HAL_RCC_OscConfig), (8 bytes).
    Removing stm32f4xx_hal_rcc.o(.ARM.exidx.text.HAL_RCC_ClockConfig), (8 bytes).
    Removing stm32f4xx_hal_rcc.o(.ARM.exidx.text.HAL_RCC_GetSysClockFreq), (8 bytes).
    Removing stm32f4xx_hal_rcc.o(.text.HAL_RCC_MCOConfig), (158 bytes).
    Removing stm32f4xx_hal_rcc.o(.ARM.exidx.text.HAL_RCC_MCOConfig), (8 bytes).
    Removing stm32f4xx_hal_rcc.o(.text.HAL_RCC_EnableCSS), (12 bytes).
    Removing stm32f4xx_hal_rcc.o(.ARM.exidx.text.HAL_RCC_EnableCSS), (8 bytes).
    Removing stm32f4xx_hal_rcc.o(.text.HAL_RCC_DisableCSS), (12 bytes).
    Removing stm32f4xx_hal_rcc.o(.ARM.exidx.text.HAL_RCC_DisableCSS), (8 bytes).
    Removing stm32f4xx_hal_rcc.o(.text.HAL_RCC_GetHCLKFreq), (12 bytes).
    Removing stm32f4xx_hal_rcc.o(.ARM.exidx.text.HAL_RCC_GetHCLKFreq), (8 bytes).
    Removing stm32f4xx_hal_rcc.o(.ARM.exidx.text.HAL_RCC_GetPCLK1Freq), (8 bytes).
    Removing stm32f4xx_hal_rcc.o(.ARM.exidx.text.HAL_RCC_GetPCLK2Freq), (8 bytes).
    Removing stm32f4xx_hal_rcc.o(.text.HAL_RCC_GetOscConfig), (152 bytes).
    Removing stm32f4xx_hal_rcc.o(.ARM.exidx.text.HAL_RCC_GetOscConfig), (8 bytes).
    Removing stm32f4xx_hal_rcc.o(.text.HAL_RCC_GetClockConfig), (62 bytes).
    Removing stm32f4xx_hal_rcc.o(.ARM.exidx.text.HAL_RCC_GetClockConfig), (8 bytes).
    Removing stm32f4xx_hal_rcc.o(.text.HAL_RCC_NMI_IRQHandler), (28 bytes).
    Removing stm32f4xx_hal_rcc.o(.ARM.exidx.text.HAL_RCC_NMI_IRQHandler), (8 bytes).
    Removing stm32f4xx_hal_rcc.o(.text.HAL_RCC_CSSCallback), (2 bytes).
    Removing stm32f4xx_hal_rcc.o(.ARM.exidx.text.HAL_RCC_CSSCallback), (8 bytes).
    Removing stm32f4xx_hal_rcc_ex.o(.text), (0 bytes).
    Removing stm32f4xx_hal_rcc_ex.o(.text.HAL_RCCEx_PeriphCLKConfig), (326 bytes).
    Removing stm32f4xx_hal_rcc_ex.o(.ARM.exidx.text.HAL_RCCEx_PeriphCLKConfig), (8 bytes).
    Removing stm32f4xx_hal_rcc_ex.o(.text.HAL_RCCEx_GetPeriphCLKConfig), (50 bytes).
    Removing stm32f4xx_hal_rcc_ex.o(.ARM.exidx.text.HAL_RCCEx_GetPeriphCLKConfig), (8 bytes).
    Removing stm32f4xx_hal_rcc_ex.o(.text.HAL_RCCEx_GetPeriphCLKFreq), (88 bytes).
    Removing stm32f4xx_hal_rcc_ex.o(.ARM.exidx.text.HAL_RCCEx_GetPeriphCLKFreq), (8 bytes).
    Removing stm32f4xx_hal_rcc_ex.o(.text.HAL_RCCEx_EnablePLLI2S), (104 bytes).
    Removing stm32f4xx_hal_rcc_ex.o(.ARM.exidx.text.HAL_RCCEx_EnablePLLI2S), (8 bytes).
    Removing stm32f4xx_hal_rcc_ex.o(.text.HAL_RCCEx_DisablePLLI2S), (52 bytes).
    Removing stm32f4xx_hal_rcc_ex.o(.ARM.exidx.text.HAL_RCCEx_DisablePLLI2S), (8 bytes).
    Removing stm32f4xx_hal_rcc_ex.o(.text.HAL_RCC_DeInit), (290 bytes).
    Removing stm32f4xx_hal_rcc_ex.o(.ARM.exidx.text.HAL_RCC_DeInit), (8 bytes).
    Removing stm32f4xx_hal_uart.o(.text), (0 bytes).
    Removing stm32f4xx_hal_uart.o(.ARM.exidx.text.HAL_UART_Init), (8 bytes).
    Removing stm32f4xx_hal_uart.o(.text.HAL_UART_MspInit), (2 bytes).
    Removing stm32f4xx_hal_uart.o(.ARM.exidx.text.HAL_UART_MspInit), (8 bytes).
    Removing stm32f4xx_hal_uart.o(.ARM.exidx.text.UART_SetConfig), (8 bytes).
    Removing stm32f4xx_hal_uart.o(.text.HAL_HalfDuplex_Init), (104 bytes).
    Removing stm32f4xx_hal_uart.o(.ARM.exidx.text.HAL_HalfDuplex_Init), (8 bytes).
    Removing stm32f4xx_hal_uart.o(.text.HAL_LIN_Init), (120 bytes).
    Removing stm32f4xx_hal_uart.o(.ARM.exidx.text.HAL_LIN_Init), (8 bytes).
    Removing stm32f4xx_hal_uart.o(.text.HAL_MultiProcessor_Init), (128 bytes).
    Removing stm32f4xx_hal_uart.o(.ARM.exidx.text.HAL_MultiProcessor_Init), (8 bytes).
    Removing stm32f4xx_hal_uart.o(.text.HAL_UART_DeInit), (56 bytes).
    Removing stm32f4xx_hal_uart.o(.ARM.exidx.text.HAL_UART_DeInit), (8 bytes).
    Removing stm32f4xx_hal_uart.o(.text.HAL_UART_MspDeInit), (2 bytes).
    Removing stm32f4xx_hal_uart.o(.ARM.exidx.text.HAL_UART_MspDeInit), (8 bytes).
    Removing stm32f4xx_hal_uart.o(.ARM.exidx.text.HAL_UART_Transmit), (8 bytes).
    Removing stm32f4xx_hal_uart.o(.ARM.exidx.text.HAL_UART_Receive), (8 bytes).
    Removing stm32f4xx_hal_uart.o(.text.HAL_UART_Transmit_IT), (56 bytes).
    Removing stm32f4xx_hal_uart.o(.ARM.exidx.text.HAL_UART_Transmit_IT), (8 bytes).
    Removing stm32f4xx_hal_uart.o(.text.HAL_UART_Receive_IT), (84 bytes).
    Removing stm32f4xx_hal_uart.o(.ARM.exidx.text.HAL_UART_Receive_IT), (8 bytes).
    Removing stm32f4xx_hal_uart.o(.text.UART_Start_Receive_IT), (50 bytes).
    Removing stm32f4xx_hal_uart.o(.ARM.exidx.text.UART_Start_Receive_IT), (8 bytes).
    Removing stm32f4xx_hal_uart.o(.text.HAL_UART_Transmit_DMA), (226 bytes).
    Removing stm32f4xx_hal_uart.o(.ARM.exidx.text.HAL_UART_Transmit_DMA), (8 bytes).
    Removing stm32f4xx_hal_uart.o(.text.UART_DMATransmitCplt), (176 bytes).
    Removing stm32f4xx_hal_uart.o(.ARM.exidx.text.UART_DMATransmitCplt), (8 bytes).
    Removing stm32f4xx_hal_uart.o(.text.UART_DMATxHalfCplt), (6 bytes).
    Removing stm32f4xx_hal_uart.o(.ARM.exidx.text.UART_DMATxHalfCplt), (8 bytes).
    Removing stm32f4xx_hal_uart.o(.text.UART_DMAError), (380 bytes).
    Removing stm32f4xx_hal_uart.o(.ARM.exidx.text.UART_DMAError), (8 bytes).
    Removing stm32f4xx_hal_uart.o(.text.HAL_UART_Receive_DMA), (38 bytes).
    Removing stm32f4xx_hal_uart.o(.ARM.exidx.text.HAL_UART_Receive_DMA), (8 bytes).
    Removing stm32f4xx_hal_uart.o(.text.UART_Start_Receive_DMA), (336 bytes).
    Removing stm32f4xx_hal_uart.o(.ARM.exidx.text.UART_Start_Receive_DMA), (8 bytes).
    Removing stm32f4xx_hal_uart.o(.text.HAL_UART_DMAPause), (342 bytes).
    Removing stm32f4xx_hal_uart.o(.ARM.exidx.text.HAL_UART_DMAPause), (8 bytes).
    Removing stm32f4xx_hal_uart.o(.text.HAL_UART_DMAResume), (348 bytes).
    Removing stm32f4xx_hal_uart.o(.ARM.exidx.text.HAL_UART_DMAResume), (8 bytes).
    Removing stm32f4xx_hal_uart.o(.text.HAL_UART_DMAStop), (540 bytes).
    Removing stm32f4xx_hal_uart.o(.ARM.exidx.text.HAL_UART_DMAStop), (8 bytes).
    Removing stm32f4xx_hal_uart.o(.text.HAL_UARTEx_ReceiveToIdle), (296 bytes).
    Removing stm32f4xx_hal_uart.o(.ARM.exidx.text.HAL_UARTEx_ReceiveToIdle), (8 bytes).
    Removing stm32f4xx_hal_uart.o(.text.HAL_UARTEx_ReceiveToIdle_IT), (216 bytes).
    Removing stm32f4xx_hal_uart.o(.ARM.exidx.text.HAL_UARTEx_ReceiveToIdle_IT), (8 bytes).
    Removing stm32f4xx_hal_uart.o(.text.HAL_UARTEx_ReceiveToIdle_DMA), (178 bytes).
    Removing stm32f4xx_hal_uart.o(.ARM.exidx.text.HAL_UARTEx_ReceiveToIdle_DMA), (8 bytes).
    Removing stm32f4xx_hal_uart.o(.text.HAL_UARTEx_GetRxEventType), (4 bytes).
    Removing stm32f4xx_hal_uart.o(.ARM.exidx.text.HAL_UARTEx_GetRxEventType), (8 bytes).
    Removing stm32f4xx_hal_uart.o(.text.HAL_UART_Abort), (480 bytes).
    Removing stm32f4xx_hal_uart.o(.ARM.exidx.text.HAL_UART_Abort), (8 bytes).
    Removing stm32f4xx_hal_uart.o(.text.HAL_UART_AbortTransmit), (206 bytes).
    Removing stm32f4xx_hal_uart.o(.ARM.exidx.text.HAL_UART_AbortTransmit), (8 bytes).
    Removing stm32f4xx_hal_uart.o(.text.HAL_UART_AbortReceive), (364 bytes).
    Removing stm32f4xx_hal_uart.o(.ARM.exidx.text.HAL_UART_AbortReceive), (8 bytes).
    Removing stm32f4xx_hal_uart.o(.text.HAL_UART_Abort_IT), (516 bytes).
    Removing stm32f4xx_hal_uart.o(.ARM.exidx.text.HAL_UART_Abort_IT), (8 bytes).
    Removing stm32f4xx_hal_uart.o(.text.UART_DMATxAbortCallback), (42 bytes).
    Removing stm32f4xx_hal_uart.o(.ARM.exidx.text.UART_DMATxAbortCallback), (8 bytes).
    Removing stm32f4xx_hal_uart.o(.text.UART_DMARxAbortCallback), (42 bytes).
    Removing stm32f4xx_hal_uart.o(.ARM.exidx.text.UART_DMARxAbortCallback), (8 bytes).
    Removing stm32f4xx_hal_uart.o(.text.HAL_UART_AbortCpltCallback), (2 bytes).
    Removing stm32f4xx_hal_uart.o(.ARM.exidx.text.HAL_UART_AbortCpltCallback), (8 bytes).
    Removing stm32f4xx_hal_uart.o(.text.HAL_UART_AbortTransmit_IT), (234 bytes).
    Removing stm32f4xx_hal_uart.o(.ARM.exidx.text.HAL_UART_AbortTransmit_IT), (8 bytes).
    Removing stm32f4xx_hal_uart.o(.text.UART_DMATxOnlyAbortCallback), (16 bytes).
    Removing stm32f4xx_hal_uart.o(.ARM.exidx.text.UART_DMATxOnlyAbortCallback), (8 bytes).
    Removing stm32f4xx_hal_uart.o(.text.HAL_UART_AbortTransmitCpltCallback), (2 bytes).
    Removing stm32f4xx_hal_uart.o(.ARM.exidx.text.HAL_UART_AbortTransmitCpltCallback), (8 bytes).
    Removing stm32f4xx_hal_uart.o(.text.HAL_UART_AbortReceive_IT), (392 bytes).
    Removing stm32f4xx_hal_uart.o(.ARM.exidx.text.HAL_UART_AbortReceive_IT), (8 bytes).
    Removing stm32f4xx_hal_uart.o(.text.UART_DMARxOnlyAbortCallback), (18 bytes).
    Removing stm32f4xx_hal_uart.o(.ARM.exidx.text.UART_DMARxOnlyAbortCallback), (8 bytes).
    Removing stm32f4xx_hal_uart.o(.text.HAL_UART_AbortReceiveCpltCallback), (2 bytes).
    Removing stm32f4xx_hal_uart.o(.ARM.exidx.text.HAL_UART_AbortReceiveCpltCallback), (8 bytes).
    Removing stm32f4xx_hal_uart.o(.ARM.exidx.text.HAL_UART_IRQHandler), (8 bytes).
    Removing stm32f4xx_hal_uart.o(.ARM.exidx.text.UART_Receive_IT), (8 bytes).
    Removing stm32f4xx_hal_uart.o(.ARM.exidx.text.UART_DMAAbortOnError), (8 bytes).
    Removing stm32f4xx_hal_uart.o(.ARM.exidx.text.HAL_UART_ErrorCallback), (8 bytes).
    Removing stm32f4xx_hal_uart.o(.ARM.exidx.text.HAL_UARTEx_RxEventCallback), (8 bytes).
    Removing stm32f4xx_hal_uart.o(.ARM.exidx.text.HAL_UART_TxCpltCallback), (8 bytes).
    Removing stm32f4xx_hal_uart.o(.text.HAL_UART_TxHalfCpltCallback), (2 bytes).
    Removing stm32f4xx_hal_uart.o(.ARM.exidx.text.HAL_UART_TxHalfCpltCallback), (8 bytes).
    Removing stm32f4xx_hal_uart.o(.ARM.exidx.text.HAL_UART_RxCpltCallback), (8 bytes).
    Removing stm32f4xx_hal_uart.o(.text.HAL_UART_RxHalfCpltCallback), (2 bytes).
    Removing stm32f4xx_hal_uart.o(.ARM.exidx.text.HAL_UART_RxHalfCpltCallback), (8 bytes).
    Removing stm32f4xx_hal_uart.o(.text.HAL_LIN_SendBreak), (118 bytes).
    Removing stm32f4xx_hal_uart.o(.ARM.exidx.text.HAL_LIN_SendBreak), (8 bytes).
    Removing stm32f4xx_hal_uart.o(.text.HAL_MultiProcessor_EnterMuteMode), (120 bytes).
    Removing stm32f4xx_hal_uart.o(.ARM.exidx.text.HAL_MultiProcessor_EnterMuteMode), (8 bytes).
    Removing stm32f4xx_hal_uart.o(.text.HAL_MultiProcessor_ExitMuteMode), (120 bytes).
    Removing stm32f4xx_hal_uart.o(.ARM.exidx.text.HAL_MultiProcessor_ExitMuteMode), (8 bytes).
    Removing stm32f4xx_hal_uart.o(.text.HAL_HalfDuplex_EnableTransmitter), (44 bytes).
    Removing stm32f4xx_hal_uart.o(.ARM.exidx.text.HAL_HalfDuplex_EnableTransmitter), (8 bytes).
    Removing stm32f4xx_hal_uart.o(.text.HAL_HalfDuplex_EnableReceiver), (48 bytes).
    Removing stm32f4xx_hal_uart.o(.ARM.exidx.text.HAL_HalfDuplex_EnableReceiver), (8 bytes).
    Removing stm32f4xx_hal_uart.o(.text.HAL_UART_GetState), (14 bytes).
    Removing stm32f4xx_hal_uart.o(.ARM.exidx.text.HAL_UART_GetState), (8 bytes).
    Removing stm32f4xx_hal_uart.o(.text.HAL_UART_GetError), (4 bytes).
    Removing stm32f4xx_hal_uart.o(.ARM.exidx.text.HAL_UART_GetError), (8 bytes).
    Removing stm32f4xx_hal_uart.o(.text.UART_DMAReceiveCplt), (350 bytes).
    Removing stm32f4xx_hal_uart.o(.ARM.exidx.text.UART_DMAReceiveCplt), (8 bytes).
    Removing stm32f4xx_hal_uart.o(.text.UART_DMARxHalfCplt), (24 bytes).
    Removing stm32f4xx_hal_uart.o(.ARM.exidx.text.UART_DMARxHalfCplt), (8 bytes).
    Removing stm32f4xx_hal_dma.o(.text), (0 bytes).
    Removing stm32f4xx_hal_dma.o(.text.HAL_DMA_Init), (330 bytes).
    Removing stm32f4xx_hal_dma.o(.ARM.exidx.text.HAL_DMA_Init), (8 bytes).
    Removing stm32f4xx_hal_dma.o(.text.HAL_DMA_DeInit), (140 bytes).
    Removing stm32f4xx_hal_dma.o(.ARM.exidx.text.HAL_DMA_DeInit), (8 bytes).
    Removing stm32f4xx_hal_dma.o(.text.HAL_DMA_Start), (106 bytes).
    Removing stm32f4xx_hal_dma.o(.ARM.exidx.text.HAL_DMA_Start), (8 bytes).
    Removing stm32f4xx_hal_dma.o(.text.HAL_DMA_Start_IT), (156 bytes).
    Removing stm32f4xx_hal_dma.o(.ARM.exidx.text.HAL_DMA_Start_IT), (8 bytes).
    Removing stm32f4xx_hal_dma.o(.ARM.exidx.text.HAL_DMA_Abort), (8 bytes).
    Removing stm32f4xx_hal_dma.o(.ARM.exidx.text.HAL_DMA_Abort_IT), (8 bytes).
    Removing stm32f4xx_hal_dma.o(.text.HAL_DMA_PollForTransfer), (336 bytes).
    Removing stm32f4xx_hal_dma.o(.ARM.exidx.text.HAL_DMA_PollForTransfer), (8 bytes).
    Removing stm32f4xx_hal_dma.o(.text.HAL_DMA_IRQHandler), (444 bytes).
    Removing stm32f4xx_hal_dma.o(.ARM.exidx.text.HAL_DMA_IRQHandler), (8 bytes).
    Removing stm32f4xx_hal_dma.o(.text.HAL_DMA_RegisterCallback), (88 bytes).
    Removing stm32f4xx_hal_dma.o(.ARM.exidx.text.HAL_DMA_RegisterCallback), (8 bytes).
    Removing stm32f4xx_hal_dma.o(.text.HAL_DMA_UnRegisterCallback), (106 bytes).
    Removing stm32f4xx_hal_dma.o(.ARM.exidx.text.HAL_DMA_UnRegisterCallback), (8 bytes).
    Removing stm32f4xx_hal_dma.o(.text.HAL_DMA_GetState), (6 bytes).
    Removing stm32f4xx_hal_dma.o(.ARM.exidx.text.HAL_DMA_GetState), (8 bytes).
    Removing stm32f4xx_hal_dma.o(.text.HAL_DMA_GetError), (4 bytes).
    Removing stm32f4xx_hal_dma.o(.ARM.exidx.text.HAL_DMA_GetError), (8 bytes).
    Removing stm32f4xx_hal_dma.o(.rodata.cst8), (8 bytes).

435 unused section(s) (total 16380 bytes) removed from the image.

==============================================================================

Image Symbol Table

    Local Symbols

    Symbol Name                              Value     Ov Type        Size  Object(Section)

    ../clib/microlib/division.c              0x00000000   Number         0  uldiv.o ABSOLUTE
    ../clib/microlib/init/entry.s            0x00000000   Number         0  entry.o ABSOLUTE
    ../clib/microlib/init/entry.s            0x00000000   Number         0  entry2.o ABSOLUTE
    ../clib/microlib/init/entry.s            0x00000000   Number         0  entry5.o ABSOLUTE
    ../clib/microlib/init/entry.s            0x00000000   Number         0  entry7a.o ABSOLUTE
    ../clib/microlib/init/entry.s            0x00000000   Number         0  entry7b.o ABSOLUTE
    ../clib/microlib/init/entry.s            0x00000000   Number         0  entry8a.o ABSOLUTE
    ../clib/microlib/init/entry.s            0x00000000   Number         0  entry8b.o ABSOLUTE
    ../clib/microlib/init/entry.s            0x00000000   Number         0  entry9a.o ABSOLUTE
    ../clib/microlib/init/entry.s            0x00000000   Number         0  entry9b.o ABSOLUTE
    ../clib/microlib/init/entry.s            0x00000000   Number         0  entry10a.o ABSOLUTE
    ../clib/microlib/init/entry.s            0x00000000   Number         0  entry10b.o ABSOLUTE
    ../clib/microlib/init/entry.s            0x00000000   Number         0  entry11a.o ABSOLUTE
    ../clib/microlib/init/entry.s            0x00000000   Number         0  entry11b.o ABSOLUTE
    ../clib/microlib/longlong.c              0x00000000   Number         0  llshl.o ABSOLUTE
    ../clib/microlib/longlong.c              0x00000000   Number         0  llushr.o ABSOLUTE
    ../clib/microlib/string/memcpy.c         0x00000000   Number         0  memcpya.o ABSOLUTE
    ../clib/microlib/string/memcpy.c         0x00000000   Number         0  memcpyb.o ABSOLUTE
    ../clib/microlib/string/memset.c         0x00000000   Number         0  memseta.o ABSOLUTE
    boot_flash.c                             0x00000000   Number         0  boot_flash.o ABSOLUTE
    boot_fw_info.c                           0x00000000   Number         0  boot_fw_info.o ABSOLUTE
    boot_main.c                              0x00000000   Number         0  boot_main.o ABSOLUTE
    boot_oled.c                              0x00000000   Number         0  boot_oled.o ABSOLUTE
    boot_ota_req.c                           0x00000000   Number         0  boot_ota_req.o ABSOLUTE
    boot_proto.c                             0x00000000   Number         0  boot_proto.o ABSOLUTE
    dc.s                                     0x00000000   Number         0  dc.o ABSOLUTE
    gpio.c                                   0x00000000   Number         0  gpio.o ABSOLUTE
    handlers.s                               0x00000000   Number         0  handlers.o ABSOLUTE
    init.s                                   0x00000000   Number         0  init.o ABSOLUTE
    startup\startup_stm32f407xx.s            0x00000000   Number         0  startup_stm32f407xx.o ABSOLUTE
    stm32f4xx_hal.c                          0x00000000   Number         0  stm32f4xx_hal.o ABSOLUTE
    stm32f4xx_hal_cortex.c                   0x00000000   Number         0  stm32f4xx_hal_cortex.o ABSOLUTE
    stm32f4xx_hal_dma.c                      0x00000000   Number         0  stm32f4xx_hal_dma.o ABSOLUTE
    stm32f4xx_hal_flash.c                    0x00000000   Number         0  stm32f4xx_hal_flash.o ABSOLUTE
    stm32f4xx_hal_flash_ex.c                 0x00000000   Number         0  stm32f4xx_hal_flash_ex.o ABSOLUTE
    stm32f4xx_hal_gpio.c                     0x00000000   Number         0  stm32f4xx_hal_gpio.o ABSOLUTE
    stm32f4xx_hal_msp.c                      0x00000000   Number         0  stm32f4xx_hal_msp.o ABSOLUTE
    stm32f4xx_hal_pwr.c                      0x00000000   Number         0  stm32f4xx_hal_pwr.o ABSOLUTE
    stm32f4xx_hal_pwr_ex.c                   0x00000000   Number         0  stm32f4xx_hal_pwr_ex.o ABSOLUTE
    stm32f4xx_hal_rcc.c                      0x00000000   Number         0  stm32f4xx_hal_rcc.o ABSOLUTE
    stm32f4xx_hal_rcc_ex.c                   0x00000000   Number         0  stm32f4xx_hal_rcc_ex.o ABSOLUTE
    stm32f4xx_hal_uart.c                     0x00000000   Number         0  stm32f4xx_hal_uart.o ABSOLUTE
    stm32f4xx_it.c                           0x00000000   Number         0  stm32f4xx_it.o ABSOLUTE
    system_stm32f4xx.c                       0x00000000   Number         0  system_stm32f4xx.o ABSOLUTE
    usart.c                                  0x00000000   Number         0  usart.o ABSOLUTE
    RESET                                    0x08000000   Section      392  startup_stm32f407xx.o(RESET)
    .ARM.Collect$$$$00000000                 0x08000188   Section        0  entry.o(.ARM.Collect$$$$00000000)
    .ARM.Collect$$$$00000001                 0x08000188   Section        4  entry2.o(.ARM.Collect$$$$00000001)
    .ARM.Collect$$$$00000004                 0x0800018c   Section        4  entry5.o(.ARM.Collect$$$$00000004)
    .ARM.Collect$$$$00000008                 0x08000190   Section        0  entry7b.o(.ARM.Collect$$$$00000008)
    .ARM.Collect$$$$0000000A                 0x08000190   Section        0  entry8b.o(.ARM.Collect$$$$0000000A)
    .ARM.Collect$$$$0000000B                 0x08000190   Section        8  entry9a.o(.ARM.Collect$$$$0000000B)
    __lit__00000000                          0x08000198   Data           4  entry2.o(.ARM.Collect$$$$00002712)
    .ARM.Collect$$$$0000000D                 0x08000198   Section        0  entry10a.o(.ARM.Collect$$$$0000000D)
    .ARM.Collect$$$$0000000F                 0x08000198   Section        0  entry11a.o(.ARM.Collect$$$$0000000F)
    .ARM.Collect$$$$00002712                 0x08000198   Section        4  entry2.o(.ARM.Collect$$$$00002712)
    $v0                                      0x0800019c   Number         0  startup_stm32f407xx.o(.text)
    .text                                    0x0800019c   Section       36  startup_stm32f407xx.o(.text)
    .text                                    0x080001c0   Section        0  uldiv.o(.text)
    .text                                    0x08000222   Section        0  memcpya.o(.text)
    .text                                    0x08000246   Section        0  memseta.o(.text)
    .text                                    0x0800026a   Section        0  llshl.o(.text)
    .text                                    0x08000288   Section        0  llushr.o(.text)
    .text                                    0x080002a8   Section       36  init.o(.text)
    [Anonymous Symbol]                       0x080002cc   Section        0  stm32f4xx_it.o(.text.BusFault_Handler)
    [Anonymous Symbol]                       0x080002d0   Section        0  stm32f4xx_it.o(.text.DebugMon_Handler)
    [Anonymous Symbol]                       0x080002d4   Section        0  boot_main.o(.text.Error_Handler)
    [Anonymous Symbol]                       0x080002dc   Section        0  stm32f4xx_hal_flash.o(.text.FLASH_WaitForLastOperation)
    [Anonymous Symbol]                       0x080003d8   Section        0  stm32f4xx_hal_dma.o(.text.HAL_DMA_Abort)
    [Anonymous Symbol]                       0x0800045c   Section        0  stm32f4xx_hal_dma.o(.text.HAL_DMA_Abort_IT)
    [Anonymous Symbol]                       0x08000480   Section        0  stm32f4xx_hal_flash_ex.o(.text.HAL_FLASHEx_Erase)
    [Anonymous Symbol]                       0x080005f0   Section        0  stm32f4xx_hal_flash.o(.text.HAL_FLASH_Lock)
    [Anonymous Symbol]                       0x08000604   Section        0  stm32f4xx_hal_flash.o(.text.HAL_FLASH_Program)
    [Anonymous Symbol]                       0x08000710   Section        0  stm32f4xx_hal_flash.o(.text.HAL_FLASH_Unlock)
    [Anonymous Symbol]                       0x08000740   Section        0  stm32f4xx_hal_gpio.o(.text.HAL_GPIO_Init)
    [Anonymous Symbol]                       0x080008fc   Section        0  stm32f4xx_hal_gpio.o(.text.HAL_GPIO_ReadPin)
    [Anonymous Symbol]                       0x08000908   Section        0  stm32f4xx_hal_gpio.o(.text.HAL_GPIO_WritePin)
    [Anonymous Symbol]                       0x08000914   Section        0  stm32f4xx_hal.o(.text.HAL_GetTick)
    [Anonymous Symbol]                       0x08000920   Section        0  stm32f4xx_hal.o(.text.HAL_IncTick)
    [Anonymous Symbol]                       0x0800093c   Section        0  stm32f4xx_hal.o(.text.HAL_Init)
    [Anonymous Symbol]                       0x08000974   Section        0  stm32f4xx_hal.o(.text.HAL_InitTick)
    [Anonymous Symbol]                       0x080009c4   Section        0  stm32f4xx_hal_msp.o(.text.HAL_MspInit)
    [Anonymous Symbol]                       0x080009fc   Section        0  stm32f4xx_hal_cortex.o(.text.HAL_NVIC_SetPriority)
    [Anonymous Symbol]                       0x08000a54   Section        0  stm32f4xx_hal_cortex.o(.text.HAL_NVIC_SetPriorityGrouping)
    [Anonymous Symbol]                       0x08000a74   Section        0  stm32f4xx_hal_rcc.o(.text.HAL_RCC_ClockConfig)
    [Anonymous Symbol]                       0x08000bd8   Section        0  stm32f4xx_hal_rcc.o(.text.HAL_RCC_GetPCLK1Freq)
    [Anonymous Symbol]                       0x08000c00   Section        0  stm32f4xx_hal_rcc.o(.text.HAL_RCC_GetPCLK2Freq)
    [Anonymous Symbol]                       0x08000c28   Section        0  stm32f4xx_hal_rcc.o(.text.HAL_RCC_GetSysClockFreq)
    [Anonymous Symbol]                       0x08000c94   Section        0  stm32f4xx_hal_rcc.o(.text.HAL_RCC_OscConfig)
    [Anonymous Symbol]                       0x08000ff0   Section        0  stm32f4xx_hal_cortex.o(.text.HAL_SYSTICK_Config)
    [Anonymous Symbol]                       0x0800101c   Section        0  stm32f4xx_hal_uart.o(.text.HAL_UARTEx_RxEventCallback)
    [Anonymous Symbol]                       0x08001020   Section        0  stm32f4xx_hal_uart.o(.text.HAL_UART_ErrorCallback)
    [Anonymous Symbol]                       0x08001024   Section        0  stm32f4xx_hal_uart.o(.text.HAL_UART_IRQHandler)
    [Anonymous Symbol]                       0x08001594   Section        0  stm32f4xx_hal_uart.o(.text.HAL_UART_Init)
    [Anonymous Symbol]                       0x080015f4   Section        0  usart.o(.text.HAL_UART_MspInit)
    [Anonymous Symbol]                       0x080016ac   Section        0  stm32f4xx_hal_uart.o(.text.HAL_UART_Receive)
    [Anonymous Symbol]                       0x080018a4   Section        0  stm32f4xx_hal_uart.o(.text.HAL_UART_RxCpltCallback)
    [Anonymous Symbol]                       0x080018a8   Section        0  stm32f4xx_hal_uart.o(.text.HAL_UART_Transmit)
    [Anonymous Symbol]                       0x08001994   Section        0  stm32f4xx_hal_uart.o(.text.HAL_UART_TxCpltCallback)
    [Anonymous Symbol]                       0x08001998   Section        0  stm32f4xx_it.o(.text.HardFault_Handler)
    [Anonymous Symbol]                       0x0800199c   Section        0  gpio.o(.text.MX_GPIO_Init)
    [Anonymous Symbol]                       0x08001a88   Section        0  usart.o(.text.MX_USART1_UART_Init)
    [Anonymous Symbol]                       0x08001ac4   Section        0  usart.o(.text.MX_USART2_UART_Init)
    [Anonymous Symbol]                       0x08001b00   Section        0  stm32f4xx_it.o(.text.MemManage_Handler)
    [Anonymous Symbol]                       0x08001b04   Section        0  stm32f4xx_it.o(.text.NMI_Handler)
    [Anonymous Symbol]                       0x08001b08   Section        0  stm32f4xx_it.o(.text.PendSV_Handler)
    [Anonymous Symbol]                       0x08001b0c   Section        0  stm32f4xx_it.o(.text.SVC_Handler)
    [Anonymous Symbol]                       0x08001b10   Section        0  stm32f4xx_it.o(.text.SysTick_Handler)
    [Anonymous Symbol]                       0x08001b14   Section        0  boot_main.o(.text.SystemClock_Config)
    [Anonymous Symbol]                       0x08001bbc   Section        0  system_stm32f4xx.o(.text.SystemInit)
    UART_DMAAbortOnError                     0x08001bd1   Thumb Code    10  stm32f4xx_hal_uart.o(.text.UART_DMAAbortOnError)
    [Anonymous Symbol]                       0x08001bd0   Section        0  stm32f4xx_hal_uart.o(.text.UART_DMAAbortOnError)
    UART_Receive_IT                          0x08001bdd   Thumb Code   250  stm32f4xx_hal_uart.o(.text.UART_Receive_IT)
    [Anonymous Symbol]                       0x08001bdc   Section        0  stm32f4xx_hal_uart.o(.text.UART_Receive_IT)
    UART_SetConfig                           0x08001cd9   Thumb Code   220  stm32f4xx_hal_uart.o(.text.UART_SetConfig)
    [Anonymous Symbol]                       0x08001cd8   Section        0  stm32f4xx_hal_uart.o(.text.UART_SetConfig)
    [Anonymous Symbol]                       0x08001db4   Section        0  stm32f4xx_it.o(.text.USART1_IRQHandler)
    [Anonymous Symbol]                       0x08001dc0   Section        0  stm32f4xx_it.o(.text.USART2_IRQHandler)
    [Anonymous Symbol]                       0x08001dcc   Section        0  stm32f4xx_it.o(.text.UsageFault_Handler)
    [Anonymous Symbol]                       0x08001dd0   Section        0  boot_flash.o(.text.boot_crc32)
    [Anonymous Symbol]                       0x08001e98   Section        0  boot_flash.o(.text.boot_crc32_slot)
    [Anonymous Symbol]                       0x08001f78   Section        0  boot_flash.o(.text.boot_erase_sector)
    [Anonymous Symbol]                       0x08001fac   Section        0  boot_flash.o(.text.boot_erase_slot)
    [Anonymous Symbol]                       0x080020f4   Section        0  boot_flash.o(.text.boot_flash_write_word)
    [Anonymous Symbol]                       0x0800211c   Section        0  boot_flash.o(.text.boot_flash_write_word_checked)
    boot_jump_to_app                         0x08002151   Thumb Code   256  boot_main.o(.text.boot_jump_to_app)
    [Anonymous Symbol]                       0x08002150   Section        0  boot_main.o(.text.boot_jump_to_app)
    [Anonymous Symbol]                       0x08002250   Section        0  boot_main.o(.text.boot_log_impl)
    [Anonymous Symbol]                       0x08002550   Section        0  boot_oled.o(.text.boot_oled_flush)
    [Anonymous Symbol]                       0x08002598   Section        0  boot_oled.o(.text.boot_oled_init)
    ssd1306_init_cmds                        0x08002630   Number         0  boot_oled.o(.text.boot_oled_init)
    [Anonymous Symbol]                       0x0800264c   Section        0  boot_oled.o(.text.boot_oled_progress)
    [Anonymous Symbol]                       0x0800271c   Section        0  boot_oled.o(.text.boot_oled_set_cursor)
    [Anonymous Symbol]                       0x08002780   Section        0  boot_oled.o(.text.boot_oled_status)
    [Anonymous Symbol]                       0x080027ec   Section        0  boot_main.o(.text.boot_printf)
    [Anonymous Symbol]                       0x08002828   Section        0  boot_proto.o(.text.boot_proto_build)
    [Anonymous Symbol]                       0x08002910   Section        0  boot_proto.o(.text.boot_proto_feed)
    [Anonymous Symbol]                       0x08002a38   Section        0  boot_proto.o(.text.boot_proto_get_frame)
    [Anonymous Symbol]                       0x08002a44   Section        0  boot_proto.o(.text.boot_proto_tx_buf)
    boot_vsnprintf                           0x08002a51   Thumb Code  1288  boot_main.o(.text.boot_vsnprintf)
    [Anonymous Symbol]                       0x08002a50   Section        0  boot_main.o(.text.boot_vsnprintf)
    draw_text_at                             0x08002f59   Thumb Code   486  boot_oled.o(.text.draw_text_at)
    [Anonymous Symbol]                       0x08002f58   Section        0  boot_oled.o(.text.draw_text_at)
    enter_update_mode                        0x08003141   Thumb Code  4328  boot_main.o(.text.enter_update_mode)
    [Anonymous Symbol]                       0x08003140   Section        0  boot_main.o(.text.enter_update_mode)
    [Anonymous Symbol]                       0x08004228   Section        0  boot_fw_info.o(.text.fw_info_activate_slot)
    [Anonymous Symbol]                       0x0800426c   Section        0  boot_fw_info.o(.text.fw_info_get)
    [Anonymous Symbol]                       0x08004278   Section        0  boot_fw_info.o(.text.fw_info_load)
    [Anonymous Symbol]                       0x080044cc   Section        0  boot_fw_info.o(.text.fw_info_save)
    [Anonymous Symbol]                       0x08004620   Section        0  boot_fw_info.o(.text.fw_info_set_active_slot)
    i2c_start                                0x08004639   Thumb Code   198  boot_oled.o(.text.i2c_start)
    [Anonymous Symbol]                       0x08004638   Section        0  boot_oled.o(.text.i2c_start)
    i2c_stop                                 0x08004701   Thumb Code   184  boot_oled.o(.text.i2c_stop)
    [Anonymous Symbol]                       0x08004700   Section        0  boot_oled.o(.text.i2c_stop)
    i2c_write_byte                           0x080047b9   Thumb Code   444  boot_oled.o(.text.i2c_write_byte)
    [Anonymous Symbol]                       0x080047b8   Section        0  boot_oled.o(.text.i2c_write_byte)
    [Anonymous Symbol]                       0x08004974   Section        0  boot_main.o(.text.main)
    [Anonymous Symbol]                       0x080054fc   Section        0  boot_ota_req.o(.text.ota_req_clear)
    [Anonymous Symbol]                       0x08005510   Section        0  boot_ota_req.o(.text.ota_req_is_update)
    i.__scatterload_copy                     0x08005536   Section       14  handlers.o(i.__scatterload_copy)
    i.__scatterload_null                     0x08005544   Section        2  handlers.o(i.__scatterload_null)
    i.__scatterload_zeroinit                 0x08005546   Section       14  handlers.o(i.__scatterload_zeroinit)
    ascii_8x16                               0x0800556c   Data        1520  boot_oled.o(.rodata.ascii_8x16)
    [Anonymous Symbol]                       0x0800556c   Section        0  boot_oled.o(.rodata.ascii_8x16)
    cn_font_table                            0x08005b5c   Data         684  boot_oled.o(.rodata.cn_font_table)
    [Anonymous Symbol]                       0x08005b5c   Section        0  boot_oled.o(.rodata.cn_font_table)
    crc32_table                              0x08005e08   Data        1024  boot_flash.o(.rodata.crc32_table)
    [Anonymous Symbol]                       0x08005e08   Section        0  boot_flash.o(.rodata.crc32_table)
    crc8_table                               0x08006208   Data         256  boot_proto.o(.rodata.crc8_table)
    [Anonymous Symbol]                       0x08006208   Section        0  boot_proto.o(.rodata.crc8_table)
    .L.str.6                                 0x08006308   Data          61  boot_fw_info.o(.rodata.str1.1)
    [Anonymous Symbol]                       0x08006308   Section        0  boot_fw_info.o(.rodata.str1.1)
    .L.str.4                                 0x08006345   Data          62  boot_fw_info.o(.rodata.str1.1)
    .L.str.12                                0x08006383   Data          62  boot_fw_info.o(.rodata.str1.1)
    .L.str.7                                 0x080063c1   Data          40  boot_fw_info.o(.rodata.str1.1)
    .L.str.8                                 0x080063e9   Data          47  boot_fw_info.o(.rodata.str1.1)
    .L.str.11                                0x08006418   Data          57  boot_fw_info.o(.rodata.str1.1)
    .L.str.3                                 0x08006451   Data          60  boot_fw_info.o(.rodata.str1.1)
    .L.str.1                                 0x0800648d   Data          58  boot_fw_info.o(.rodata.str1.1)
    .L__func__.fw_info_load                  0x080064c7   Data          13  boot_fw_info.o(.rodata.str1.1)
    .L__func__.fw_info_save                  0x080064d4   Data          13  boot_fw_info.o(.rodata.str1.1)
    .L.str.41                                0x080064e1   Data          37  boot_main.o(.rodata.str1.1)
    [Anonymous Symbol]                       0x080064e1   Section        0  boot_main.o(.rodata.str1.1)
    .L.str.44                                0x08006506   Data          44  boot_main.o(.rodata.str1.1)
    .L.str.48                                0x08006532   Data          46  boot_main.o(.rodata.str1.1)
    .L.str.25                                0x08006560   Data          36  boot_main.o(.rodata.str1.1)
    .L.str.36                                0x08006584   Data          36  boot_main.o(.rodata.str1.1)
    .L.str.10                                0x080065a8   Data          25  boot_main.o(.rodata.str1.1)
    .L.str.7                                 0x080065c1   Data          37  boot_main.o(.rodata.str1.1)
    .L.str.28                                0x080065e6   Data          27  boot_main.o(.rodata.str1.1)
    .L.str.37                                0x08006601   Data          35  boot_main.o(.rodata.str1.1)
    .L.str.15                                0x08006624   Data          41  boot_main.o(.rodata.str1.1)
    .L.str.18                                0x0800664d   Data          55  boot_main.o(.rodata.str1.1)
    .L.str.38                                0x08006684   Data          13  boot_main.o(.rodata.str1.1)
    .L.str.29                                0x08006691   Data          13  boot_main.o(.rodata.str1.1)
    .L.str.1                                 0x0800669e   Data          41  boot_main.o(.rodata.str1.1)
    .L.str.30                                0x080066c7   Data          29  boot_main.o(.rodata.str1.1)
    .L.str.45                                0x080066e4   Data          26  boot_main.o(.rodata.str1.1)
    .L.str.31                                0x080066fe   Data          25  boot_main.o(.rodata.str1.1)
    .L.str.19                                0x08006717   Data          31  boot_main.o(.rodata.str1.1)
    .L.str.47                                0x08006736   Data          24  boot_main.o(.rodata.str1.1)
    .L.str.35                                0x0800674e   Data          29  boot_main.o(.rodata.str1.1)
    .L.str.14                                0x0800676b   Data          61  boot_main.o(.rodata.str1.1)
    .L.str.39                                0x080067a8   Data          41  boot_main.o(.rodata.str1.1)
    .L.str.26                                0x080067d1   Data          61  boot_main.o(.rodata.str1.1)
    .L.str.13                                0x0800680e   Data          88  boot_main.o(.rodata.str1.1)
    .L.str.16                                0x08006866   Data          59  boot_main.o(.rodata.str1.1)
    .L.str.40                                0x080068a1   Data          31  boot_main.o(.rodata.str1.1)
    .L.str.17                                0x080068c0   Data          30  boot_main.o(.rodata.str1.1)
    .L.str.12                                0x080068de   Data          35  boot_main.o(.rodata.str1.1)
    .L.str.11                                0x08006901   Data          46  boot_main.o(.rodata.str1.1)
    .L.str.20                                0x0800692f   Data          51  boot_main.o(.rodata.str1.1)
    .L.str.32                                0x08006962   Data          35  boot_main.o(.rodata.str1.1)
    .L__func__.enter_update_mode             0x08006985   Data          18  boot_main.o(.rodata.str1.1)
    .L.str.33                                0x08006997   Data          36  boot_main.o(.rodata.str1.1)
    .L.str.27                                0x080069bb   Data          42  boot_main.o(.rodata.str1.1)
    .L__func__.main                          0x080069e5   Data           5  boot_main.o(.rodata.str1.1)
    .L__func__.boot_jump_to_app              0x080069ea   Data          17  boot_main.o(.rodata.str1.1)
    .L.str.34                                0x080069fb   Data          47  boot_main.o(.rodata.str1.1)
    .L.str.42                                0x08006a2a   Data          13  boot_main.o(.rodata.str1.1)
    .L.str.15                                0x08006a33   Data           4  boot_main.o(.rodata.str1.1)
    .L.str.3                                 0x08006a37   Data           4  boot_oled.o(.rodata.str1.1)
    [Anonymous Symbol]                       0x08006a37   Section        0  boot_oled.o(.rodata.str1.1)
    .L.str.12                                0x08006a3b   Data           4  boot_oled.o(.rodata.str1.1)
    .L.str.19                                0x08006a3f   Data           4  boot_oled.o(.rodata.str1.1)
    .L.str.14                                0x08006a43   Data           4  boot_oled.o(.rodata.str1.1)
    .L.str.6                                 0x08006a47   Data           4  boot_oled.o(.rodata.str1.1)
    .L.str.1                                 0x08006a4b   Data           4  boot_oled.o(.rodata.str1.1)
    .L.str.18                                0x08006a4f   Data           4  boot_oled.o(.rodata.str1.1)
    .L.str.5                                 0x08006a53   Data           4  boot_oled.o(.rodata.str1.1)
    .L.str.10                                0x08006a57   Data           4  boot_oled.o(.rodata.str1.1)
    .L.str.8                                 0x08006a5b   Data           4  boot_oled.o(.rodata.str1.1)
    .L.str.2                                 0x08006a5f   Data           4  boot_oled.o(.rodata.str1.1)
    .L.str.7                                 0x08006a63   Data           4  boot_oled.o(.rodata.str1.1)
    .L.str.4                                 0x08006a67   Data           4  boot_oled.o(.rodata.str1.1)
    .L.str.17                                0x08006a6b   Data           4  boot_oled.o(.rodata.str1.1)
    .L.str.11                                0x08006a6f   Data           4  boot_oled.o(.rodata.str1.1)
    .L.str.9                                 0x08006a73   Data           4  boot_oled.o(.rodata.str1.1)
    .L.str.16                                0x08006a77   Data           4  boot_oled.o(.rodata.str1.1)
    .L.str.13                                0x08006a7b   Data           4  boot_oled.o(.rodata.str1.1)
    g_fw_info                                0x20000030   Data          36  boot_fw_info.o(.bss.g_fw_info)
    [Anonymous Symbol]                       0x20000030   Section        0  boot_fw_info.o(.bss.g_fw_info)
    oled_buf                                 0x200000e4   Data        1024  boot_oled.o(.bss.oled_buf)
    [Anonymous Symbol]                       0x200000e4   Section        0  boot_oled.o(.bss.oled_buf)
    s_crc_acc                                0x200004e4   Data           1  boot_proto.o(.bss.s_crc_acc)
    [Anonymous Symbol]                       0x200004e4   Section        0  boot_proto.o(.bss.s_crc_acc)
    s_data_idx                               0x200004e5   Data           1  boot_proto.o(.bss.s_data_idx)
    [Anonymous Symbol]                       0x200004e5   Section        0  boot_proto.o(.bss.s_data_idx)
    s_expect_len                             0x200004e6   Data           1  boot_proto.o(.bss.s_expect_len)
    [Anonymous Symbol]                       0x200004e6   Section        0  boot_proto.o(.bss.s_expect_len)
    s_frame                                  0x200004e7   Data         253  boot_proto.o(.bss.s_frame)
    [Anonymous Symbol]                       0x200004e7   Section        0  boot_proto.o(.bss.s_frame)
    s_state                                  0x200005e4   Data           1  boot_proto.o(.bss.s_state)
    [Anonymous Symbol]                       0x200005e4   Section        0  boot_proto.o(.bss.s_state)
    tx_buf                                   0x200005e5   Data         257  boot_proto.o(.bss.tx_buf)
    [Anonymous Symbol]                       0x200005e5   Section        0  boot_proto.o(.bss.tx_buf)
    STACK                                    0x200006f0   Section     4096  startup_stm32f407xx.o(STACK)

    Global Symbols

    Symbol Name                              Value     Ov Type        Size  Object(Section)

    BuildAttributes$$THM_ISAv4$E$P$D$K$B$S$7EM$VFPi3$EXTD16$VFPS$VFMA$PE$A:L22UL41UL21$X:L11$S22US41US21$IEEE1$IW$~IW$USESV6$~STKCKD$USESV7$~SHL$OTIME$EBA8$MICROLIB$REQ8$PRES8$EABIv2 0x00000000   Number         0  anon$$obj.o ABSOLUTE
    __cpp_initialize__aeabi_                  - Undefined Weak Reference
    __cxa_finalize                            - Undefined Weak Reference
    __decompress                              - Undefined Weak Reference
    _clock_init                               - Undefined Weak Reference
    _microlib_exit                            - Undefined Weak Reference
    __Vectors_Size                           0x00000188   Number         0  startup_stm32f407xx.o ABSOLUTE
    __Vectors                                0x08000000   Data           4  startup_stm32f407xx.o(RESET)
    __Vectors_End                            0x08000188   Data           0  startup_stm32f407xx.o(RESET)
    __main                                   0x08000189   Thumb Code     0  entry.o(.ARM.Collect$$$$00000000)
    _main_stk                                0x08000189   Thumb Code     0  entry2.o(.ARM.Collect$$$$00000001)
    _main_scatterload                        0x0800018d   Thumb Code     0  entry5.o(.ARM.Collect$$$$00000004)
    __main_after_scatterload                 0x08000191   Thumb Code     0  entry5.o(.ARM.Collect$$$$00000004)
    _main_clock                              0x08000191   Thumb Code     0  entry7b.o(.ARM.Collect$$$$00000008)
    _main_cpp_init                           0x08000191   Thumb Code     0  entry8b.o(.ARM.Collect$$$$0000000A)
    _main_init                               0x08000191   Thumb Code     0  entry9a.o(.ARM.Collect$$$$0000000B)
    __rt_final_cpp                           0x08000199   Thumb Code     0  entry10a.o(.ARM.Collect$$$$0000000D)
    __rt_final_exit                          0x08000199   Thumb Code     0  entry11a.o(.ARM.Collect$$$$0000000F)
    Reset_Handler                            0x0800019d   Thumb Code     8  startup_stm32f407xx.o(.text)
    ADC_IRQHandler                           0x080001b7   Thumb Code     0  startup_stm32f407xx.o(.text)
    CAN1_RX0_IRQHandler                      0x080001b7   Thumb Code     0  startup_stm32f407xx.o(.text)
    CAN1_RX1_IRQHandler                      0x080001b7   Thumb Code     0  startup_stm32f407xx.o(.text)
    CAN1_SCE_IRQHandler                      0x080001b7   Thumb Code     0  startup_stm32f407xx.o(.text)
    CAN1_TX_IRQHandler                       0x080001b7   Thumb Code     0  startup_stm32f407xx.o(.text)
    CAN2_RX0_IRQHandler                      0x080001b7   Thumb Code     0  startup_stm32f407xx.o(.text)
    CAN2_RX1_IRQHandler                      0x080001b7   Thumb Code     0  startup_stm32f407xx.o(.text)
    CAN2_SCE_IRQHandler                      0x080001b7   Thumb Code     0  startup_stm32f407xx.o(.text)
    CAN2_TX_IRQHandler                       0x080001b7   Thumb Code     0  startup_stm32f407xx.o(.text)
    DCMI_IRQHandler                          0x080001b7   Thumb Code     0  startup_stm32f407xx.o(.text)
    DMA1_Stream0_IRQHandler                  0x080001b7   Thumb Code     0  startup_stm32f407xx.o(.text)
    DMA1_Stream1_IRQHandler                  0x080001b7   Thumb Code     0  startup_stm32f407xx.o(.text)
    DMA1_Stream2_IRQHandler                  0x080001b7   Thumb Code     0  startup_stm32f407xx.o(.text)
    DMA1_Stream3_IRQHandler                  0x080001b7   Thumb Code     0  startup_stm32f407xx.o(.text)
    DMA1_Stream4_IRQHandler                  0x080001b7   Thumb Code     0  startup_stm32f407xx.o(.text)
    DMA1_Stream5_IRQHandler                  0x080001b7   Thumb Code     0  startup_stm32f407xx.o(.text)
    DMA1_Stream6_IRQHandler                  0x080001b7   Thumb Code     0  startup_stm32f407xx.o(.text)
    DMA1_Stream7_IRQHandler                  0x080001b7   Thumb Code     0  startup_stm32f407xx.o(.text)
    DMA2_Stream0_IRQHandler                  0x080001b7   Thumb Code     0  startup_stm32f407xx.o(.text)
    DMA2_Stream1_IRQHandler                  0x080001b7   Thumb Code     0  startup_stm32f407xx.o(.text)
    DMA2_Stream2_IRQHandler                  0x080001b7   Thumb Code     0  startup_stm32f407xx.o(.text)
    DMA2_Stream3_IRQHandler                  0x080001b7   Thumb Code     0  startup_stm32f407xx.o(.text)
    DMA2_Stream4_IRQHandler                  0x080001b7   Thumb Code     0  startup_stm32f407xx.o(.text)
    DMA2_Stream5_IRQHandler                  0x080001b7   Thumb Code     0  startup_stm32f407xx.o(.text)
    DMA2_Stream6_IRQHandler                  0x080001b7   Thumb Code     0  startup_stm32f407xx.o(.text)
    DMA2_Stream7_IRQHandler                  0x080001b7   Thumb Code     0  startup_stm32f407xx.o(.text)
    ETH_IRQHandler                           0x080001b7   Thumb Code     0  startup_stm32f407xx.o(.text)
    ETH_WKUP_IRQHandler                      0x080001b7   Thumb Code     0  startup_stm32f407xx.o(.text)
    EXTI0_IRQHandler                         0x080001b7   Thumb Code     0  startup_stm32f407xx.o(.text)
    EXTI15_10_IRQHandler                     0x080001b7   Thumb Code     0  startup_stm32f407xx.o(.text)
    EXTI1_IRQHandler                         0x080001b7   Thumb Code     0  startup_stm32f407xx.o(.text)
    EXTI2_IRQHandler                         0x080001b7   Thumb Code     0  startup_stm32f407xx.o(.text)
    EXTI3_IRQHandler                         0x080001b7   Thumb Code     0  startup_stm32f407xx.o(.text)
    EXTI4_IRQHandler                         0x080001b7   Thumb Code     0  startup_stm32f407xx.o(.text)
    EXTI9_5_IRQHandler                       0x080001b7   Thumb Code     0  startup_stm32f407xx.o(.text)
    FLASH_IRQHandler                         0x080001b7   Thumb Code     0  startup_stm32f407xx.o(.text)
    FMC_IRQHandler                           0x080001b7   Thumb Code     0  startup_stm32f407xx.o(.text)
    FPU_IRQHandler                           0x080001b7   Thumb Code     0  startup_stm32f407xx.o(.text)
    HASH_RNG_IRQHandler                      0x080001b7   Thumb Code     0  startup_stm32f407xx.o(.text)
    I2C1_ER_IRQHandler                       0x080001b7   Thumb Code     0  startup_stm32f407xx.o(.text)
    I2C1_EV_IRQHandler                       0x080001b7   Thumb Code     0  startup_stm32f407xx.o(.text)
    I2C2_ER_IRQHandler                       0x080001b7   Thumb Code     0  startup_stm32f407xx.o(.text)
    I2C2_EV_IRQHandler                       0x080001b7   Thumb Code     0  startup_stm32f407xx.o(.text)
    I2C3_ER_IRQHandler                       0x080001b7   Thumb Code     0  startup_stm32f407xx.o(.text)
    I2C3_EV_IRQHandler                       0x080001b7   Thumb Code     0  startup_stm32f407xx.o(.text)
    OTG_FS_IRQHandler                        0x080001b7   Thumb Code     0  startup_stm32f407xx.o(.text)
    OTG_FS_WKUP_IRQHandler                   0x080001b7   Thumb Code     0  startup_stm32f407xx.o(.text)
    OTG_HS_EP1_IN_IRQHandler                 0x080001b7   Thumb Code     0  startup_stm32f407xx.o(.text)
    OTG_HS_EP1_OUT_IRQHandler                0x080001b7   Thumb Code     0  startup_stm32f407xx.o(.text)
    OTG_HS_IRQHandler                        0x080001b7   Thumb Code     0  startup_stm32f407xx.o(.text)
    OTG_HS_WKUP_IRQHandler                   0x080001b7   Thumb Code     0  startup_stm32f407xx.o(.text)
    PVD_IRQHandler                           0x080001b7   Thumb Code     0  startup_stm32f407xx.o(.text)
    RCC_IRQHandler                           0x080001b7   Thumb Code     0  startup_stm32f407xx.o(.text)
    RTC_Alarm_IRQHandler                     0x080001b7   Thumb Code     0  startup_stm32f407xx.o(.text)
    RTC_WKUP_IRQHandler                      0x080001b7   Thumb Code     0  startup_stm32f407xx.o(.text)
    SDIO_IRQHandler                          0x080001b7   Thumb Code     0  startup_stm32f407xx.o(.text)
    SPI1_IRQHandler                          0x080001b7   Thumb Code     0  startup_stm32f407xx.o(.text)
    SPI2_IRQHandler                          0x080001b7   Thumb Code     0  startup_stm32f407xx.o(.text)
    SPI3_IRQHandler                          0x080001b7   Thumb Code     0  startup_stm32f407xx.o(.text)
    TAMP_STAMP_IRQHandler                    0x080001b7   Thumb Code     0  startup_stm32f407xx.o(.text)
    TIM1_BRK_TIM9_IRQHandler                 0x080001b7   Thumb Code     0  startup_stm32f407xx.o(.text)
    TIM1_CC_IRQHandler                       0x080001b7   Thumb Code     0  startup_stm32f407xx.o(.text)
    TIM1_TRG_COM_TIM11_IRQHandler            0x080001b7   Thumb Code     0  startup_stm32f407xx.o(.text)
    TIM1_UP_TIM10_IRQHandler                 0x080001b7   Thumb Code     0  startup_stm32f407xx.o(.text)
    TIM2_IRQHandler                          0x080001b7   Thumb Code     0  startup_stm32f407xx.o(.text)
    TIM3_IRQHandler                          0x080001b7   Thumb Code     0  startup_stm32f407xx.o(.text)
    TIM4_IRQHandler                          0x080001b7   Thumb Code     0  startup_stm32f407xx.o(.text)
    TIM5_IRQHandler                          0x080001b7   Thumb Code     0  startup_stm32f407xx.o(.text)
    TIM6_DAC_IRQHandler                      0x080001b7   Thumb Code     0  startup_stm32f407xx.o(.text)
    TIM7_IRQHandler                          0x080001b7   Thumb Code     0  startup_stm32f407xx.o(.text)
    TIM8_BRK_TIM12_IRQHandler                0x080001b7   Thumb Code     0  startup_stm32f407xx.o(.text)
    TIM8_CC_IRQHandler                       0x080001b7   Thumb Code     0  startup_stm32f407xx.o(.text)
    TIM8_TRG_COM_TIM14_IRQHandler            0x080001b7   Thumb Code     0  startup_stm32f407xx.o(.text)
    TIM8_UP_TIM13_IRQHandler                 0x080001b7   Thumb Code     0  startup_stm32f407xx.o(.text)
    UART4_IRQHandler                         0x080001b7   Thumb Code     0  startup_stm32f407xx.o(.text)
    UART5_IRQHandler                         0x080001b7   Thumb Code     0  startup_stm32f407xx.o(.text)
    USART3_IRQHandler                        0x080001b7   Thumb Code     0  startup_stm32f407xx.o(.text)
    USART6_IRQHandler                        0x080001b7   Thumb Code     0  startup_stm32f407xx.o(.text)
    WWDG_IRQHandler                          0x080001b7   Thumb Code     0  startup_stm32f407xx.o(.text)
    __aeabi_uldivmod                         0x080001c1   Thumb Code    98  uldiv.o(.text)
    __aeabi_memcpy                           0x08000223   Thumb Code    36  memcpya.o(.text)
    __aeabi_memcpy4                          0x08000223   Thumb Code     0  memcpya.o(.text)
    __aeabi_memcpy8                          0x08000223   Thumb Code     0  memcpya.o(.text)
    __aeabi_memset                           0x08000247   Thumb Code    14  memseta.o(.text)
    __aeabi_memset4                          0x08000247   Thumb Code     0  memseta.o(.text)
    __aeabi_memset8                          0x08000247   Thumb Code     0  memseta.o(.text)
    __aeabi_memclr                           0x08000255   Thumb Code     4  memseta.o(.text)
    __aeabi_memclr4                          0x08000255   Thumb Code     0  memseta.o(.text)
    __aeabi_memclr8                          0x08000255   Thumb Code     0  memseta.o(.text)
    _memset$wrapper                          0x08000259   Thumb Code    18  memseta.o(.text)
    __aeabi_llsl                             0x0800026b   Thumb Code    30  llshl.o(.text)
    _ll_shift_l                              0x0800026b   Thumb Code     0  llshl.o(.text)
    __aeabi_llsr                             0x08000289   Thumb Code    32  llushr.o(.text)
    _ll_ushift_r                             0x08000289   Thumb Code     0  llushr.o(.text)
    __scatterload                            0x080002a9   Thumb Code    28  init.o(.text)
    __scatterload_rt2                        0x080002a9   Thumb Code     0  init.o(.text)
    BusFault_Handler                         0x080002cd   Thumb Code     2  stm32f4xx_it.o(.text.BusFault_Handler)
    DebugMon_Handler                         0x080002d1   Thumb Code     2  stm32f4xx_it.o(.text.DebugMon_Handler)
    Error_Handler                            0x080002d5   Thumb Code     6  boot_main.o(.text.Error_Handler)
    FLASH_WaitForLastOperation               0x080002dd   Thumb Code   250  stm32f4xx_hal_flash.o(.text.FLASH_WaitForLastOperation)
    HAL_DMA_Abort                            0x080003d9   Thumb Code   130  stm32f4xx_hal_dma.o(.text.HAL_DMA_Abort)
    HAL_DMA_Abort_IT                         0x0800045d   Thumb Code    36  stm32f4xx_hal_dma.o(.text.HAL_DMA_Abort_IT)
    HAL_FLASHEx_Erase                        0x08000481   Thumb Code   366  stm32f4xx_hal_flash_ex.o(.text.HAL_FLASHEx_Erase)
    HAL_FLASH_Lock                           0x080005f1   Thumb Code    20  stm32f4xx_hal_flash.o(.text.HAL_FLASH_Lock)
    HAL_FLASH_Program                        0x08000605   Thumb Code   268  stm32f4xx_hal_flash.o(.text.HAL_FLASH_Program)
    HAL_FLASH_Unlock                         0x08000711   Thumb Code    46  stm32f4xx_hal_flash.o(.text.HAL_FLASH_Unlock)
    HAL_GPIO_Init                            0x08000741   Thumb Code   444  stm32f4xx_hal_gpio.o(.text.HAL_GPIO_Init)
    HAL_GPIO_ReadPin                         0x080008fd   Thumb Code    10  stm32f4xx_hal_gpio.o(.text.HAL_GPIO_ReadPin)
    HAL_GPIO_WritePin                        0x08000909   Thumb Code    10  stm32f4xx_hal_gpio.o(.text.HAL_GPIO_WritePin)
    HAL_GetTick                              0x08000915   Thumb Code    12  stm32f4xx_hal.o(.text.HAL_GetTick)
    HAL_IncTick                              0x08000921   Thumb Code    26  stm32f4xx_hal.o(.text.HAL_IncTick)
    HAL_Init                                 0x0800093d   Thumb Code    54  stm32f4xx_hal.o(.text.HAL_Init)
    HAL_InitTick                             0x08000975   Thumb Code    80  stm32f4xx_hal.o(.text.HAL_InitTick)
    HAL_MspInit                              0x080009c5   Thumb Code    56  stm32f4xx_hal_msp.o(.text.HAL_MspInit)
    HAL_NVIC_SetPriority                     0x080009fd   Thumb Code    86  stm32f4xx_hal_cortex.o(.text.HAL_NVIC_SetPriority)
    HAL_NVIC_SetPriorityGrouping             0x08000a55   Thumb Code    32  stm32f4xx_hal_cortex.o(.text.HAL_NVIC_SetPriorityGrouping)
    HAL_RCC_ClockConfig                      0x08000a75   Thumb Code   354  stm32f4xx_hal_rcc.o(.text.HAL_RCC_ClockConfig)
    HAL_RCC_GetPCLK1Freq                     0x08000bd9   Thumb Code    38  stm32f4xx_hal_rcc.o(.text.HAL_RCC_GetPCLK1Freq)
    HAL_RCC_GetPCLK2Freq                     0x08000c01   Thumb Code    38  stm32f4xx_hal_rcc.o(.text.HAL_RCC_GetPCLK2Freq)
    HAL_RCC_GetSysClockFreq                  0x08000c29   Thumb Code   106  stm32f4xx_hal_rcc.o(.text.HAL_RCC_GetSysClockFreq)
    HAL_RCC_OscConfig                        0x08000c95   Thumb Code   858  stm32f4xx_hal_rcc.o(.text.HAL_RCC_OscConfig)
    HAL_SYSTICK_Config                       0x08000ff1   Thumb Code    44  stm32f4xx_hal_cortex.o(.text.HAL_SYSTICK_Config)
    HAL_UARTEx_RxEventCallback               0x0800101d   Thumb Code     2  stm32f4xx_hal_uart.o(.text.HAL_UARTEx_RxEventCallback)
    HAL_UART_ErrorCallback                   0x08001021   Thumb Code     2  stm32f4xx_hal_uart.o(.text.HAL_UART_ErrorCallback)
    HAL_UART_IRQHandler                      0x08001025   Thumb Code  1390  stm32f4xx_hal_uart.o(.text.HAL_UART_IRQHandler)
    HAL_UART_Init                            0x08001595   Thumb Code    96  stm32f4xx_hal_uart.o(.text.HAL_UART_Init)
    HAL_UART_MspInit                         0x080015f5   Thumb Code   182  usart.o(.text.HAL_UART_MspInit)
    HAL_UART_Receive                         0x080016ad   Thumb Code   502  stm32f4xx_hal_uart.o(.text.HAL_UART_Receive)
    HAL_UART_RxCpltCallback                  0x080018a5   Thumb Code     2  stm32f4xx_hal_uart.o(.text.HAL_UART_RxCpltCallback)
    HAL_UART_Transmit                        0x080018a9   Thumb Code   236  stm32f4xx_hal_uart.o(.text.HAL_UART_Transmit)
    HAL_UART_TxCpltCallback                  0x08001995   Thumb Code     2  stm32f4xx_hal_uart.o(.text.HAL_UART_TxCpltCallback)
    HardFault_Handler                        0x08001999   Thumb Code     2  stm32f4xx_it.o(.text.HardFault_Handler)
    MX_GPIO_Init                             0x0800199d   Thumb Code   234  gpio.o(.text.MX_GPIO_Init)
    MX_USART1_UART_Init                      0x08001a89   Thumb Code    60  usart.o(.text.MX_USART1_UART_Init)
    MX_USART2_UART_Init                      0x08001ac5   Thumb Code    60  usart.o(.text.MX_USART2_UART_Init)
    MemManage_Handler                        0x08001b01   Thumb Code     2  stm32f4xx_it.o(.text.MemManage_Handler)
    NMI_Handler                              0x08001b05   Thumb Code     2  stm32f4xx_it.o(.text.NMI_Handler)
    PendSV_Handler                           0x08001b09   Thumb Code     2  stm32f4xx_it.o(.text.PendSV_Handler)
    SVC_Handler                              0x08001b0d   Thumb Code     2  stm32f4xx_it.o(.text.SVC_Handler)
    SysTick_Handler                          0x08001b11   Thumb Code     4  stm32f4xx_it.o(.text.SysTick_Handler)
    SystemClock_Config                       0x08001b15   Thumb Code   166  boot_main.o(.text.SystemClock_Config)
    SystemInit                               0x08001bbd   Thumb Code    18  system_stm32f4xx.o(.text.SystemInit)
    USART1_IRQHandler                        0x08001db5   Thumb Code    12  stm32f4xx_it.o(.text.USART1_IRQHandler)
    USART2_IRQHandler                        0x08001dc1   Thumb Code    12  stm32f4xx_it.o(.text.USART2_IRQHandler)
    UsageFault_Handler                       0x08001dcd   Thumb Code     2  stm32f4xx_it.o(.text.UsageFault_Handler)
    boot_crc32                               0x08001dd1   Thumb Code   200  boot_flash.o(.text.boot_crc32)
    boot_crc32_slot                          0x08001e99   Thumb Code   224  boot_flash.o(.text.boot_crc32_slot)
    boot_erase_sector                        0x08001f79   Thumb Code    52  boot_flash.o(.text.boot_erase_sector)
    boot_erase_slot                          0x08001fad   Thumb Code   326  boot_flash.o(.text.boot_erase_slot)
    boot_flash_write_word                    0x080020f5   Thumb Code    40  boot_flash.o(.text.boot_flash_write_word)
    boot_flash_write_word_checked            0x0800211d   Thumb Code    50  boot_flash.o(.text.boot_flash_write_word_checked)
    boot_log_impl                            0x08002251   Thumb Code   766  boot_main.o(.text.boot_log_impl)
    boot_oled_flush                          0x08002551   Thumb Code    72  boot_oled.o(.text.boot_oled_flush)
    boot_oled_init                           0x08002599   Thumb Code   180  boot_oled.o(.text.boot_oled_init)
    boot_oled_progress                       0x0800264d   Thumb Code   208  boot_oled.o(.text.boot_oled_progress)
    boot_oled_set_cursor                     0x0800271d   Thumb Code   100  boot_oled.o(.text.boot_oled_set_cursor)
    boot_oled_status                         0x08002781   Thumb Code   106  boot_oled.o(.text.boot_oled_status)
    boot_printf                              0x080027ed   Thumb Code    58  boot_main.o(.text.boot_printf)
    boot_proto_build                         0x08002829   Thumb Code   230  boot_proto.o(.text.boot_proto_build)
    boot_proto_feed                          0x08002911   Thumb Code   294  boot_proto.o(.text.boot_proto_feed)
    boot_proto_get_frame                     0x08002a39   Thumb Code    10  boot_proto.o(.text.boot_proto_get_frame)
    boot_proto_tx_buf                        0x08002a45   Thumb Code    10  boot_proto.o(.text.boot_proto_tx_buf)
    fw_info_activate_slot                    0x08004229   Thumb Code    66  boot_fw_info.o(.text.fw_info_activate_slot)
    fw_info_get                              0x0800426d   Thumb Code    10  boot_fw_info.o(.text.fw_info_get)
    fw_info_load                             0x08004279   Thumb Code   596  boot_fw_info.o(.text.fw_info_load)
    fw_info_save                             0x080044cd   Thumb Code   340  boot_fw_info.o(.text.fw_info_save)
    fw_info_set_active_slot                  0x08004621   Thumb Code    22  boot_fw_info.o(.text.fw_info_set_active_slot)
    main                                     0x08004975   Thumb Code  2952  boot_main.o(.text.main)
    ota_req_clear                            0x080054fd   Thumb Code    20  boot_ota_req.o(.text.ota_req_clear)
    ota_req_is_update                        0x08005511   Thumb Code    38  boot_ota_req.o(.text.ota_req_is_update)
    __scatterload_copy                       0x08005537   Thumb Code    14  handlers.o(i.__scatterload_copy)
    __scatterload_null                       0x08005545   Thumb Code     2  handlers.o(i.__scatterload_null)
    __scatterload_zeroinit                   0x08005547   Thumb Code    14  handlers.o(i.__scatterload_zeroinit)
    AHBPrescTable                            0x08005554   Data          16  system_stm32f4xx.o(.rodata.AHBPrescTable)
    APBPrescTable                            0x08005564   Data           8  system_stm32f4xx.o(.rodata.APBPrescTable)
    Region$$Table$$Base                      0x08006a80   Number         0  anon$$obj.o(Region$$Table)
    Region$$Table$$Limit                     0x08006aa0   Number         0  anon$$obj.o(Region$$Table)
    SystemCoreClock                          0x20000000   Data           4  system_stm32f4xx.o(.data.SystemCoreClock)
    pFlash                                   0x20000004   Data          32  stm32f4xx_hal_flash.o(.data.pFlash)
    uwTickFreq                               0x20000024   Data           1  stm32f4xx_hal.o(.data.uwTickFreq)
    uwTickPrio                               0x20000028   Data           4  stm32f4xx_hal.o(.data.uwTickPrio)
    huart1                                   0x20000054   Data          72  usart.o(.bss.huart1)
    huart2                                   0x2000009c   Data          72  usart.o(.bss.huart2)
    uwTick                                   0x200006e8   Data           4  stm32f4xx_hal.o(.bss.uwTick)
    __initial_sp                             0x200016f0   Data           0  startup_stm32f407xx.o(STACK)



==============================================================================

Memory Map of the image

  Image Entry point : 0x08000189

  Load Region LR_IROM1 (Base: 0x08000000, Size: 0x00006ad0, Max: 0x00008000, ABSOLUTE)

    Execution Region ER_IROM1 (Exec base: 0x08000000, Load base: 0x08000000, Size: 0x00006aa0, Max: 0x00008000, ABSOLUTE)

    Exec Addr    Load Addr    Size         Type   Attr      Idx    E Section Name        Object

    0x08000000   0x08000000   0x00000188   Data   RO            3    RESET               startup_stm32f407xx.o
    0x08000188   0x08000188   0x00000000   Code   RO          723  * .ARM.Collect$$$$00000000  mc_w.l(entry.o)
    0x08000188   0x08000188   0x00000004   Code   RO          734    .ARM.Collect$$$$00000001  mc_w.l(entry2.o)
    0x0800018c   0x0800018c   0x00000004   Code   RO          737    .ARM.Collect$$$$00000004  mc_w.l(entry5.o)
    0x08000190   0x08000190   0x00000000   Code   RO          739    .ARM.Collect$$$$00000008  mc_w.l(entry7b.o)
    0x08000190   0x08000190   0x00000000   Code   RO          741    .ARM.Collect$$$$0000000A  mc_w.l(entry8b.o)
    0x08000190   0x08000190   0x00000008   Code   RO          742    .ARM.Collect$$$$0000000B  mc_w.l(entry9a.o)
    0x08000198   0x08000198   0x00000000   Code   RO          744    .ARM.Collect$$$$0000000D  mc_w.l(entry10a.o)
    0x08000198   0x08000198   0x00000000   Code   RO          746    .ARM.Collect$$$$0000000F  mc_w.l(entry11a.o)
    0x08000198   0x08000198   0x00000004   Code   RO          735    .ARM.Collect$$$$00002712  mc_w.l(entry2.o)
    0x0800019c   0x0800019c   0x00000024   Code   RO            4    .text               startup_stm32f407xx.o
    0x080001c0   0x080001c0   0x00000062   Code   RO          726    .text               mc_w.l(uldiv.o)
    0x08000222   0x08000222   0x00000024   Code   RO          728    .text               mc_w.l(memcpya.o)
    0x08000246   0x08000246   0x00000024   Code   RO          730    .text               mc_w.l(memseta.o)
    0x0800026a   0x0800026a   0x0000001e   Code   RO          748    .text               mc_w.l(llshl.o)
    0x08000288   0x08000288   0x00000020   Code   RO          750    .text               mc_w.l(llushr.o)
    0x080002a8   0x080002a8   0x00000024   Code   RO          752    .text               mc_w.l(init.o)
    0x080002cc   0x080002cc   0x00000002   Code   RO          142    .text.BusFault_Handler  stm32f4xx_it.o
    0x080002ce   0x080002ce   0x00000002   PAD
    0x080002d0   0x080002d0   0x00000002   Code   RO          148    .text.DebugMon_Handler  stm32f4xx_it.o
    0x080002d2   0x080002d2   0x00000002   PAD
    0x080002d4   0x080002d4   0x00000006   Code   RO           66    .text.Error_Handler  boot_main.o
    0x080002da   0x080002da   0x00000002   PAD
    0x080002dc   0x080002dc   0x000000fa   Code   RO          367    .text.FLASH_WaitForLastOperation  stm32f4xx_hal_flash.o
    0x080003d6   0x080003d6   0x00000002   PAD
    0x080003d8   0x080003d8   0x00000082   Code   RO          698    .text.HAL_DMA_Abort  stm32f4xx_hal_dma.o
    0x0800045a   0x0800045a   0x00000002   PAD
    0x0800045c   0x0800045c   0x00000024   Code   RO          700    .text.HAL_DMA_Abort_IT  stm32f4xx_hal_dma.o
    0x08000480   0x08000480   0x0000016e   Code   RO          399    .text.HAL_FLASHEx_Erase  stm32f4xx_hal_flash_ex.o
    0x080005ee   0x080005ee   0x00000002   PAD
    0x080005f0   0x080005f0   0x00000014   Code   RO          379    .text.HAL_FLASH_Lock  stm32f4xx_hal_flash.o
    0x08000604   0x08000604   0x0000010c   Code   RO          365    .text.HAL_FLASH_Program  stm32f4xx_hal_flash.o
    0x08000710   0x08000710   0x0000002e   Code   RO          377    .text.HAL_FLASH_Unlock  stm32f4xx_hal_flash.o
    0x0800073e   0x0800073e   0x00000002   PAD
    0x08000740   0x08000740   0x000001bc   Code   RO          420    .text.HAL_GPIO_Init  stm32f4xx_hal_gpio.o
    0x080008fc   0x080008fc   0x0000000a   Code   RO          424    .text.HAL_GPIO_ReadPin  stm32f4xx_hal_gpio.o
    0x08000906   0x08000906   0x00000002   PAD
    0x08000908   0x08000908   0x0000000a   Code   RO          426    .text.HAL_GPIO_WritePin  stm32f4xx_hal_gpio.o
    0x08000912   0x08000912   0x00000002   PAD
    0x08000914   0x08000914   0x0000000c   Code   RO          258    .text.HAL_GetTick   stm32f4xx_hal.o
    0x08000920   0x08000920   0x0000001a   Code   RO          256    .text.HAL_IncTick   stm32f4xx_hal.o
    0x0800093a   0x0800093a   0x00000002   PAD
    0x0800093c   0x0800093c   0x00000036   Code   RO          246    .text.HAL_Init      stm32f4xx_hal.o
    0x08000972   0x08000972   0x00000002   PAD
    0x08000974   0x08000974   0x00000050   Code   RO          248    .text.HAL_InitTick  stm32f4xx_hal.o
    0x080009c4   0x080009c4   0x00000038   Code   RO          127    .text.HAL_MspInit   stm32f4xx_hal_msp.o
    0x080009fc   0x080009fc   0x00000056   Code   RO          314    .text.HAL_NVIC_SetPriority  stm32f4xx_hal_cortex.o
    0x08000a52   0x08000a52   0x00000002   PAD
    0x08000a54   0x08000a54   0x00000020   Code   RO          312    .text.HAL_NVIC_SetPriorityGrouping  stm32f4xx_hal_cortex.o
    0x08000a74   0x08000a74   0x00000162   Code   RO          513    .text.HAL_RCC_ClockConfig  stm32f4xx_hal_rcc.o
    0x08000bd6   0x08000bd6   0x00000002   PAD
    0x08000bd8   0x08000bd8   0x00000026   Code   RO          525    .text.HAL_RCC_GetPCLK1Freq  stm32f4xx_hal_rcc.o
    0x08000bfe   0x08000bfe   0x00000002   PAD
    0x08000c00   0x08000c00   0x00000026   Code   RO          527    .text.HAL_RCC_GetPCLK2Freq  stm32f4xx_hal_rcc.o
    0x08000c26   0x08000c26   0x00000002   PAD
    0x08000c28   0x08000c28   0x0000006a   Code   RO          515    .text.HAL_RCC_GetSysClockFreq  stm32f4xx_hal_rcc.o
    0x08000c92   0x08000c92   0x00000002   PAD
    0x08000c94   0x08000c94   0x0000035a   Code   RO          511    .text.HAL_RCC_OscConfig  stm32f4xx_hal_rcc.o
    0x08000fee   0x08000fee   0x00000002   PAD
    0x08000ff0   0x08000ff0   0x0000002c   Code   RO          324    .text.HAL_SYSTICK_Config  stm32f4xx_hal_cortex.o
    0x0800101c   0x0800101c   0x00000002   Code   RO          653    .text.HAL_UARTEx_RxEventCallback  stm32f4xx_hal_uart.o
    0x0800101e   0x0800101e   0x00000002   PAD
    0x08001020   0x08001020   0x00000002   Code   RO          651    .text.HAL_UART_ErrorCallback  stm32f4xx_hal_uart.o
    0x08001022   0x08001022   0x00000002   PAD
    0x08001024   0x08001024   0x0000056e   Code   RO          645    .text.HAL_UART_IRQHandler  stm32f4xx_hal_uart.o
    0x08001592   0x08001592   0x00000002   PAD
    0x08001594   0x08001594   0x00000060   Code   RO          567    .text.HAL_UART_Init  stm32f4xx_hal_uart.o
    0x080015f4   0x080015f4   0x000000b6   Code   RO          186    .text.HAL_UART_MspInit  usart.o
    0x080016aa   0x080016aa   0x00000002   PAD
    0x080016ac   0x080016ac   0x000001f6   Code   RO          585    .text.HAL_UART_Receive  stm32f4xx_hal_uart.o
    0x080018a2   0x080018a2   0x00000002   PAD
    0x080018a4   0x080018a4   0x00000002   Code   RO          659    .text.HAL_UART_RxCpltCallback  stm32f4xx_hal_uart.o
    0x080018a6   0x080018a6   0x00000002   PAD
    0x080018a8   0x080018a8   0x000000ec   Code   RO          583    .text.HAL_UART_Transmit  stm32f4xx_hal_uart.o
    0x08001994   0x08001994   0x00000002   Code   RO          655    .text.HAL_UART_TxCpltCallback  stm32f4xx_hal_uart.o
    0x08001996   0x08001996   0x00000002   PAD
    0x08001998   0x08001998   0x00000002   Code   RO          138    .text.HardFault_Handler  stm32f4xx_it.o
    0x0800199a   0x0800199a   0x00000002   PAD
    0x0800199c   0x0800199c   0x000000ea   Code   RO          117    .text.MX_GPIO_Init  gpio.o
    0x08001a86   0x08001a86   0x00000002   PAD
    0x08001a88   0x08001a88   0x0000003c   Code   RO          182    .text.MX_USART1_UART_Init  usart.o
    0x08001ac4   0x08001ac4   0x0000003c   Code   RO          184    .text.MX_USART2_UART_Init  usart.o
    0x08001b00   0x08001b00   0x00000002   Code   RO          140    .text.MemManage_Handler  stm32f4xx_it.o
    0x08001b02   0x08001b02   0x00000002   PAD
    0x08001b04   0x08001b04   0x00000002   Code   RO          136    .text.NMI_Handler   stm32f4xx_it.o
    0x08001b06   0x08001b06   0x00000002   PAD
    0x08001b08   0x08001b08   0x00000002   Code   RO          150    .text.PendSV_Handler  stm32f4xx_it.o
    0x08001b0a   0x08001b0a   0x00000002   PAD
    0x08001b0c   0x08001b0c   0x00000002   Code   RO          146    .text.SVC_Handler   stm32f4xx_it.o
    0x08001b0e   0x08001b0e   0x00000002   PAD
    0x08001b10   0x08001b10   0x00000004   Code   RO          152    .text.SysTick_Handler  stm32f4xx_it.o
    0x08001b14   0x08001b14   0x000000a6   Code   RO           64    .text.SystemClock_Config  boot_main.o
    0x08001bba   0x08001bba   0x00000002   PAD
    0x08001bbc   0x08001bbc   0x00000012   Code   RO          166    .text.SystemInit    system_stm32f4xx.o
    0x08001bce   0x08001bce   0x00000002   PAD
    0x08001bd0   0x08001bd0   0x0000000a   Code   RO          649    .text.UART_DMAAbortOnError  stm32f4xx_hal_uart.o
    0x08001bda   0x08001bda   0x00000002   PAD
    0x08001bdc   0x08001bdc   0x000000fa   Code   RO          647    .text.UART_Receive_IT  stm32f4xx_hal_uart.o
    0x08001cd6   0x08001cd6   0x00000002   PAD
    0x08001cd8   0x08001cd8   0x000000dc   Code   RO          571    .text.UART_SetConfig  stm32f4xx_hal_uart.o
    0x08001db4   0x08001db4   0x0000000c   Code   RO          154    .text.USART1_IRQHandler  stm32f4xx_it.o
    0x08001dc0   0x08001dc0   0x0000000c   Code   RO          156    .text.USART2_IRQHandler  stm32f4xx_it.o
    0x08001dcc   0x08001dcc   0x00000002   Code   RO          144    .text.UsageFault_Handler  stm32f4xx_it.o
    0x08001dce   0x08001dce   0x00000002   PAD
    0x08001dd0   0x08001dd0   0x000000c8   Code   RO           21    .text.boot_crc32    boot_flash.o
    0x08001e98   0x08001e98   0x000000e0   Code   RO           23    .text.boot_crc32_slot  boot_flash.o
    0x08001f78   0x08001f78   0x00000034   Code   RO           11    .text.boot_erase_sector  boot_flash.o
    0x08001fac   0x08001fac   0x00000146   Code   RO           19    .text.boot_erase_slot  boot_flash.o
    0x080020f2   0x080020f2   0x00000002   PAD
    0x080020f4   0x080020f4   0x00000028   Code   RO           15    .text.boot_flash_write_word  boot_flash.o
    0x0800211c   0x0800211c   0x00000032   Code   RO           17    .text.boot_flash_write_word_checked  boot_flash.o
    0x0800214e   0x0800214e   0x00000002   PAD
    0x08002150   0x08002150   0x00000100   Code   RO           78    .text.boot_jump_to_app  boot_main.o
    0x08002250   0x08002250   0x000002fe   Code   RO           72    .text.boot_log_impl  boot_main.o
    0x0800254e   0x0800254e   0x00000002   PAD
    0x08002550   0x08002550   0x00000048   Code   RO          205    .text.boot_oled_flush  boot_oled.o
    0x08002598   0x08002598   0x000000b4   Code   RO          201    .text.boot_oled_init  boot_oled.o
    0x0800264c   0x0800264c   0x000000d0   Code   RO          219    .text.boot_oled_progress  boot_oled.o
    0x0800271c   0x0800271c   0x00000064   Code   RO          207    .text.boot_oled_set_cursor  boot_oled.o
    0x08002780   0x08002780   0x0000006a   Code   RO          215    .text.boot_oled_status  boot_oled.o
    0x080027ea   0x080027ea   0x00000002   PAD
    0x080027ec   0x080027ec   0x0000003a   Code   RO           68    .text.boot_printf   boot_main.o
    0x08002826   0x08002826   0x00000002   PAD
    0x08002828   0x08002828   0x000000e6   Code   RO           97    .text.boot_proto_build  boot_proto.o
    0x0800290e   0x0800290e   0x00000002   PAD
    0x08002910   0x08002910   0x00000126   Code   RO           91    .text.boot_proto_feed  boot_proto.o
    0x08002a36   0x08002a36   0x00000002   PAD
    0x08002a38   0x08002a38   0x0000000a   Code   RO           93    .text.boot_proto_get_frame  boot_proto.o
    0x08002a42   0x08002a42   0x00000002   PAD
    0x08002a44   0x08002a44   0x0000000a   Code   RO           99    .text.boot_proto_tx_buf  boot_proto.o
    0x08002a4e   0x08002a4e   0x00000002   PAD
    0x08002a50   0x08002a50   0x00000508   Code   RO           70    .text.boot_vsnprintf  boot_main.o
    0x08002f58   0x08002f58   0x000001e6   Code   RO          217    .text.draw_text_at  boot_oled.o
    0x0800313e   0x0800313e   0x00000002   PAD
    0x08003140   0x08003140   0x000010e8   Code   RO           76    .text.enter_update_mode  boot_main.o
    0x08004228   0x08004228   0x00000042   Code   RO           47    .text.fw_info_activate_slot  boot_fw_info.o
    0x0800426a   0x0800426a   0x00000002   PAD
    0x0800426c   0x0800426c   0x0000000a   Code   RO           37    .text.fw_info_get   boot_fw_info.o
    0x08004276   0x08004276   0x00000002   PAD
    0x08004278   0x08004278   0x00000254   Code   RO           35    .text.fw_info_load  boot_fw_info.o
    0x080044cc   0x080044cc   0x00000154   Code   RO           39    .text.fw_info_save  boot_fw_info.o
    0x08004620   0x08004620   0x00000016   Code   RO           41    .text.fw_info_set_active_slot  boot_fw_info.o
    0x08004636   0x08004636   0x00000002   PAD
    0x08004638   0x08004638   0x000000c6   Code   RO          209    .text.i2c_start     boot_oled.o
    0x080046fe   0x080046fe   0x00000002   PAD
    0x08004700   0x08004700   0x000000b8   Code   RO          213    .text.i2c_stop      boot_oled.o
    0x080047b8   0x080047b8   0x000001bc   Code   RO          211    .text.i2c_write_byte  boot_oled.o
    0x08004974   0x08004974   0x00000b88   Code   RO           74    .text.main          boot_main.o
    0x080054fc   0x080054fc   0x00000014   Code   RO          236    .text.ota_req_clear  boot_ota_req.o
    0x08005510   0x08005510   0x00000026   Code   RO          234    .text.ota_req_is_update  boot_ota_req.o
    0x08005536   0x08005536   0x0000000e   Code   RO          756    i.__scatterload_copy  mc_w.l(handlers.o)
    0x08005544   0x08005544   0x00000002   Code   RO          757    i.__scatterload_null  mc_w.l(handlers.o)
    0x08005546   0x08005546   0x0000000e   Code   RO          758    i.__scatterload_zeroinit  mc_w.l(handlers.o)
    0x08005554   0x08005554   0x00000010   Data   RO          171    .rodata.AHBPrescTable  system_stm32f4xx.o
    0x08005564   0x08005564   0x00000008   Data   RO          172    .rodata.APBPrescTable  system_stm32f4xx.o
    0x0800556c   0x0800556c   0x000005f0   Data   RO          224    .rodata.ascii_8x16  boot_oled.o
    0x08005b5c   0x08005b5c   0x000002ac   Data   RO          222    .rodata.cn_font_table  boot_oled.o
    0x08005e08   0x08005e08   0x00000400   Data   RO           25    .rodata.crc32_table  boot_flash.o
    0x08006208   0x08006208   0x00000100   Data   RO          102    .rodata.crc8_table  boot_proto.o
    0x08006308   0x08006308   0x000001d9   Data   RO           53    .rodata.str1.1      boot_fw_info.o
    0x080064e1   0x080064e1   0x00000556   Data   RO           80    .rodata.str1.1      boot_main.o
    0x08006a37   0x08006a37   0x00000048   Data   RO          223    .rodata.str1.1      boot_oled.o
    0x08006a7f   0x08006a7f   0x00000001   PAD
    0x08006a80   0x08006a80   0x00000020   Data   RO          755    Region$$Table       anon$$obj.o


    Execution Region RW_IRAM2 (Exec base: 0x10000000, Load base: 0x08006ad0, Size: 0x00000000, Max: 0x00010000, ABSOLUTE)

    **** No section assigned to this execution region ****


    Execution Region RW_IRAM1 (Exec base: 0x20000000, Load base: 0x08006aa0, Size: 0x000016f0, Max: 0x0001bff0, ABSOLUTE)

    Exec Addr    Load Addr    Size         Type   Attr      Idx    E Section Name        Object

    0x20000000   0x08006aa0   0x00000004   Data   RW          170    .data.SystemCoreClock  system_stm32f4xx.o
    0x20000004   0x08006aa4   0x00000020   Data   RW          389    .data.pFlash        stm32f4xx_hal_flash.o
    0x20000024   0x08006ac4   0x00000001   Data   RW          301    .data.uwTickFreq    stm32f4xx_hal.o
    0x20000025   0x08006ac5   0x00000003   PAD
    0x20000028   0x08006ac8   0x00000004   Data   RW          300    .data.uwTickPrio    stm32f4xx_hal.o
    0x2000002c   0x08006acc   0x00000004   PAD
    0x20000030        -       0x00000024   Zero   RW           54    .bss.g_fw_info      boot_fw_info.o
    0x20000054        -       0x00000048   Zero   RW          190    .bss.huart1         usart.o
    0x2000009c        -       0x00000048   Zero   RW          191    .bss.huart2         usart.o
    0x200000e4        -       0x00000400   Zero   RW          221    .bss.oled_buf       boot_oled.o
    0x200004e4        -       0x00000001   Zero   RW          103    .bss.s_crc_acc      boot_proto.o
    0x200004e5        -       0x00000001   Zero   RW          106    .bss.s_data_idx     boot_proto.o
    0x200004e6        -       0x00000001   Zero   RW          104    .bss.s_expect_len   boot_proto.o
    0x200004e7        -       0x000000fd   Zero   RW          105    .bss.s_frame        boot_proto.o
    0x200005e4        -       0x00000001   Zero   RW          101    .bss.s_state        boot_proto.o
    0x200005e5        -       0x00000101   Zero   RW          107    .bss.tx_buf         boot_proto.o
    0x200006e6   0x08006acc   0x00000002   PAD
    0x200006e8        -       0x00000004   Zero   RW          302    .bss.uwTick         stm32f4xx_hal.o
    0x200006ec   0x08006acc   0x00000004   PAD
    0x200006f0        -       0x00001000   Zero   RW            1    STACK               startup_stm32f407xx.o


==============================================================================

Image component sizes


      Code (inc. data)   RO Data    RW Data    ZI Data      Debug   Object Name

       892          0       1024          0          0       4890   boot_flash.o
      1034        216        473          0         36       3935   boot_fw_info.o
      9820        462       1366          0          0      23599   boot_main.o
      1978         44       2276          0       1024       7811   boot_oled.o
        58          0          0          0          0        837   boot_ota_req.o
       544          6        256          0        514       2619   boot_proto.o
       234          0          0          0          0       2129   gpio.o
        36          8        392          0       4096        844   startup_stm32f407xx.o
       172          0          0          5          4       7083   stm32f4xx_hal.o
       162          0          0          0          0      10110   stm32f4xx_hal_cortex.o
       166          0          0          0          0       8754   stm32f4xx_hal_dma.o
       584          0          0         32          0       5507   stm32f4xx_hal_flash.o
       366          0          0          0          0       5112   stm32f4xx_hal_flash_ex.o
       464          0          0          0          0       4915   stm32f4xx_hal_gpio.o
        56          0          0          0          0       1388   stm32f4xx_hal_msp.o
      1394          0          0          0          0       7117   stm32f4xx_hal_rcc.o
      2712          0          0          0          0      27662   stm32f4xx_hal_uart.o
        44          0          0          0          0       1156   stm32f4xx_it.o
        18          0         24          4          0       2434   system_stm32f4xx.o
       302          0          0          0        144       6863   usart.o

    ----------------------------------------------------------------------
     21134        736       5844         44       5828     134765   Object Totals
         0          0         32          0          0          0   (incl. Generated)
        98          0          1          3         10          0   (incl. Padding)

    ----------------------------------------------------------------------

      Code (inc. data)   RO Data    RW Data    ZI Data      Debug   Library Member Name

         0          0          0          0          0          0   entry.o
         0          0          0          0          0          0   entry10a.o
         0          0          0          0          0          0   entry11a.o
         8          4          0          0          0          0   entry2.o
         4          0          0          0          0          0   entry5.o
         0          0          0          0          0          0   entry7b.o
         0          0          0          0          0          0   entry8b.o
         8          4          0          0          0          0   entry9a.o
        30          0          0          0          0          0   handlers.o
        36          8          0          0          0         68   init.o
        30          0          0          0          0         68   llshl.o
        32          0          0          0          0         68   llushr.o
        36          0          0          0          0         68   memcpya.o
        36          0          0          0          0        108   memseta.o
        98          0          0          0          0         92   uldiv.o

    ----------------------------------------------------------------------
       318         16          0          0          0        472   Library Totals
         0          0          0          0          0          0   (incl. Padding)

    ----------------------------------------------------------------------

      Code (inc. data)   RO Data    RW Data    ZI Data      Debug   Library Name

       318         16          0          0          0        472   mc_w.l

    ----------------------------------------------------------------------
       318         16          0          0          0        472   Library Totals

    ----------------------------------------------------------------------

==============================================================================


      Code (inc. data)   RO Data    RW Data    ZI Data      Debug   

     21452        752       5844         44       5828     134997   Grand Totals
     21452        752       5844         44       5828     134997   ELF Image Totals
     21452        752       5844         44          0          0   ROM Totals

==============================================================================

    Total RO  Size (Code + RO Data)                27296 (  26.66kB)
    Total RW  Size (RW Data + ZI Data)              5872 (   5.73kB)
    Total ROM Size (Code + RO Data + RW Data)      27340 (  26.70kB)

==============================================================================

