Component: ARM Compiler 6.13.1 Tool: armlink [5d895400]

==============================================================================

Section Cross References

    startup_stm32f407xx.o(RESET) refers to startup_stm32f407xx.o(STACK) for __initial_sp
    startup_stm32f407xx.o(RESET) refers to startup_stm32f407xx.o(.text) for Reset_Handler
    startup_stm32f407xx.o(RESET) refers to stm32f4xx_it.o(.text.NMI_Handler) for NMI_Handler
    startup_stm32f407xx.o(RESET) refers to stm32f4xx_it.o(.text.HardFault_Handler) for HardFault_Handler
    startup_stm32f407xx.o(RESET) refers to stm32f4xx_it.o(.text.MemManage_Handler) for MemManage_Handler
    startup_stm32f407xx.o(RESET) refers to stm32f4xx_it.o(.text.BusFault_Handler) for BusFault_Handler
    startup_stm32f407xx.o(RESET) refers to stm32f4xx_it.o(.text.UsageFault_Handler) for UsageFault_Handler
    startup_stm32f407xx.o(RESET) refers to stm32f4xx_it.o(.text.SVC_Handler) for SVC_Handler
    startup_stm32f407xx.o(RESET) refers to stm32f4xx_it.o(.text.DebugMon_Handler) for DebugMon_Handler
    startup_stm32f407xx.o(RESET) refers to stm32f4xx_it.o(.text.PendSV_Handler) for PendSV_Handler
    startup_stm32f407xx.o(RESET) refers to stm32f4xx_it.o(.text.SysTick_Handler) for SysTick_Handler
    startup_stm32f407xx.o(RESET) refers to stm32f4xx_it.o(.text.USART1_IRQHandler) for USART1_IRQHandler
    startup_stm32f407xx.o(RESET) refers to stm32f4xx_it.o(.text.USART2_IRQHandler) for USART2_IRQHandler
    startup_stm32f407xx.o(.text) refers to system_stm32f4xx.o(.text.SystemInit) for SystemInit
    startup_stm32f407xx.o(.text) refers to entry.o(.ARM.Collect$$$$00000000) for __main
    stm32f4xx_hal.o(.text.HAL_Init) refers to stm32f4xx_hal_cortex.o(.text.HAL_NVIC_SetPriorityGrouping) for HAL_NVIC_SetPriorityGrouping
    stm32f4xx_hal.o(.text.HAL_Init) refers to stm32f4xx_hal.o(.text.HAL_InitTick) for HAL_InitTick
    stm32f4xx_hal.o(.text.HAL_Init) refers to stm32f4xx_hal_msp.o(.text.HAL_MspInit) for HAL_MspInit
    stm32f4xx_hal.o(.ARM.exidx.text.HAL_Init) refers to stm32f4xx_hal.o(.text.HAL_Init) for [Anonymous Symbol]
    stm32f4xx_hal.o(.text.HAL_InitTick) refers to stm32f4xx_hal.o(.data.uwTickFreq) for uwTickFreq
    stm32f4xx_hal.o(.text.HAL_InitTick) refers to system_stm32f4xx.o(.data.SystemCoreClock) for SystemCoreClock
    stm32f4xx_hal.o(.text.HAL_InitTick) refers to stm32f4xx_hal_cortex.o(.text.HAL_SYSTICK_Config) for HAL_SYSTICK_Config
    stm32f4xx_hal.o(.text.HAL_InitTick) refers to stm32f4xx_hal_cortex.o(.text.HAL_NVIC_SetPriority) for HAL_NVIC_SetPriority
    stm32f4xx_hal.o(.text.HAL_InitTick) refers to stm32f4xx_hal.o(.data.uwTickPrio) for uwTickPrio
    stm32f4xx_hal.o(.ARM.exidx.text.HAL_InitTick) refers to stm32f4xx_hal.o(.text.HAL_InitTick) for [Anonymous Symbol]
    stm32f4xx_hal.o(.ARM.exidx.text.HAL_MspInit) refers to stm32f4xx_hal.o(.text.HAL_MspInit) for [Anonymous Symbol]
    stm32f4xx_hal.o(.text.HAL_DeInit) refers to stm32f4xx_hal.o(.text.HAL_MspDeInit) for HAL_MspDeInit
    stm32f4xx_hal.o(.ARM.exidx.text.HAL_DeInit) refers to stm32f4xx_hal.o(.text.HAL_DeInit) for [Anonymous Symbol]
    stm32f4xx_hal.o(.ARM.exidx.text.HAL_MspDeInit) refers to stm32f4xx_hal.o(.text.HAL_MspDeInit) for [Anonymous Symbol]
    stm32f4xx_hal.o(.text.HAL_IncTick) refers to stm32f4xx_hal.o(.data.uwTickFreq) for uwTickFreq
    stm32f4xx_hal.o(.text.HAL_IncTick) refers to stm32f4xx_hal.o(.bss.uwTick) for uwTick
    stm32f4xx_hal.o(.ARM.exidx.text.HAL_IncTick) refers to stm32f4xx_hal.o(.text.HAL_IncTick) for [Anonymous Symbol]
    stm32f4xx_hal.o(.text.HAL_GetTick) refers to stm32f4xx_hal.o(.bss.uwTick) for uwTick
    stm32f4xx_hal.o(.ARM.exidx.text.HAL_GetTick) refers to stm32f4xx_hal.o(.text.HAL_GetTick) for [Anonymous Symbol]
    stm32f4xx_hal.o(.text.HAL_GetTickPrio) refers to stm32f4xx_hal.o(.data.uwTickPrio) for uwTickPrio
    stm32f4xx_hal.o(.ARM.exidx.text.HAL_GetTickPrio) refers to stm32f4xx_hal.o(.text.HAL_GetTickPrio) for [Anonymous Symbol]
    stm32f4xx_hal.o(.text.HAL_SetTickFreq) refers to stm32f4xx_hal.o(.data.uwTickFreq) for uwTickFreq
    stm32f4xx_hal.o(.text.HAL_SetTickFreq) refers to stm32f4xx_hal.o(.data.uwTickPrio) for uwTickPrio
    stm32f4xx_hal.o(.text.HAL_SetTickFreq) refers to stm32f4xx_hal.o(.text.HAL_InitTick) for HAL_InitTick
    stm32f4xx_hal.o(.ARM.exidx.text.HAL_SetTickFreq) refers to stm32f4xx_hal.o(.text.HAL_SetTickFreq) for [Anonymous Symbol]
    stm32f4xx_hal.o(.text.HAL_GetTickFreq) refers to stm32f4xx_hal.o(.data.uwTickFreq) for uwTickFreq
    stm32f4xx_hal.o(.ARM.exidx.text.HAL_GetTickFreq) refers to stm32f4xx_hal.o(.text.HAL_GetTickFreq) for [Anonymous Symbol]
    stm32f4xx_hal.o(.text.HAL_Delay) refers to stm32f4xx_hal.o(.text.HAL_GetTick) for HAL_GetTick
    stm32f4xx_hal.o(.text.HAL_Delay) refers to stm32f4xx_hal.o(.data.uwTickFreq) for uwTickFreq
    stm32f4xx_hal.o(.ARM.exidx.text.HAL_Delay) refers to stm32f4xx_hal.o(.text.HAL_Delay) for [Anonymous Symbol]
[...]
    Removing stm32f4xx_hal_gpio.o(.ARM.exidx.text.HAL_GPIO_ReadPin), (8 bytes).
    Removing stm32f4xx_hal_gpio.o(.ARM.exidx.text.HAL_GPIO_WritePin), (8 bytes).
    Removing stm32f4xx_hal_gpio.o(.text.HAL_GPIO_TogglePin), (16 bytes).
    Removing stm32f4xx_hal_gpio.o(.ARM.exidx.text.HAL_GPIO_TogglePin), (8 bytes).
    Removing stm32f4xx_hal_gpio.o(.text.HAL_GPIO_LockPin), (40 bytes).
    Removing stm32f4xx_hal_gpio.o(.ARM.exidx.text.HAL_GPIO_LockPin), (8 bytes).
    Removing stm32f4xx_hal_gpio.o(.text.HAL_GPIO_EXTI_IRQHandler), (22 bytes).
    Removing stm32f4xx_hal_gpio.o(.ARM.exidx.text.HAL_GPIO_EXTI_IRQHandler), (8 bytes).
    Removing stm32f4xx_hal_gpio.o(.text.HAL_GPIO_EXTI_Callback), (2 bytes).
    Removing stm32f4xx_hal_gpio.o(.ARM.exidx.text.HAL_GPIO_EXTI_Callback), (8 bytes).
    Removing stm32f4xx_hal_flash.o(.text), (0 bytes).
    Removing stm32f4xx_hal_flash.o(.ARM.exidx.text.HAL_FLASH_Program), (8 bytes).
    Removing stm32f4xx_hal_flash.o(.ARM.exidx.text.FLASH_WaitForLastOperation), (8 bytes).
    Removing stm32f4xx_hal_flash.o(.text.HAL_FLASH_Program_IT), (232 bytes).
    Removing stm32f4xx_hal_flash.o(.ARM.exidx.text.HAL_FLASH_Program_IT), (8 bytes).
    Removing stm32f4xx_hal_flash.o(.text.HAL_FLASH_IRQHandler), (284 bytes).
    Removing stm32f4xx_hal_flash.o(.ARM.exidx.text.HAL_FLASH_IRQHandler), (8 bytes).
    Removing stm32f4xx_hal_flash.o(.text.HAL_FLASH_OperationErrorCallback), (2 bytes).
    Removing stm32f4xx_hal_flash.o(.ARM.exidx.text.HAL_FLASH_OperationErrorCallback), (8 bytes).
    Removing stm32f4xx_hal_flash.o(.text.HAL_FLASH_EndOfOperationCallback), (2 bytes).
    Removing stm32f4xx_hal_flash.o(.ARM.exidx.text.HAL_FLASH_EndOfOperationCallback), (8 bytes).
    Removing stm32f4xx_hal_flash.o(.ARM.exidx.text.HAL_FLASH_Unlock), (8 bytes).
    Removing stm32f4xx_hal_flash.o(.ARM.exidx.text.HAL_FLASH_Lock), (8 bytes).
    Removing stm32f4xx_hal_flash.o(.text.HAL_FLASH_OB_Unlock), (42 bytes).
    Removing stm32f4xx_hal_flash.o(.ARM.exidx.text.HAL_FLASH_OB_Unlock), (8 bytes).
    Removing stm32f4xx_hal_flash.o(.text.HAL_FLASH_OB_Lock), (20 bytes).
    Removing stm32f4xx_hal_flash.o(.ARM.exidx.text.HAL_FLASH_OB_Lock), (8 bytes).
    Removing stm32f4xx_hal_flash.o(.text.HAL_FLASH_OB_Launch), (24 bytes).
    Removing stm32f4xx_hal_flash.o(.ARM.exidx.text.HAL_FLASH_OB_Launch), (8 bytes).
    Removing stm32f4xx_hal_flash.o(.text.HAL_FLASH_GetError), (12 bytes).
    Removing stm32f4xx_hal_flash.o(.ARM.exidx.text.HAL_FLASH_GetError), (8 bytes).
    Removing stm32f4xx_hal_flash_ex.o(.text), (0 bytes).
    Removing stm32f4xx_hal_flash_ex.o(.ARM.exidx.text.HAL_FLASHEx_Erase), (8 bytes).
    Removing stm32f4xx_hal_flash_ex.o(.text.FLASH_Erase_Sector), (70 bytes).
    Removing stm32f4xx_hal_flash_ex.o(.ARM.exidx.text.FLASH_Erase_Sector), (8 bytes).
    Removing stm32f4xx_hal_flash_ex.o(.text.FLASH_FlushCaches), (88 bytes).
    Removing stm32f4xx_hal_flash_ex.o(.ARM.exidx.text.FLASH_FlushCaches), (8 bytes).
    Removing stm32f4xx_hal_flash_ex.o(.text.HAL_FLASHEx_Erase_IT), (166 bytes).
    Removing stm32f4xx_hal_flash_ex.o(.ARM.exidx.text.HAL_FLASHEx_Erase_IT), (8 bytes).
    Removing stm32f4xx_hal_flash_ex.o(.text.HAL_FLASHEx_OBProgram), (172 bytes).
    Removing stm32f4xx_hal_flash_ex.o(.ARM.exidx.text.HAL_FLASHEx_OBProgram), (8 bytes).
    Removing stm32f4xx_hal_flash_ex.o(.text.HAL_FLASHEx_OBGetConfig), (54 bytes).
    Removing stm32f4xx_hal_flash_ex.o(.ARM.exidx.text.HAL_FLASHEx_OBGetConfig), (8 bytes).
    Removing stm32f4xx_hal_uart.o(.text), (0 bytes).
    Removing stm32f4xx_hal_uart.o(.ARM.exidx.text.HAL_UART_Init), (8 bytes).
    Removing stm32f4xx_hal_uart.o(.text.HAL_UART_MspInit), (2 bytes).
    Removing stm32f4xx_hal_uart.o(.ARM.exidx.text.HAL_UART_MspInit), (8 bytes).
    Removing stm32f4xx_hal_uart.o(.ARM.exidx.text.UART_SetConfig), (8 bytes).
    Removing stm32f4xx_hal_uart.o(.text.HAL_HalfDuplex_Init), (104 bytes).
    Removing stm32f4xx_hal_uart.o(.ARM.exidx.text.HAL_HalfDuplex_Init), (8 bytes).
    Removing stm32f4xx_hal_uart.o(.text.HAL_LIN_Init), (120 bytes).
    Removing stm32f4xx_hal_uart.o(.ARM.exidx.text.HAL_LIN_Init), (8 bytes).
    Removing stm32f4xx_hal_uart.o(.text.HAL_MultiProcessor_Init), (128 bytes).
    Removing stm32f4xx_hal_uart.o(.ARM.exidx.text.HAL_MultiProcessor_Init), (8 bytes).
    Removing stm32f4xx_hal_uart.o(.text.HAL_UART_DeInit), (56 bytes).
    Removing stm32f4xx_hal_uart.o(.ARM.exidx.text.HAL_UART_DeInit), (8 bytes).
    Removing stm32f4xx_hal_uart.o(.text.HAL_UART_MspDeInit), (2 bytes).
    Removing stm32f4xx_hal_uart.o(.ARM.exidx.text.HAL_UART_MspDeInit), (8 bytes).
    Removing stm32f4xx_hal_uart.o(.ARM.exidx.text.HAL_UART_Transmit), (8 bytes).
    Removing stm32f4xx_hal_uart.o(.ARM.exidx.text.HAL_UART_Receive), (8 bytes).
    Removing stm32f4xx_hal_uart.o(.text.HAL_UART_Transmit_IT), (56 bytes).
    Removing stm32f4xx_hal_uart.o(.ARM.exidx.text.HAL_UART_Transmit_IT), (8 bytes).
    Removing stm32f4xx_hal_uart.o(.text.HAL_UART_Receive_IT), (84 bytes).
    Removing stm32f4xx_hal_uart.o(.ARM.exidx.text.HAL_UART_Receive_IT), (8 bytes).
    Removing stm32f4xx_hal_uart.o(.text.UART_Start_Receive_IT), (50 bytes).
    Removing stm32f4xx_hal_uart.o(.ARM.exidx.text.UART_Start_Receive_IT), (8 bytes).
    Removing stm32f4xx_hal_uart.o(.text.HAL_UART_Transmit_DMA), (226 bytes).
    Removing stm32f4xx_hal_uart.o(.ARM.exidx.text.HAL_UART_Transmit_DMA), (8 bytes).
    Removing stm32f4xx_hal_uart.o(.text.UART_DMATransmitCplt), (176 bytes).
    Removing stm32f4xx_hal_uart.o(.ARM.exidx.text.UART_DMATransmitCplt), (8 bytes).
    Removing stm32f4xx_hal_uart.o(.text.UART_DMATxHalfCplt), (6 bytes).
    Removing stm32f4xx_hal_uart.o(.ARM.exidx.text.UART_DMATxHalfCplt), (8 bytes).
    Removing stm32f4xx_hal_uart.o(.text.UART_DMAError), (380 bytes).
    Removing stm32f4xx_hal_uart.o(.ARM.exidx.text.UART_DMAError), (8 bytes).
    Removing stm32f4xx_hal_uart.o(.text.HAL_UART_Receive_DMA), (38 bytes).
    Removing stm32f4xx_hal_uart.o(.ARM.exidx.text.HAL_UART_Receive_DMA), (8 bytes).
    Removing stm32f4xx_hal_uart.o(.text.UART_Start_Receive_DMA), (336 bytes).
    Removing stm32f4xx_hal_uart.o(.ARM.exidx.text.UART_Start_Receive_DMA), (8 bytes).
    Removing stm32f4xx_hal_uart.o(.text.HAL_UART_DMAPause), (342 bytes).
    Removing stm32f4xx_hal_uart.o(.ARM.exidx.text.HAL_UART_DMAPause), (8 bytes).
    Removing stm32f4xx_hal_uart.o(.text.HAL_UART_DMAResume), (348 bytes).
    Removing stm32f4xx_hal_uart.o(.ARM.exidx.text.HAL_UART_DMAResume), (8 bytes).
    Removing stm32f4xx_hal_uart.o(.text.HAL_UART_DMAStop), (540 bytes).
    Removing stm32f4xx_hal_uart.o(.ARM.exidx.text.HAL_UART_DMAStop), (8 bytes).
    Removing stm32f4xx_hal_uart.o(.text.HAL_UARTEx_ReceiveToIdle), (296 bytes).
    Removing stm32f4xx_hal_uart.o(.ARM.exidx.text.HAL_UARTEx_ReceiveToIdle), (8 bytes).
    Removing stm32f4xx_hal_uart.o(.text.HAL_UARTEx_ReceiveToIdle_IT), (216 bytes).
    Removing stm32f4xx_hal_uart.o(.ARM.exidx.text.HAL_UARTEx_ReceiveToIdle_IT), (8 bytes).
    Removing stm32f4xx_hal_uart.o(.text.HAL_UARTEx_ReceiveToIdle_DMA), (178 bytes).
    Removing stm32f4xx_hal_uart.o(.ARM.exidx.text.HAL_UARTEx_ReceiveToIdle_DMA), (8 bytes).
    Removing stm32f4xx_hal_uart.o(.text.HAL_UARTEx_GetRxEventType), (4 bytes).
    Removing stm32f4xx_hal_uart.o(.ARM.exidx.text.HAL_UARTEx_GetRxEventType), (8 bytes).
    Removing stm32f4xx_hal_uart.o(.text.HAL_UART_Abort), (480 bytes).
    Removing stm32f4xx_hal_uart.o(.ARM.exidx.text.HAL_UART_Abort), (8 bytes).
    Removing stm32f4xx_hal_uart.o(.text.HAL_UART_AbortTransmit), (206 bytes).
    Removing stm32f4xx_hal_uart.o(.ARM.exidx.text.HAL_UART_AbortTransmit), (8 bytes).
    Removing stm32f4xx_hal_uart.o(.text.HAL_UART_AbortReceive), (364 bytes).
    Removing stm32f4xx_hal_uart.o(.ARM.exidx.text.HAL_UART_AbortReceive), (8 bytes).
    Removing stm32f4xx_hal_uart.o(.text.HAL_UART_Abort_IT), (516 bytes).
    Removing stm32f4xx_hal_uart.o(.ARM.exidx.text.HAL_UART_Abort_IT), (8 bytes).
    Removing stm32f4xx_hal_uart.o(.text.UART_DMATxAbortCallback), (42 bytes).
    Removing stm32f4xx_hal_uart.o(.ARM.exidx.text.UART_DMATxAbortCallback), (8 bytes).
    Removing stm32f4xx_hal_uart.o(.text.UART_DMARxAbortCallback), (42 bytes).
    Removing stm32f4xx_hal_uart.o(.ARM.exidx.text.UART_DMARxAbortCallback), (8 bytes).
    Removing stm32f4xx_hal_uart.o(.text.HAL_UART_AbortCpltCallback), (2 bytes).
    Removing stm32f4xx_hal_uart.o(.ARM.exidx.text.HAL_UART_AbortCpltCallback), (8 bytes).
    Removing stm32f4xx_hal_uart.o(.text.HAL_UART_AbortTransmit_IT), (234 bytes).
    Removing stm32f4xx_hal_uart.o(.ARM.exidx.text.HAL_UART_AbortTransmit_IT), (8 bytes).
    Removing stm32f4xx_hal_uart.o(.text.UART_DMATxOnlyAbortCallback), (16 bytes).
    Removing stm32f4xx_hal_uart.o(.ARM.exidx.text.UART_DMATxOnlyAbortCallback), (8 bytes).
    Removing stm32f4xx_hal_uart.o(.text.HAL_UART_AbortTransmitCpltCallback), (2 bytes).
    Removing stm32f4xx_hal_uart.o(.ARM.exidx.text.HAL_UART_AbortTransmitCpltCallback), (8 bytes).
    Removing stm32f4xx_hal_uart.o(.text.HAL_UART_AbortReceive_IT), (392 bytes).
    Removing stm32f4xx_hal_uart.o(.ARM.exidx.text.HAL_UART_AbortReceive_IT), (8 bytes).
    Removing stm32f4xx_hal_uart.o(.text.UART_DMARxOnlyAbortCallback), (18 bytes).
    Removing stm32f4xx_hal_uart.o(.ARM.exidx.text.UART_DMARxOnlyAbortCallback), (8 bytes).
    Removing stm32f4xx_hal_uart.o(.text.HAL_UART_AbortReceiveCpltCallback), (2 bytes).
    Removing stm32f4xx_hal_uart.o(.ARM.exidx.text.HAL_UART_AbortReceiveCpltCallback), (8 bytes).
    Removing stm32f4xx_hal_uart.o(.ARM.exidx.text.HAL_UART_IRQHandler), (8 bytes).
    Removing stm32f4xx_hal_uart.o(.ARM.exidx.text.UART_Receive_IT), (8 bytes).
    Removing stm32f4xx_hal_uart.o(.ARM.exidx.text.UART_DMAAbortOnError), (8 bytes).
    Removing stm32f4xx_hal_uart.o(.ARM.exidx.text.HAL_UART_ErrorCallback), (8 bytes).
    Removing stm32f4xx_hal_uart.o(.ARM.exidx.text.HAL_UARTEx_RxEventCallback), (8 bytes).
    Removing stm32f4xx_hal_uart.o(.ARM.exidx.text.HAL_UART_TxCpltCallback), (8 bytes).
    Removing stm32f4xx_hal_uart.o(.text.HAL_UART_TxHalfCpltCallback), (2 bytes).
    Removing stm32f4xx_hal_uart.o(.ARM.exidx.text.HAL_UART_TxHalfCpltCallback), (8 bytes).
    Removing stm32f4xx_hal_uart.o(.ARM.exidx.text.HAL_UART_RxCpltCallback), (8 bytes).
    Removing stm32f4xx_hal_uart.o(.text.HAL_UART_RxHalfCpltCallback), (2 bytes).
    Removing stm32f4xx_hal_uart.o(.ARM.exidx.text.HAL_UART_RxHalfCpltCallback), (8 bytes).
    Removing stm32f4xx_hal_uart.o(.text.HAL_LIN_SendBreak), (118 bytes).
    Removing stm32f4xx_hal_uart.o(.ARM.exidx.text.HAL_LIN_SendBreak), (8 bytes).
    Removing stm32f4xx_hal_uart.o(.text.HAL_MultiProcessor_EnterMuteMode), (120 bytes).
    Removing stm32f4xx_hal_uart.o(.ARM.exidx.text.HAL_MultiProcessor_EnterMuteMode), (8 bytes).
    Removing stm32f4xx_hal_uart.o(.text.HAL_MultiProcessor_ExitMuteMode), (120 bytes).
    Removing stm32f4xx_hal_uart.o(.ARM.exidx.text.HAL_MultiProcessor_ExitMuteMode), (8 bytes).
    Removing stm32f4xx_hal_uart.o(.text.HAL_HalfDuplex_EnableTransmitter), (44 bytes).
    Removing stm32f4xx_hal_uart.o(.ARM.exidx.text.HAL_HalfDuplex_EnableTransmitter), (8 bytes).
    Removing stm32f4xx_hal_uart.o(.text.HAL_HalfDuplex_EnableReceiver), (48 bytes).
    Removing stm32f4xx_hal_uart.o(.ARM.exidx.text.HAL_HalfDuplex_EnableReceiver), (8 bytes).
    Removing stm32f4xx_hal_uart.o(.text.HAL_UART_GetState), (14 bytes).
    Removing stm32f4xx_hal_uart.o(.ARM.exidx.text.HAL_UART_GetState), (8 bytes).
    Removing stm32f4xx_hal_uart.o(.text.HAL_UART_GetError), (4 bytes).
    Removing stm32f4xx_hal_uart.o(.ARM.exidx.text.HAL_UART_GetError), (8 bytes).
    Removing stm32f4xx_hal_uart.o(.text.UART_DMAReceiveCplt), (350 bytes).
    Removing stm32f4xx_hal_uart.o(.ARM.exidx.text.UART_DMAReceiveCplt), (8 bytes).
    Removing stm32f4xx_hal_uart.o(.text.UART_DMARxHalfCplt), (24 bytes).
    Removing stm32f4xx_hal_uart.o(.ARM.exidx.text.UART_DMARxHalfCplt), (8 bytes).
    Removing stm32f4xx_hal_dma.o(.text), (0 bytes).
    Removing stm32f4xx_hal_dma.o(.text.HAL_DMA_Init), (330 bytes).
    Removing stm32f4xx_hal_dma.o(.ARM.exidx.text.HAL_DMA_Init), (8 bytes).
    Removing stm32f4xx_hal_dma.o(.text.HAL_DMA_DeInit), (140 bytes).
    Removing stm32f4xx_hal_dma.o(.ARM.exidx.text.HAL_DMA_DeInit), (8 bytes).
    Removing stm32f4xx_hal_dma.o(.text.HAL_DMA_Start), (106 bytes).
    Removing stm32f4xx_hal_dma.o(.ARM.exidx.text.HAL_DMA_Start), (8 bytes).
    Removing stm32f4xx_hal_dma.o(.text.HAL_DMA_Start_IT), (156 bytes).
    Removing stm32f4xx_hal_dma.o(.ARM.exidx.text.HAL_DMA_Start_IT), (8 bytes).
    Removing stm32f4xx_hal_dma.o(.ARM.exidx.text.HAL_DMA_Abort), (8 bytes).
    Removing stm32f4xx_hal_dma.o(.ARM.exidx.text.HAL_DMA_Abort_IT), (8 bytes).
    Removing stm32f4xx_hal_dma.o(.text.HAL_DMA_PollForTransfer), (336 bytes).
    Removing stm32f4xx_hal_dma.o(.ARM.exidx.text.HAL_DMA_PollForTransfer), (8 bytes).
    Removing stm32f4xx_hal_dma.o(.text.HAL_DMA_IRQHandler), (444 bytes).
    Removing stm32f4xx_hal_dma.o(.ARM.exidx.text.HAL_DMA_IRQHandler), (8 bytes).
    Removing stm32f4xx_hal_dma.o(.text.HAL_DMA_RegisterCallback), (88 bytes).
    Removing stm32f4xx_hal_dma.o(.ARM.exidx.text.HAL_DMA_RegisterCallback), (8 bytes).
    Removing stm32f4xx_hal_dma.o(.text.HAL_DMA_UnRegisterCallback), (106 bytes).
    Removing stm32f4xx_hal_dma.o(.ARM.exidx.text.HAL_DMA_UnRegisterCallback), (8 bytes).
    Removing stm32f4xx_hal_dma.o(.text.HAL_DMA_GetState), (6 bytes).
    Removing stm32f4xx_hal_dma.o(.ARM.exidx.text.HAL_DMA_GetState), (8 bytes).
    Removing stm32f4xx_hal_dma.o(.text.HAL_DMA_GetError), (4 bytes).
    Removing stm32f4xx_hal_dma.o(.ARM.exidx.text.HAL_DMA_GetError), (8 bytes).
    Removing stm32f4xx_hal_dma.o(.rodata.cst8), (8 bytes).
    Removing stm32f4xx_hal_dma_ex.o(.text), (0 bytes).
    Removing stm32f4xx_hal_dma_ex.o(.text.HAL_DMAEx_MultiBufferStart), (120 bytes).
    Removing stm32f4xx_hal_dma_ex.o(.ARM.exidx.text.HAL_DMAEx_MultiBufferStart), (8 bytes).
    Removing stm32f4xx_hal_dma_ex.o(.text.HAL_DMAEx_MultiBufferStart_IT), (1296 bytes).
    Removing stm32f4xx_hal_dma_ex.o(.ARM.exidx.text.HAL_DMAEx_MultiBufferStart_IT), (8 bytes).
    Removing stm32f4xx_hal_dma_ex.o(.text.HAL_DMAEx_ChangeMemory), (20 bytes).
    Removing stm32f4xx_hal_dma_ex.o(.ARM.exidx.text.HAL_DMAEx_ChangeMemory), (8 bytes).
    Removing stm32f4xx_hal_pwr.o(.text), (0 bytes).
    Removing stm32f4xx_hal_pwr.o(.text.HAL_PWR_DeInit), (26 bytes).
    Removing stm32f4xx_hal_pwr.o(.ARM.exidx.text.HAL_PWR_DeInit), (8 bytes).
    Removing stm32f4xx_hal_pwr.o(.text.HAL_PWR_EnableBkUpAccess), (30 bytes).
    Removing stm32f4xx_hal_pwr.o(.ARM.exidx.text.HAL_PWR_EnableBkUpAccess), (8 bytes).
    Removing stm32f4xx_hal_pwr.o(.text.HAL_PWR_DisableBkUpAccess), (30 bytes).
    Removing stm32f4xx_hal_pwr.o(.ARM.exidx.text.HAL_PWR_DisableBkUpAccess), (8 bytes).
    Removing stm32f4xx_hal_pwr.o(.text.HAL_PWR_ConfigPVD), (128 bytes).
    Removing stm32f4xx_hal_pwr.o(.ARM.exidx.text.HAL_PWR_ConfigPVD), (8 bytes).
    Removing stm32f4xx_hal_pwr.o(.text.HAL_PWR_EnablePVD), (12 bytes).
    Removing stm32f4xx_hal_pwr.o(.ARM.exidx.text.HAL_PWR_EnablePVD), (8 bytes).
    Removing stm32f4xx_hal_pwr.o(.text.HAL_PWR_DisablePVD), (12 bytes).
    Removing stm32f4xx_hal_pwr.o(.ARM.exidx.text.HAL_PWR_DisablePVD), (8 bytes).
    Removing stm32f4xx_hal_pwr.o(.text.HAL_PWR_EnableWakeUpPin), (16 bytes).
    Removing stm32f4xx_hal_pwr.o(.ARM.exidx.text.HAL_PWR_EnableWakeUpPin), (8 bytes).
    Removing stm32f4xx_hal_pwr.o(.text.HAL_PWR_DisableWakeUpPin), (18 bytes).
    Removing stm32f4xx_hal_pwr.o(.ARM.exidx.text.HAL_PWR_DisableWakeUpPin), (8 bytes).
    Removing stm32f4xx_hal_pwr.o(.text.HAL_PWR_EnterSLEEPMode), (36 bytes).
    Removing stm32f4xx_hal_pwr.o(.ARM.exidx.text.HAL_PWR_EnterSLEEPMode), (8 bytes).
    Removing stm32f4xx_hal_pwr.o(.text.HAL_PWR_EnterSTOPMode), (70 bytes).
    Removing stm32f4xx_hal_pwr.o(.ARM.exidx.text.HAL_PWR_EnterSTOPMode), (8 bytes).
    Removing stm32f4xx_hal_pwr.o(.text.HAL_PWR_EnterSTANDBYMode), (36 bytes).
    Removing stm32f4xx_hal_pwr.o(.ARM.exidx.text.HAL_PWR_EnterSTANDBYMode), (8 bytes).
    Removing stm32f4xx_hal_pwr.o(.text.HAL_PWR_PVD_IRQHandler), (30 bytes).
    Removing stm32f4xx_hal_pwr.o(.ARM.exidx.text.HAL_PWR_PVD_IRQHandler), (8 bytes).
    Removing stm32f4xx_hal_pwr.o(.text.HAL_PWR_PVDCallback), (2 bytes).
    Removing stm32f4xx_hal_pwr.o(.ARM.exidx.text.HAL_PWR_PVDCallback), (8 bytes).
    Removing stm32f4xx_hal_pwr.o(.text.HAL_PWR_EnableSleepOnExit), (18 bytes).
    Removing stm32f4xx_hal_pwr.o(.ARM.exidx.text.HAL_PWR_EnableSleepOnExit), (8 bytes).
    Removing stm32f4xx_hal_pwr.o(.text.HAL_PWR_DisableSleepOnExit), (18 bytes).
    Removing stm32f4xx_hal_pwr.o(.ARM.exidx.text.HAL_PWR_DisableSleepOnExit), (8 bytes).
    Removing stm32f4xx_hal_pwr.o(.text.HAL_PWR_EnableSEVOnPend), (18 bytes).
    Removing stm32f4xx_hal_pwr.o(.ARM.exidx.text.HAL_PWR_EnableSEVOnPend), (8 bytes).
    Removing stm32f4xx_hal_pwr.o(.text.HAL_PWR_DisableSEVOnPend), (18 bytes).
    Removing stm32f4xx_hal_pwr.o(.ARM.exidx.text.HAL_PWR_DisableSEVOnPend), (8 bytes).
    Removing stm32f4xx_hal_pwr_ex.o(.text), (0 bytes).
    Removing stm32f4xx_hal_pwr_ex.o(.text.HAL_PWREx_EnableBkUpReg), (54 bytes).
    Removing stm32f4xx_hal_pwr_ex.o(.ARM.exidx.text.HAL_PWREx_EnableBkUpReg), (8 bytes).
    Removing stm32f4xx_hal_pwr_ex.o(.text.HAL_PWREx_DisableBkUpReg), (54 bytes).
    Removing stm32f4xx_hal_pwr_ex.o(.ARM.exidx.text.HAL_PWREx_DisableBkUpReg), (8 bytes).
    Removing stm32f4xx_hal_pwr_ex.o(.text.HAL_PWREx_EnableFlashPowerDown), (12 bytes).
    Removing stm32f4xx_hal_pwr_ex.o(.ARM.exidx.text.HAL_PWREx_EnableFlashPowerDown), (8 bytes).
    Removing stm32f4xx_hal_pwr_ex.o(.text.HAL_PWREx_DisableFlashPowerDown), (12 bytes).
    Removing stm32f4xx_hal_pwr_ex.o(.ARM.exidx.text.HAL_PWREx_DisableFlashPowerDown), (8 bytes).
    Removing stm32f4xx_hal_pwr_ex.o(.text.HAL_PWREx_GetVoltageRange), (16 bytes).
    Removing stm32f4xx_hal_pwr_ex.o(.ARM.exidx.text.HAL_PWREx_GetVoltageRange), (8 bytes).
    Removing stm32f4xx_hal_pwr_ex.o(.text.HAL_PWREx_ControlVoltageScaling), (102 bytes).
    Removing stm32f4xx_hal_pwr_ex.o(.ARM.exidx.text.HAL_PWREx_ControlVoltageScaling), (8 bytes).
    Removing boot_flash.o(.text), (0 bytes).
    Removing boot_flash.o(.ARM.exidx.text.boot_erase_sector), (8 bytes).
    Removing boot_flash.o(.text.boot_erase_sectors), (86 bytes).
    Removing boot_flash.o(.ARM.exidx.text.boot_erase_sectors), (8 bytes).
    Removing boot_flash.o(.ARM.exidx.text.boot_flash_write_word), (8 bytes).
    Removing boot_flash.o(.ARM.exidx.text.boot_erase_slot), (8 bytes).
    Removing boot_flash.o(.ARM.exidx.text.boot_crc32), (8 bytes).
    Removing boot_flash.o(.ARM.exidx.text.boot_crc32_slot), (8 bytes).
    Removing boot_fw_info.o(.text), (0 bytes).
    Removing boot_fw_info.o(.ARM.exidx.text.fw_info_load), (8 bytes).
    Removing boot_fw_info.o(.ARM.exidx.text.fw_dbg_impl), (8 bytes).
    Removing boot_fw_info.o(.ARM.exidx.text.fw_info_get), (8 bytes).
    Removing boot_fw_info.o(.ARM.exidx.text.fw_info_save), (8 bytes).
    Removing boot_fw_info.o(.ARM.exidx.text.fw_info_set_active_slot), (8 bytes).
    Removing boot_fw_info.o(.ARM.exidx.text.fw_info_set_slot_state), (8 bytes).
    Removing boot_fw_info.o(.ARM.exidx.text.fw_info_set_slot_info), (8 bytes).
    Removing boot_fw_info.o(.ARM.exidx.text.fw_info_clear_ota_request), (8 bytes).
    Removing boot_fw_info.o(.text.fw_info_set_ota_request), (28 bytes).
    Removing boot_fw_info.o(.ARM.exidx.text.fw_info_set_ota_request), (8 bytes).
    Removing boot_main.o(.text), (0 bytes).
    Removing boot_main.o(.ARM.exidx.text.SystemClock_Config), (8 bytes).
    Removing boot_main.o(.ARM.exidx.text.Error_Handler), (8 bytes).
    Removing boot_main.o(.ARM.exidx.text.main), (8 bytes).
    Removing boot_main.o(.ARM.exidx.text.boot_log_impl), (8 bytes).
    Removing boot_main.o(.ARM.exidx.text.enter_update_mode), (8 bytes).
    Removing boot_main.o(.ARM.exidx.text.boot_jump_to_app), (8 bytes).
    Removing boot_main.o(.ARM.use_no_argv), (4 bytes).
    Removing boot_proto.o(.text), (0 bytes).
    Removing boot_proto.o(.ARM.exidx.text.boot_proto_feed), (8 bytes).
    Removing boot_proto.o(.ARM.exidx.text.boot_proto_get_frame), (8 bytes).
    Removing boot_proto.o(.text.boot_proto_reset), (14 bytes).
    Removing boot_proto.o(.ARM.exidx.text.boot_proto_reset), (8 bytes).
    Removing boot_proto.o(.ARM.exidx.text.boot_proto_build), (8 bytes).
    Removing boot_proto.o(.ARM.exidx.text.boot_proto_tx_buf), (8 bytes).
    Removing gpio.o(.text), (0 bytes).
    Removing gpio.o(.ARM.exidx.text.MX_GPIO_Init), (8 bytes).
    Removing stm32f4xx_hal_msp.o(.text), (0 bytes).
    Removing stm32f4xx_hal_msp.o(.ARM.exidx.text.HAL_MspInit), (8 bytes).
    Removing stm32f4xx_it.o(.text), (0 bytes).
    Removing stm32f4xx_it.o(.ARM.exidx.text.NMI_Handler), (8 bytes).
    Removing stm32f4xx_it.o(.ARM.exidx.text.HardFault_Handler), (8 bytes).
    Removing stm32f4xx_it.o(.ARM.exidx.text.MemManage_Handler), (8 bytes).
    Removing stm32f4xx_it.o(.ARM.exidx.text.BusFault_Handler), (8 bytes).
    Removing stm32f4xx_it.o(.ARM.exidx.text.UsageFault_Handler), (8 bytes).
    Removing stm32f4xx_it.o(.ARM.exidx.text.SVC_Handler), (8 bytes).
    Removing stm32f4xx_it.o(.ARM.exidx.text.DebugMon_Handler), (8 bytes).
    Removing stm32f4xx_it.o(.ARM.exidx.text.PendSV_Handler), (8 bytes).
    Removing stm32f4xx_it.o(.ARM.exidx.text.SysTick_Handler), (8 bytes).
    Removing stm32f4xx_it.o(.ARM.exidx.text.USART1_IRQHandler), (8 bytes).
    Removing stm32f4xx_it.o(.ARM.exidx.text.USART2_IRQHandler), (8 bytes).
    Removing system_stm32f4xx.o(.text), (0 bytes).
    Removing system_stm32f4xx.o(.ARM.exidx.text.SystemInit), (8 bytes).
    Removing system_stm32f4xx.o(.text.SystemCoreClockUpdate), (124 bytes).
    Removing system_stm32f4xx.o(.ARM.exidx.text.SystemCoreClockUpdate), (8 bytes).
    Removing usart.o(.text), (0 bytes).
    Removing usart.o(.ARM.exidx.text.MX_USART1_UART_Init), (8 bytes).
    Removing usart.o(.ARM.exidx.text.MX_USART2_UART_Init), (8 bytes).
    Removing usart.o(.ARM.exidx.text.HAL_UART_MspInit), (8 bytes).
    Removing usart.o(.text.HAL_UART_MspDeInit), (102 bytes).
    Removing usart.o(.ARM.exidx.text.HAL_UART_MspDeInit), (8 bytes).
    Removing boot_oled.o(.text), (0 bytes).
    Removing boot_oled.o(.ARM.exidx.text.boot_oled_init), (8 bytes).
    Removing boot_oled.o(.text.boot_oled_clear), (20 bytes).
    Removing boot_oled.o(.ARM.exidx.text.boot_oled_clear), (8 bytes).
    Removing boot_oled.o(.ARM.exidx.text.boot_oled_flush), (8 bytes).
    Removing boot_oled.o(.ARM.exidx.text.boot_oled_set_cursor), (8 bytes).
    Removing boot_oled.o(.ARM.exidx.text.i2c_start), (8 bytes).
    Removing boot_oled.o(.ARM.exidx.text.i2c_write_byte), (8 bytes).
    Removing boot_oled.o(.ARM.exidx.text.i2c_stop), (8 bytes).
    Removing boot_oled.o(.ARM.exidx.text.boot_oled_status), (8 bytes).
    Removing boot_oled.o(.ARM.exidx.text.draw_text_at), (8 bytes).
    Removing boot_oled.o(.ARM.exidx.text.boot_oled_progress), (8 bytes).

433 unused section(s) (total 17706 bytes) removed from the image.

==============================================================================

Image Symbol Table

    Local Symbols

    Symbol Name                              Value     Ov Type        Size  Object(Section)

    ../clib/microlib/division.c              0x00000000   Number         0  uldiv.o ABSOLUTE
    ../clib/microlib/init/entry.s            0x00000000   Number         0  entry.o ABSOLUTE
    ../clib/microlib/init/entry.s            0x00000000   Number         0  entry2.o ABSOLUTE
    ../clib/microlib/init/entry.s            0x00000000   Number         0  entry5.o ABSOLUTE
    ../clib/microlib/init/entry.s            0x00000000   Number         0  entry7a.o ABSOLUTE
    ../clib/microlib/init/entry.s            0x00000000   Number         0  entry7b.o ABSOLUTE
    ../clib/microlib/init/entry.s            0x00000000   Number         0  entry8a.o ABSOLUTE
    ../clib/microlib/init/entry.s            0x00000000   Number         0  entry8b.o ABSOLUTE
    ../clib/microlib/init/entry.s            0x00000000   Number         0  entry9a.o ABSOLUTE
    ../clib/microlib/init/entry.s            0x00000000   Number         0  entry9b.o ABSOLUTE
    ../clib/microlib/init/entry.s            0x00000000   Number         0  entry10a.o ABSOLUTE
    ../clib/microlib/init/entry.s            0x00000000   Number         0  entry10b.o ABSOLUTE
    ../clib/microlib/init/entry.s            0x00000000   Number         0  entry11a.o ABSOLUTE
    ../clib/microlib/init/entry.s            0x00000000   Number         0  entry11b.o ABSOLUTE
    ../clib/microlib/longlong.c              0x00000000   Number         0  llshl.o ABSOLUTE
    ../clib/microlib/longlong.c              0x00000000   Number         0  llushr.o ABSOLUTE
    ../clib/microlib/string/memcpy.c         0x00000000   Number         0  memcpya.o ABSOLUTE
    ../clib/microlib/string/memcpy.c         0x00000000   Number         0  memcpyb.o ABSOLUTE
    ../clib/microlib/string/memset.c         0x00000000   Number         0  memseta.o ABSOLUTE
    boot_flash.c                             0x00000000   Number         0  boot_flash.o ABSOLUTE
    boot_fw_info.c                           0x00000000   Number         0  boot_fw_info.o ABSOLUTE
    boot_main.c                              0x00000000   Number         0  boot_main.o ABSOLUTE
    boot_oled.c                              0x00000000   Number         0  boot_oled.o ABSOLUTE
    boot_proto.c                             0x00000000   Number         0  boot_proto.o ABSOLUTE
    dc.s                                     0x00000000   Number         0  dc.o ABSOLUTE
    gpio.c                                   0x00000000   Number         0  gpio.o ABSOLUTE
    handlers.s                               0x00000000   Number         0  handlers.o ABSOLUTE
    init.s                                   0x00000000   Number         0  init.o ABSOLUTE
    startup\startup_stm32f407xx.s            0x00000000   Number         0  startup_stm32f407xx.o ABSOLUTE
    stm32f4xx_hal.c                          0x00000000   Number         0  stm32f4xx_hal.o ABSOLUTE
    stm32f4xx_hal_cortex.c                   0x00000000   Number         0  stm32f4xx_hal_cortex.o ABSOLUTE
    stm32f4xx_hal_dma.c                      0x00000000   Number         0  stm32f4xx_hal_dma.o ABSOLUTE
    stm32f4xx_hal_dma_ex.c                   0x00000000   Number         0  stm32f4xx_hal_dma_ex.o ABSOLUTE
    stm32f4xx_hal_flash.c                    0x00000000   Number         0  stm32f4xx_hal_flash.o ABSOLUTE
    stm32f4xx_hal_flash_ex.c                 0x00000000   Number         0  stm32f4xx_hal_flash_ex.o ABSOLUTE
    stm32f4xx_hal_gpio.c                     0x00000000   Number         0  stm32f4xx_hal_gpio.o ABSOLUTE
    stm32f4xx_hal_msp.c                      0x00000000   Number         0  stm32f4xx_hal_msp.o ABSOLUTE
    stm32f4xx_hal_pwr.c                      0x00000000   Number         0  stm32f4xx_hal_pwr.o ABSOLUTE
    stm32f4xx_hal_pwr_ex.c                   0x00000000   Number         0  stm32f4xx_hal_pwr_ex.o ABSOLUTE
    stm32f4xx_hal_rcc.c                      0x00000000   Number         0  stm32f4xx_hal_rcc.o ABSOLUTE
    stm32f4xx_hal_rcc_ex.c                   0x00000000   Number         0  stm32f4xx_hal_rcc_ex.o ABSOLUTE
    stm32f4xx_hal_uart.c                     0x00000000   Number         0  stm32f4xx_hal_uart.o ABSOLUTE
    stm32f4xx_it.c                           0x00000000   Number         0  stm32f4xx_it.o ABSOLUTE
    system_stm32f4xx.c                       0x00000000   Number         0  system_stm32f4xx.o ABSOLUTE
    usart.c                                  0x00000000   Number         0  usart.o ABSOLUTE
    RESET                                    0x08000000   Section      392  startup_stm32f407xx.o(RESET)
    .ARM.Collect$$$$00000000                 0x08000188   Section        0  entry.o(.ARM.Collect$$$$00000000)
    .ARM.Collect$$$$00000001                 0x08000188   Section        4  entry2.o(.ARM.Collect$$$$00000001)
    .ARM.Collect$$$$00000004                 0x0800018c   Section        4  entry5.o(.ARM.Collect$$$$00000004)
    .ARM.Collect$$$$00000008                 0x08000190   Section        0  entry7b.o(.ARM.Collect$$$$00000008)
    .ARM.Collect$$$$0000000A                 0x08000190   Section        0  entry8b.o(.ARM.Collect$$$$0000000A)
    .ARM.Collect$$$$0000000B                 0x08000190   Section        8  entry9a.o(.ARM.Collect$$$$0000000B)
    __lit__00000000                          0x08000198   Data           4  entry2.o(.ARM.Collect$$$$00002712)
    .ARM.Collect$$$$0000000D                 0x08000198   Section        0  entry10a.o(.ARM.Collect$$$$0000000D)
    .ARM.Collect$$$$0000000F                 0x08000198   Section        0  entry11a.o(.ARM.Collect$$$$0000000F)
    .ARM.Collect$$$$00002712                 0x08000198   Section        4  entry2.o(.ARM.Collect$$$$00002712)
    $v0                                      0x0800019c   Number         0  startup_stm32f407xx.o(.text)
    .text                                    0x0800019c   Section       36  startup_stm32f407xx.o(.text)
    .text                                    0x080001c0   Section        0  uldiv.o(.text)
    .text                                    0x08000222   Section        0  memcpya.o(.text)
    .text                                    0x08000246   Section        0  memseta.o(.text)
    .text                                    0x0800026a   Section        0  llshl.o(.text)
    .text                                    0x08000288   Section        0  llushr.o(.text)
    .text                                    0x080002a8   Section       36  init.o(.text)
    [Anonymous Symbol]                       0x080002cc   Section        0  stm32f4xx_it.o(.text.BusFault_Handler)
    [Anonymous Symbol]                       0x080002d0   Section        0  stm32f4xx_it.o(.text.DebugMon_Handler)
    [Anonymous Symbol]                       0x080002d4   Section        0  boot_main.o(.text.Error_Handler)
    [Anonymous Symbol]                       0x080002dc   Section        0  stm32f4xx_hal_flash.o(.text.FLASH_WaitForLastOperation)
    [Anonymous Symbol]                       0x080003d8   Section        0  stm32f4xx_hal_dma.o(.text.HAL_DMA_Abort)
    [Anonymous Symbol]                       0x0800045c   Section        0  stm32f4xx_hal_dma.o(.text.HAL_DMA_Abort_IT)
    [Anonymous Symbol]                       0x08000480   Section        0  stm32f4xx_hal_flash_ex.o(.text.HAL_FLASHEx_Erase)
    [Anonymous Symbol]                       0x080005f0   Section        0  stm32f4xx_hal_flash.o(.text.HAL_FLASH_Lock)
    [Anonymous Symbol]                       0x08000604   Section        0  stm32f4xx_hal_flash.o(.text.HAL_FLASH_Program)
    [Anonymous Symbol]                       0x08000710   Section        0  stm32f4xx_hal_flash.o(.text.HAL_FLASH_Unlock)
    [Anonymous Symbol]                       0x08000740   Section        0  stm32f4xx_hal_gpio.o(.text.HAL_GPIO_Init)
    [Anonymous Symbol]                       0x080008fc   Section        0  stm32f4xx_hal_gpio.o(.text.HAL_GPIO_ReadPin)
    [Anonymous Symbol]                       0x08000908   Section        0  stm32f4xx_hal_gpio.o(.text.HAL_GPIO_WritePin)
    [Anonymous Symbol]                       0x08000914   Section        0  stm32f4xx_hal.o(.text.HAL_GetTick)
    [Anonymous Symbol]                       0x08000920   Section        0  stm32f4xx_hal.o(.text.HAL_IncTick)
    [Anonymous Symbol]                       0x0800093c   Section        0  stm32f4xx_hal.o(.text.HAL_Init)
    [Anonymous Symbol]                       0x08000974   Section        0  stm32f4xx_hal.o(.text.HAL_InitTick)
    [Anonymous Symbol]                       0x080009c4   Section        0  stm32f4xx_hal_msp.o(.text.HAL_MspInit)
    [Anonymous Symbol]                       0x080009fc   Section        0  stm32f4xx_hal_cortex.o(.text.HAL_NVIC_SetPriority)
    [Anonymous Symbol]                       0x08000a54   Section        0  stm32f4xx_hal_cortex.o(.text.HAL_NVIC_SetPriorityGrouping)
    [Anonymous Symbol]                       0x08000a74   Section        0  stm32f4xx_hal_rcc.o(.text.HAL_RCC_ClockConfig)
    [Anonymous Symbol]                       0x08000bd8   Section        0  stm32f4xx_hal_rcc.o(.text.HAL_RCC_GetPCLK1Freq)
    [Anonymous Symbol]                       0x08000c00   Section        0  stm32f4xx_hal_rcc.o(.text.HAL_RCC_GetPCLK2Freq)
    [Anonymous Symbol]                       0x08000c28   Section        0  stm32f4xx_hal_rcc.o(.text.HAL_RCC_GetSysClockFreq)
    [Anonymous Symbol]                       0x08000c94   Section        0  stm32f4xx_hal_rcc.o(.text.HAL_RCC_OscConfig)
    [Anonymous Symbol]                       0x08000ff0   Section        0  stm32f4xx_hal_cortex.o(.text.HAL_SYSTICK_Config)
    [Anonymous Symbol]                       0x0800101c   Section        0  stm32f4xx_hal_uart.o(.text.HAL_UARTEx_RxEventCallback)
    [Anonymous Symbol]                       0x08001020   Section        0  stm32f4xx_hal_uart.o(.text.HAL_UART_ErrorCallback)
    [Anonymous Symbol]                       0x08001024   Section        0  stm32f4xx_hal_uart.o(.text.HAL_UART_IRQHandler)
    [Anonymous Symbol]                       0x08001594   Section        0  stm32f4xx_hal_uart.o(.text.HAL_UART_Init)
    [Anonymous Symbol]                       0x080015f4   Section        0  usart.o(.text.HAL_UART_MspInit)
    [Anonymous Symbol]                       0x080016ac   Section        0  stm32f4xx_hal_uart.o(.text.HAL_UART_Receive)
    [Anonymous Symbol]                       0x080018a4   Section        0  stm32f4xx_hal_uart.o(.text.HAL_UART_RxCpltCallback)
    [Anonymous Symbol]                       0x080018a8   Section        0  stm32f4xx_hal_uart.o(.text.HAL_UART_Transmit)
    [Anonymous Symbol]                       0x08001994   Section        0  stm32f4xx_hal_uart.o(.text.HAL_UART_TxCpltCallback)
    [Anonymous Symbol]                       0x08001998   Section        0  stm32f4xx_it.o(.text.HardFault_Handler)
    [Anonymous Symbol]                       0x0800199c   Section        0  gpio.o(.text.MX_GPIO_Init)
    [Anonymous Symbol]                       0x08001a88   Section        0  usart.o(.text.MX_USART1_UART_Init)
    [Anonymous Symbol]                       0x08001ac4   Section        0  usart.o(.text.MX_USART2_UART_Init)
    [Anonymous Symbol]                       0x08001b00   Section        0  stm32f4xx_it.o(.text.MemManage_Handler)
    [Anonymous Symbol]                       0x08001b04   Section        0  stm32f4xx_it.o(.text.NMI_Handler)
    [Anonymous Symbol]                       0x08001b08   Section        0  stm32f4xx_it.o(.text.PendSV_Handler)
    [Anonymous Symbol]                       0x08001b0c   Section        0  stm32f4xx_it.o(.text.SVC_Handler)
    [Anonymous Symbol]                       0x08001b10   Section        0  stm32f4xx_it.o(.text.SysTick_Handler)
    [Anonymous Symbol]                       0x08001b14   Section        0  boot_main.o(.text.SystemClock_Config)
    [Anonymous Symbol]                       0x08001bbc   Section        0  system_stm32f4xx.o(.text.SystemInit)
    UART_DMAAbortOnError                     0x08001bd1   Thumb Code    10  stm32f4xx_hal_uart.o(.text.UART_DMAAbortOnError)
    [Anonymous Symbol]                       0x08001bd0   Section        0  stm32f4xx_hal_uart.o(.text.UART_DMAAbortOnError)
    UART_Receive_IT                          0x08001bdd   Thumb Code   250  stm32f4xx_hal_uart.o(.text.UART_Receive_IT)
    [Anonymous Symbol]                       0x08001bdc   Section        0  stm32f4xx_hal_uart.o(.text.UART_Receive_IT)
    UART_SetConfig                           0x08001cd9   Thumb Code   220  stm32f4xx_hal_uart.o(.text.UART_SetConfig)
    [Anonymous Symbol]                       0x08001cd8   Section        0  stm32f4xx_hal_uart.o(.text.UART_SetConfig)
    [Anonymous Symbol]                       0x08001db4   Section        0  stm32f4xx_it.o(.text.USART1_IRQHandler)
    [Anonymous Symbol]                       0x08001dc0   Section        0  stm32f4xx_it.o(.text.USART2_IRQHandler)
    [Anonymous Symbol]                       0x08001dcc   Section        0  stm32f4xx_it.o(.text.UsageFault_Handler)
    [Anonymous Symbol]                       0x08001dd0   Section        0  boot_flash.o(.text.boot_crc32)
    [Anonymous Symbol]                       0x08001e98   Section        0  boot_flash.o(.text.boot_crc32_slot)
    [Anonymous Symbol]                       0x08001f78   Section        0  boot_flash.o(.text.boot_erase_sector)
    [Anonymous Symbol]                       0x08001fac   Section        0  boot_flash.o(.text.boot_erase_slot)
    [Anonymous Symbol]                       0x080020f4   Section        0  boot_flash.o(.text.boot_flash_write_word)
    boot_jump_to_app                         0x0800211d   Thumb Code   256  boot_main.o(.text.boot_jump_to_app)
    [Anonymous Symbol]                       0x0800211c   Section        0  boot_main.o(.text.boot_jump_to_app)
    boot_log_impl                            0x0800221d   Thumb Code  1956  boot_main.o(.text.boot_log_impl)
    [Anonymous Symbol]                       0x0800221c   Section        0  boot_main.o(.text.boot_log_impl)
    [Anonymous Symbol]                       0x080029c0   Section        0  boot_oled.o(.text.boot_oled_flush)
    [Anonymous Symbol]                       0x08002a08   Section        0  boot_oled.o(.text.boot_oled_init)
    ssd1306_init_cmds                        0x08002aa0   Number         0  boot_oled.o(.text.boot_oled_init)
    [Anonymous Symbol]                       0x08002abc   Section        0  boot_oled.o(.text.boot_oled_progress)
    [Anonymous Symbol]                       0x08002b8c   Section        0  boot_oled.o(.text.boot_oled_set_cursor)
    [Anonymous Symbol]                       0x08002bf0   Section        0  boot_oled.o(.text.boot_oled_status)
    [Anonymous Symbol]                       0x08002c5c   Section        0  boot_proto.o(.text.boot_proto_build)
    [Anonymous Symbol]                       0x08002d44   Section        0  boot_proto.o(.text.boot_proto_feed)
    [Anonymous Symbol]                       0x08002e6c   Section        0  boot_proto.o(.text.boot_proto_get_frame)
    [Anonymous Symbol]                       0x08002e78   Section        0  boot_proto.o(.text.boot_proto_tx_buf)
    draw_text_at                             0x08002e85   Thumb Code   426  boot_oled.o(.text.draw_text_at)
    [Anonymous Symbol]                       0x08002e84   Section        0  boot_oled.o(.text.draw_text_at)
    enter_update_mode                        0x08003031   Thumb Code  4248  boot_main.o(.text.enter_update_mode)
    [Anonymous Symbol]                       0x08003030   Section        0  boot_main.o(.text.enter_update_mode)
    fw_dbg_impl                              0x080040c9   Thumb Code  1638  boot_fw_info.o(.text.fw_dbg_impl)
    [Anonymous Symbol]                       0x080040c8   Section        0  boot_fw_info.o(.text.fw_dbg_impl)
    [Anonymous Symbol]                       0x08004730   Section        0  boot_fw_info.o(.text.fw_info_clear_ota_request)
    [Anonymous Symbol]                       0x08004740   Section        0  boot_fw_info.o(.text.fw_info_get)
    [Anonymous Symbol]                       0x0800474c   Section        0  boot_fw_info.o(.text.fw_info_load)
    [Anonymous Symbol]                       0x0800496c   Section        0  boot_fw_info.o(.text.fw_info_save)
    [Anonymous Symbol]                       0x08004b84   Section        0  boot_fw_info.o(.text.fw_info_set_active_slot)
    [Anonymous Symbol]                       0x08004b9c   Section        0  boot_fw_info.o(.text.fw_info_set_slot_info)
    [Anonymous Symbol]                       0x08004bd8   Section        0  boot_fw_info.o(.text.fw_info_set_slot_state)
    i2c_start                                0x08004bed   Thumb Code   198  boot_oled.o(.text.i2c_start)
    [Anonymous Symbol]                       0x08004bec   Section        0  boot_oled.o(.text.i2c_start)
    i2c_stop                                 0x08004cb5   Thumb Code   184  boot_oled.o(.text.i2c_stop)
    [Anonymous Symbol]                       0x08004cb4   Section        0  boot_oled.o(.text.i2c_stop)
    i2c_write_byte                           0x08004d6d   Thumb Code   444  boot_oled.o(.text.i2c_write_byte)
    [Anonymous Symbol]                       0x08004d6c   Section        0  boot_oled.o(.text.i2c_write_byte)
    [Anonymous Symbol]                       0x08004f28   Section        0  boot_main.o(.text.main)
    i.__scatterload_copy                     0x08005aa0   Section       14  handlers.o(i.__scatterload_copy)
    i.__scatterload_null                     0x08005aae   Section        2  handlers.o(i.__scatterload_null)
    i.__scatterload_zeroinit                 0x08005ab0   Section       14  handlers.o(i.__scatterload_zeroinit)
    ascii_8x16                               0x08005ad6   Data        1520  boot_oled.o(.rodata.ascii_8x16)
    [Anonymous Symbol]                       0x08005ad6   Section        0  boot_oled.o(.rodata.ascii_8x16)
    cn_font_table                            0x080060c8   Data         684  boot_oled.o(.rodata.cn_font_table)
    [Anonymous Symbol]                       0x080060c8   Section        0  boot_oled.o(.rodata.cn_font_table)
    crc32_table                              0x08006374   Data        1024  boot_flash.o(.rodata.crc32_table)
    [Anonymous Symbol]                       0x08006374   Section        0  boot_flash.o(.rodata.crc32_table)
    crc8_table                               0x08006774   Data         256  boot_proto.o(.rodata.crc8_table)
    [Anonymous Symbol]                       0x08006774   Section        0  boot_proto.o(.rodata.crc8_table)
    .L.str.4                                 0x08006874   Data          48  boot_fw_info.o(.rodata.str1.1)
    [Anonymous Symbol]                       0x08006874   Section        0  boot_fw_info.o(.rodata.str1.1)
    .L.str.8                                 0x080068a4   Data          27  boot_fw_info.o(.rodata.str1.1)
    .L.str.6                                 0x080068bf   Data          34  boot_fw_info.o(.rodata.str1.1)
    .L__func__.fw_info_load                  0x080068e1   Data          13  boot_fw_info.o(.rodata.str1.1)
    .L__func__.fw_info_save                  0x080068ee   Data          13  boot_fw_info.o(.rodata.str1.1)
    .L.str.10                                0x080068fb   Data          35  boot_fw_info.o(.rodata.str1.1)
    .L.str.3                                 0x0800691e   Data          47  boot_fw_info.o(.rodata.str1.1)
    .L.str.11                                0x0800694d   Data          38  boot_fw_info.o(.rodata.str1.1)
    .L.str.12                                0x08006973   Data          34  boot_fw_info.o(.rodata.str1.1)
    .L.str.48                                0x08006995   Data          46  boot_main.o(.rodata.str1.1)
    [Anonymous Symbol]                       0x08006995   Section        0  boot_main.o(.rodata.str1.1)
    .L.str.25                                0x080069c3   Data          36  boot_main.o(.rodata.str1.1)
    .L.str.36                                0x080069e7   Data          36  boot_main.o(.rodata.str1.1)
    .L.str.10                                0x08006a0b   Data          25  boot_main.o(.rodata.str1.1)
    .L.str.7                                 0x08006a24   Data          37  boot_main.o(.rodata.str1.1)
    .L.str.37                                0x08006a49   Data          35  boot_main.o(.rodata.str1.1)
    .L.str.28                                0x08006a6c   Data          23  boot_main.o(.rodata.str1.1)
    .L.str.14                                0x08006a83   Data          32  boot_main.o(.rodata.str1.1)
    .L.str.17                                0x08006aa3   Data          46  boot_main.o(.rodata.str1.1)
    .L.str.38                                0x08006ad1   Data          13  boot_main.o(.rodata.str1.1)
    .L.str.29                                0x08006ade   Data          13  boot_main.o(.rodata.str1.1)
    .L.str                                   0x08006aeb   Data          41  boot_main.o(.rodata.str1.1)
    .L.str.30                                0x08006b14   Data          25  boot_main.o(.rodata.str1.1)
    .L.str.45                                0x08006b2d   Data          26  boot_main.o(.rodata.str1.1)
    .L.str.31                                0x08006b47   Data          21  boot_main.o(.rodata.str1.1)
    .L.str.18                                0x08006b5c   Data          22  boot_main.o(.rodata.str1.1)
    .L.str.47                                0x08006b72   Data          24  boot_main.o(.rodata.str1.1)
    .L.str.35                                0x08006b8a   Data          29  boot_main.o(.rodata.str1.1)
    .L.str.27                                0x08006ba7   Data          35  boot_main.o(.rodata.str1.1)
    .L.str.41                                0x08006bca   Data          33  boot_main.o(.rodata.str1.1)
    .L.str.44                                0x08006beb   Data          40  boot_main.o(.rodata.str1.1)
    .L.str.13                                0x08006c13   Data          61  boot_main.o(.rodata.str1.1)
    .L.str.39                                0x08006c50   Data          41  boot_main.o(.rodata.str1.1)
    .L.str.26                                0x08006c79   Data          57  boot_main.o(.rodata.str1.1)
    .L.str.15                                0x08006cb2   Data          50  boot_main.o(.rodata.str1.1)
    .L.str.11                                0x08006ce4   Data          99  boot_main.o(.rodata.str1.1)
    .L.str.40                                0x08006d47   Data          31  boot_main.o(.rodata.str1.1)
    .L.str.16                                0x08006d66   Data          21  boot_main.o(.rodata.str1.1)
    .L.str.12                                0x08006d7b   Data          36  boot_main.o(.rodata.str1.1)
    .L.str.6                                 0x08006d9f   Data          35  boot_main.o(.rodata.str1.1)
    .L.str.19                                0x08006dc2   Data          51  boot_main.o(.rodata.str1.1)
    .L.str.32                                0x08006df5   Data          35  boot_main.o(.rodata.str1.1)
    .L__func__.enter_update_mode             0x08006e18   Data          18  boot_main.o(.rodata.str1.1)
    .L.str.33                                0x08006e2a   Data          36  boot_main.o(.rodata.str1.1)
    .L__func__.main                          0x08006e4e   Data           5  boot_main.o(.rodata.str1.1)
    .L__func__.boot_jump_to_app              0x08006e53   Data          17  boot_main.o(.rodata.str1.1)
    .L.str.34                                0x08006e64   Data          47  boot_main.o(.rodata.str1.1)
    .L.str.42                                0x08006e93   Data          13  boot_main.o(.rodata.str1.1)
    .L.str.15                                0x08006e9c   Data           4  boot_main.o(.rodata.str1.1)
    .L.str.3                                 0x08006ea0   Data           4  boot_oled.o(.rodata.str1.1)
    [Anonymous Symbol]                       0x08006ea0   Section        0  boot_oled.o(.rodata.str1.1)
    .L.str.12                                0x08006ea4   Data           4  boot_oled.o(.rodata.str1.1)
    .L.str.19                                0x08006ea8   Data           4  boot_oled.o(.rodata.str1.1)
    .L.str.14                                0x08006eac   Data           4  boot_oled.o(.rodata.str1.1)
    .L.str.6                                 0x08006eb0   Data           4  boot_oled.o(.rodata.str1.1)
    .L.str.1                                 0x08006eb4   Data           4  boot_oled.o(.rodata.str1.1)
    .L.str.18                                0x08006eb8   Data           4  boot_oled.o(.rodata.str1.1)
    .L.str.5                                 0x08006ebc   Data           4  boot_oled.o(.rodata.str1.1)
    .L.str.10                                0x08006ec0   Data           4  boot_oled.o(.rodata.str1.1)
    .L.str.8                                 0x08006ec4   Data           4  boot_oled.o(.rodata.str1.1)
    .L.str.2                                 0x08006ec8   Data           4  boot_oled.o(.rodata.str1.1)
    .L.str.7                                 0x08006ecc   Data           4  boot_oled.o(.rodata.str1.1)
    .L.str.4                                 0x08006ed0   Data           4  boot_oled.o(.rodata.str1.1)
    .L.str.17                                0x08006ed4   Data           4  boot_oled.o(.rodata.str1.1)
    .L.str.11                                0x08006ed8   Data           4  boot_oled.o(.rodata.str1.1)
    .L.str.9                                 0x08006edc   Data           4  boot_oled.o(.rodata.str1.1)
    .L.str.16                                0x08006ee0   Data           4  boot_oled.o(.rodata.str1.1)
    .L.str.13                                0x08006ee4   Data           4  boot_oled.o(.rodata.str1.1)
    g_fw_info                                0x20000030   Data          36  boot_fw_info.o(.bss.g_fw_info)
    [Anonymous Symbol]                       0x20000030   Section        0  boot_fw_info.o(.bss.g_fw_info)
    oled_buf                                 0x200000e4   Data        1024  boot_oled.o(.bss.oled_buf)
    [Anonymous Symbol]                       0x200000e4   Section        0  boot_oled.o(.bss.oled_buf)
    s_crc_acc                                0x200004e4   Data           1  boot_proto.o(.bss.s_crc_acc)
    [Anonymous Symbol]                       0x200004e4   Section        0  boot_proto.o(.bss.s_crc_acc)
    s_data_idx                               0x200004e5   Data           1  boot_proto.o(.bss.s_data_idx)
    [Anonymous Symbol]                       0x200004e5   Section        0  boot_proto.o(.bss.s_data_idx)
    s_expect_len                             0x200004e6   Data           1  boot_proto.o(.bss.s_expect_len)
    [Anonymous Symbol]                       0x200004e6   Section        0  boot_proto.o(.bss.s_expect_len)
    s_frame                                  0x200004e7   Data         253  boot_proto.o(.bss.s_frame)
    [Anonymous Symbol]                       0x200004e7   Section        0  boot_proto.o(.bss.s_frame)
    s_state                                  0x200005e4   Data           1  boot_proto.o(.bss.s_state)
    [Anonymous Symbol]                       0x200005e4   Section        0  boot_proto.o(.bss.s_state)
    tx_buf                                   0x200005e5   Data         257  boot_proto.o(.bss.tx_buf)
    [Anonymous Symbol]                       0x200005e5   Section        0  boot_proto.o(.bss.tx_buf)
    STACK                                    0x200006f0   Section     4096  startup_stm32f407xx.o(STACK)

    Global Symbols

    Symbol Name                              Value     Ov Type        Size  Object(Section)

    BuildAttributes$$THM_ISAv4$E$P$D$K$B$S$7EM$VFPi3$EXTD16$VFPS$VFMA$PE$A:L22UL41UL21$X:L11$S22US41US21$IEEE1$IW$~IW$USESV6$~STKCKD$USESV7$~SHL$OTIME$EBA8$MICROLIB$REQ8$PRES8$EABIv2 0x00000000   Number         0  anon$$obj.o ABSOLUTE
    __cpp_initialize__aeabi_                  - Undefined Weak Reference
    __cxa_finalize                            - Undefined Weak Reference
    __decompress                              - Undefined Weak Reference
    _clock_init                               - Undefined Weak Reference
    _microlib_exit                            - Undefined Weak Reference
    __Vectors_Size                           0x00000188   Number         0  startup_stm32f407xx.o ABSOLUTE
    __Vectors                                0x08000000   Data           4  startup_stm32f407xx.o(RESET)
    __Vectors_End                            0x08000188   Data           0  startup_stm32f407xx.o(RESET)
    __main                                   0x08000189   Thumb Code     0  entry.o(.ARM.Collect$$$$00000000)
    _main_stk                                0x08000189   Thumb Code     0  entry2.o(.ARM.Collect$$$$00000001)
    _main_scatterload                        0x0800018d   Thumb Code     0  entry5.o(.ARM.Collect$$$$00000004)
    __main_after_scatterload                 0x08000191   Thumb Code     0  entry5.o(.ARM.Collect$$$$00000004)
    _main_clock                              0x08000191   Thumb Code     0  entry7b.o(.ARM.Collect$$$$00000008)
    _main_cpp_init                           0x08000191   Thumb Code     0  entry8b.o(.ARM.Collect$$$$0000000A)
    _main_init                               0x08000191   Thumb Code     0  entry9a.o(.ARM.Collect$$$$0000000B)
    __rt_final_cpp                           0x08000199   Thumb Code     0  entry10a.o(.ARM.Collect$$$$0000000D)
    __rt_final_exit                          0x08000199   Thumb Code     0  entry11a.o(.ARM.Collect$$$$0000000F)
    Reset_Handler                            0x0800019d   Thumb Code     8  startup_stm32f407xx.o(.text)
    ADC_IRQHandler                           0x080001b7   Thumb Code     0  startup_stm32f407xx.o(.text)
    CAN1_RX0_IRQHandler                      0x080001b7   Thumb Code     0  startup_stm32f407xx.o(.text)
    CAN1_RX1_IRQHandler                      0x080001b7   Thumb Code     0  startup_stm32f407xx.o(.text)
    CAN1_SCE_IRQHandler                      0x080001b7   Thumb Code     0  startup_stm32f407xx.o(.text)
    CAN1_TX_IRQHandler                       0x080001b7   Thumb Code     0  startup_stm32f407xx.o(.text)
    CAN2_RX0_IRQHandler                      0x080001b7   Thumb Code     0  startup_stm32f407xx.o(.text)
    CAN2_RX1_IRQHandler                      0x080001b7   Thumb Code     0  startup_stm32f407xx.o(.text)
    CAN2_SCE_IRQHandler                      0x080001b7   Thumb Code     0  startup_stm32f407xx.o(.text)
    CAN2_TX_IRQHandler                       0x080001b7   Thumb Code     0  startup_stm32f407xx.o(.text)
    DCMI_IRQHandler                          0x080001b7   Thumb Code     0  startup_stm32f407xx.o(.text)
    DMA1_Stream0_IRQHandler                  0x080001b7   Thumb Code     0  startup_stm32f407xx.o(.text)
    DMA1_Stream1_IRQHandler                  0x080001b7   Thumb Code     0  startup_stm32f407xx.o(.text)
    DMA1_Stream2_IRQHandler                  0x080001b7   Thumb Code     0  startup_stm32f407xx.o(.text)
    DMA1_Stream3_IRQHandler                  0x080001b7   Thumb Code     0  startup_stm32f407xx.o(.text)
    DMA1_Stream4_IRQHandler                  0x080001b7   Thumb Code     0  startup_stm32f407xx.o(.text)
    DMA1_Stream5_IRQHandler                  0x080001b7   Thumb Code     0  startup_stm32f407xx.o(.text)
    DMA1_Stream6_IRQHandler                  0x080001b7   Thumb Code     0  startup_stm32f407xx.o(.text)
    DMA1_Stream7_IRQHandler                  0x080001b7   Thumb Code     0  startup_stm32f407xx.o(.text)
    DMA2_Stream0_IRQHandler                  0x080001b7   Thumb Code     0  startup_stm32f407xx.o(.text)
    DMA2_Stream1_IRQHandler                  0x080001b7   Thumb Code     0  startup_stm32f407xx.o(.text)
    DMA2_Stream2_IRQHandler                  0x080001b7   Thumb Code     0  startup_stm32f407xx.o(.text)
    DMA2_Stream3_IRQHandler                  0x080001b7   Thumb Code     0  startup_stm32f407xx.o(.text)
    DMA2_Stream4_IRQHandler                  0x080001b7   Thumb Code     0  startup_stm32f407xx.o(.text)
    DMA2_Stream5_IRQHandler                  0x080001b7   Thumb Code     0  startup_stm32f407xx.o(.text)
    DMA2_Stream6_IRQHandler                  0x080001b7   Thumb Code     0  startup_stm32f407xx.o(.text)
    DMA2_Stream7_IRQHandler                  0x080001b7   Thumb Code     0  startup_stm32f407xx.o(.text)
    ETH_IRQHandler                           0x080001b7   Thumb Code     0  startup_stm32f407xx.o(.text)
    ETH_WKUP_IRQHandler                      0x080001b7   Thumb Code     0  startup_stm32f407xx.o(.text)
    EXTI0_IRQHandler                         0x080001b7   Thumb Code     0  startup_stm32f407xx.o(.text)
    EXTI15_10_IRQHandler                     0x080001b7   Thumb Code     0  startup_stm32f407xx.o(.text)
    EXTI1_IRQHandler                         0x080001b7   Thumb Code     0  startup_stm32f407xx.o(.text)
    EXTI2_IRQHandler                         0x080001b7   Thumb Code     0  startup_stm32f407xx.o(.text)
    EXTI3_IRQHandler                         0x080001b7   Thumb Code     0  startup_stm32f407xx.o(.text)
    EXTI4_IRQHandler                         0x080001b7   Thumb Code     0  startup_stm32f407xx.o(.text)
    EXTI9_5_IRQHandler                       0x080001b7   Thumb Code     0  startup_stm32f407xx.o(.text)
    FLASH_IRQHandler                         0x080001b7   Thumb Code     0  startup_stm32f407xx.o(.text)
    FMC_IRQHandler                           0x080001b7   Thumb Code     0  startup_stm32f407xx.o(.text)
    FPU_IRQHandler                           0x080001b7   Thumb Code     0  startup_stm32f407xx.o(.text)
    HASH_RNG_IRQHandler                      0x080001b7   Thumb Code     0  startup_stm32f407xx.o(.text)
    I2C1_ER_IRQHandler                       0x080001b7   Thumb Code     0  startup_stm32f407xx.o(.text)
    I2C1_EV_IRQHandler                       0x080001b7   Thumb Code     0  startup_stm32f407xx.o(.text)
    I2C2_ER_IRQHandler                       0x080001b7   Thumb Code     0  startup_stm32f407xx.o(.text)
    I2C2_EV_IRQHandler                       0x080001b7   Thumb Code     0  startup_stm32f407xx.o(.text)
    I2C3_ER_IRQHandler                       0x080001b7   Thumb Code     0  startup_stm32f407xx.o(.text)
    I2C3_EV_IRQHandler                       0x080001b7   Thumb Code     0  startup_stm32f407xx.o(.text)
    OTG_FS_IRQHandler                        0x080001b7   Thumb Code     0  startup_stm32f407xx.o(.text)
    OTG_FS_WKUP_IRQHandler                   0x080001b7   Thumb Code     0  startup_stm32f407xx.o(.text)
    OTG_HS_EP1_IN_IRQHandler                 0x080001b7   Thumb Code     0  startup_stm32f407xx.o(.text)
    OTG_HS_EP1_OUT_IRQHandler                0x080001b7   Thumb Code     0  startup_stm32f407xx.o(.text)
    OTG_HS_IRQHandler                        0x080001b7   Thumb Code     0  startup_stm32f407xx.o(.text)
    OTG_HS_WKUP_IRQHandler                   0x080001b7   Thumb Code     0  startup_stm32f407xx.o(.text)
    PVD_IRQHandler                           0x080001b7   Thumb Code     0  startup_stm32f407xx.o(.text)
    RCC_IRQHandler                           0x080001b7   Thumb Code     0  startup_stm32f407xx.o(.text)
    RTC_Alarm_IRQHandler                     0x080001b7   Thumb Code     0  startup_stm32f407xx.o(.text)
    RTC_WKUP_IRQHandler                      0x080001b7   Thumb Code     0  startup_stm32f407xx.o(.text)
    SDIO_IRQHandler                          0x080001b7   Thumb Code     0  startup_stm32f407xx.o(.text)
    SPI1_IRQHandler                          0x080001b7   Thumb Code     0  startup_stm32f407xx.o(.text)
    SPI2_IRQHandler                          0x080001b7   Thumb Code     0  startup_stm32f407xx.o(.text)
    SPI3_IRQHandler                          0x080001b7   Thumb Code     0  startup_stm32f407xx.o(.text)
    TAMP_STAMP_IRQHandler                    0x080001b7   Thumb Code     0  startup_stm32f407xx.o(.text)
    TIM1_BRK_TIM9_IRQHandler                 0x080001b7   Thumb Code     0  startup_stm32f407xx.o(.text)
    TIM1_CC_IRQHandler                       0x080001b7   Thumb Code     0  startup_stm32f407xx.o(.text)
    TIM1_TRG_COM_TIM11_IRQHandler            0x080001b7   Thumb Code     0  startup_stm32f407xx.o(.text)
    TIM1_UP_TIM10_IRQHandler                 0x080001b7   Thumb Code     0  startup_stm32f407xx.o(.text)
    TIM2_IRQHandler                          0x080001b7   Thumb Code     0  startup_stm32f407xx.o(.text)
    TIM3_IRQHandler                          0x080001b7   Thumb Code     0  startup_stm32f407xx.o(.text)
    TIM4_IRQHandler                          0x080001b7   Thumb Code     0  startup_stm32f407xx.o(.text)
    TIM5_IRQHandler                          0x080001b7   Thumb Code     0  startup_stm32f407xx.o(.text)
    TIM6_DAC_IRQHandler                      0x080001b7   Thumb Code     0  startup_stm32f407xx.o(.text)
    TIM7_IRQHandler                          0x080001b7   Thumb Code     0  startup_stm32f407xx.o(.text)
    TIM8_BRK_TIM12_IRQHandler                0x080001b7   Thumb Code     0  startup_stm32f407xx.o(.text)
    TIM8_CC_IRQHandler                       0x080001b7   Thumb Code     0  startup_stm32f407xx.o(.text)
    TIM8_TRG_COM_TIM14_IRQHandler            0x080001b7   Thumb Code     0  startup_stm32f407xx.o(.text)
    TIM8_UP_TIM13_IRQHandler                 0x080001b7   Thumb Code     0  startup_stm32f407xx.o(.text)
    UART4_IRQHandler                         0x080001b7   Thumb Code     0  startup_stm32f407xx.o(.text)
    UART5_IRQHandler                         0x080001b7   Thumb Code     0  startup_stm32f407xx.o(.text)
    USART3_IRQHandler                        0x080001b7   Thumb Code     0  startup_stm32f407xx.o(.text)
    USART6_IRQHandler                        0x080001b7   Thumb Code     0  startup_stm32f407xx.o(.text)
    WWDG_IRQHandler                          0x080001b7   Thumb Code     0  startup_stm32f407xx.o(.text)
    __aeabi_uldivmod                         0x080001c1   Thumb Code    98  uldiv.o(.text)
    __aeabi_memcpy                           0x08000223   Thumb Code    36  memcpya.o(.text)
    __aeabi_memcpy4                          0x08000223   Thumb Code     0  memcpya.o(.text)
    __aeabi_memcpy8                          0x08000223   Thumb Code     0  memcpya.o(.text)
    __aeabi_memset                           0x08000247   Thumb Code    14  memseta.o(.text)
    __aeabi_memset4                          0x08000247   Thumb Code     0  memseta.o(.text)
    __aeabi_memset8                          0x08000247   Thumb Code     0  memseta.o(.text)
    __aeabi_memclr                           0x08000255   Thumb Code     4  memseta.o(.text)
    __aeabi_memclr4                          0x08000255   Thumb Code     0  memseta.o(.text)
    __aeabi_memclr8                          0x08000255   Thumb Code     0  memseta.o(.text)
    _memset$wrapper                          0x08000259   Thumb Code    18  memseta.o(.text)
    __aeabi_llsl                             0x0800026b   Thumb Code    30  llshl.o(.text)
    _ll_shift_l                              0x0800026b   Thumb Code     0  llshl.o(.text)
    __aeabi_llsr                             0x08000289   Thumb Code    32  llushr.o(.text)
    _ll_ushift_r                             0x08000289   Thumb Code     0  llushr.o(.text)
    __scatterload                            0x080002a9   Thumb Code    28  init.o(.text)
    __scatterload_rt2                        0x080002a9   Thumb Code     0  init.o(.text)
    BusFault_Handler                         0x080002cd   Thumb Code     2  stm32f4xx_it.o(.text.BusFault_Handler)
    DebugMon_Handler                         0x080002d1   Thumb Code     2  stm32f4xx_it.o(.text.DebugMon_Handler)
    Error_Handler                            0x080002d5   Thumb Code     6  boot_main.o(.text.Error_Handler)
    FLASH_WaitForLastOperation               0x080002dd   Thumb Code   250  stm32f4xx_hal_flash.o(.text.FLASH_WaitForLastOperation)
    HAL_DMA_Abort                            0x080003d9   Thumb Code   130  stm32f4xx_hal_dma.o(.text.HAL_DMA_Abort)
    HAL_DMA_Abort_IT                         0x0800045d   Thumb Code    36  stm32f4xx_hal_dma.o(.text.HAL_DMA_Abort_IT)
    HAL_FLASHEx_Erase                        0x08000481   Thumb Code   366  stm32f4xx_hal_flash_ex.o(.text.HAL_FLASHEx_Erase)
    HAL_FLASH_Lock                           0x080005f1   Thumb Code    20  stm32f4xx_hal_flash.o(.text.HAL_FLASH_Lock)
    HAL_FLASH_Program                        0x08000605   Thumb Code   268  stm32f4xx_hal_flash.o(.text.HAL_FLASH_Program)
    HAL_FLASH_Unlock                         0x08000711   Thumb Code    46  stm32f4xx_hal_flash.o(.text.HAL_FLASH_Unlock)
    HAL_GPIO_Init                            0x08000741   Thumb Code   444  stm32f4xx_hal_gpio.o(.text.HAL_GPIO_Init)
    HAL_GPIO_ReadPin                         0x080008fd   Thumb Code    10  stm32f4xx_hal_gpio.o(.text.HAL_GPIO_ReadPin)
    HAL_GPIO_WritePin                        0x08000909   Thumb Code    10  stm32f4xx_hal_gpio.o(.text.HAL_GPIO_WritePin)
    HAL_GetTick                              0x08000915   Thumb Code    12  stm32f4xx_hal.o(.text.HAL_GetTick)
    HAL_IncTick                              0x08000921   Thumb Code    26  stm32f4xx_hal.o(.text.HAL_IncTick)
    HAL_Init                                 0x0800093d   Thumb Code    54  stm32f4xx_hal.o(.text.HAL_Init)
    HAL_InitTick                             0x08000975   Thumb Code    80  stm32f4xx_hal.o(.text.HAL_InitTick)
    HAL_MspInit                              0x080009c5   Thumb Code    56  stm32f4xx_hal_msp.o(.text.HAL_MspInit)
    HAL_NVIC_SetPriority                     0x080009fd   Thumb Code    86  stm32f4xx_hal_cortex.o(.text.HAL_NVIC_SetPriority)
    HAL_NVIC_SetPriorityGrouping             0x08000a55   Thumb Code    32  stm32f4xx_hal_cortex.o(.text.HAL_NVIC_SetPriorityGrouping)
    HAL_RCC_ClockConfig                      0x08000a75   Thumb Code   354  stm32f4xx_hal_rcc.o(.text.HAL_RCC_ClockConfig)
    HAL_RCC_GetPCLK1Freq                     0x08000bd9   Thumb Code    38  stm32f4xx_hal_rcc.o(.text.HAL_RCC_GetPCLK1Freq)
    HAL_RCC_GetPCLK2Freq                     0x08000c01   Thumb Code    38  stm32f4xx_hal_rcc.o(.text.HAL_RCC_GetPCLK2Freq)
    HAL_RCC_GetSysClockFreq                  0x08000c29   Thumb Code   106  stm32f4xx_hal_rcc.o(.text.HAL_RCC_GetSysClockFreq)
    HAL_RCC_OscConfig                        0x08000c95   Thumb Code   858  stm32f4xx_hal_rcc.o(.text.HAL_RCC_OscConfig)
    HAL_SYSTICK_Config                       0x08000ff1   Thumb Code    44  stm32f4xx_hal_cortex.o(.text.HAL_SYSTICK_Config)
    HAL_UARTEx_RxEventCallback               0x0800101d   Thumb Code     2  stm32f4xx_hal_uart.o(.text.HAL_UARTEx_RxEventCallback)
    HAL_UART_ErrorCallback                   0x08001021   Thumb Code     2  stm32f4xx_hal_uart.o(.text.HAL_UART_ErrorCallback)
    HAL_UART_IRQHandler                      0x08001025   Thumb Code  1390  stm32f4xx_hal_uart.o(.text.HAL_UART_IRQHandler)
    HAL_UART_Init                            0x08001595   Thumb Code    96  stm32f4xx_hal_uart.o(.text.HAL_UART_Init)
    HAL_UART_MspInit                         0x080015f5   Thumb Code   182  usart.o(.text.HAL_UART_MspInit)
    HAL_UART_Receive                         0x080016ad   Thumb Code   502  stm32f4xx_hal_uart.o(.text.HAL_UART_Receive)
    HAL_UART_RxCpltCallback                  0x080018a5   Thumb Code     2  stm32f4xx_hal_uart.o(.text.HAL_UART_RxCpltCallback)
    HAL_UART_Transmit                        0x080018a9   Thumb Code   236  stm32f4xx_hal_uart.o(.text.HAL_UART_Transmit)
    HAL_UART_TxCpltCallback                  0x08001995   Thumb Code     2  stm32f4xx_hal_uart.o(.text.HAL_UART_TxCpltCallback)
    HardFault_Handler                        0x08001999   Thumb Code     2  stm32f4xx_it.o(.text.HardFault_Handler)
    MX_GPIO_Init                             0x0800199d   Thumb Code   234  gpio.o(.text.MX_GPIO_Init)
    MX_USART1_UART_Init                      0x08001a89   Thumb Code    60  usart.o(.text.MX_USART1_UART_Init)
    MX_USART2_UART_Init                      0x08001ac5   Thumb Code    60  usart.o(.text.MX_USART2_UART_Init)
    MemManage_Handler                        0x08001b01   Thumb Code     2  stm32f4xx_it.o(.text.MemManage_Handler)
    NMI_Handler                              0x08001b05   Thumb Code     2  stm32f4xx_it.o(.text.NMI_Handler)
    PendSV_Handler                           0x08001b09   Thumb Code     2  stm32f4xx_it.o(.text.PendSV_Handler)
    SVC_Handler                              0x08001b0d   Thumb Code     2  stm32f4xx_it.o(.text.SVC_Handler)
    SysTick_Handler                          0x08001b11   Thumb Code     4  stm32f4xx_it.o(.text.SysTick_Handler)
    SystemClock_Config                       0x08001b15   Thumb Code   166  boot_main.o(.text.SystemClock_Config)
    SystemInit                               0x08001bbd   Thumb Code    18  system_stm32f4xx.o(.text.SystemInit)
    USART1_IRQHandler                        0x08001db5   Thumb Code    12  stm32f4xx_it.o(.text.USART1_IRQHandler)
    USART2_IRQHandler                        0x08001dc1   Thumb Code    12  stm32f4xx_it.o(.text.USART2_IRQHandler)
    UsageFault_Handler                       0x08001dcd   Thumb Code     2  stm32f4xx_it.o(.text.UsageFault_Handler)
    boot_crc32                               0x08001dd1   Thumb Code   200  boot_flash.o(.text.boot_crc32)
    boot_crc32_slot                          0x08001e99   Thumb Code   224  boot_flash.o(.text.boot_crc32_slot)
    boot_erase_sector                        0x08001f79   Thumb Code    52  boot_flash.o(.text.boot_erase_sector)
    boot_erase_slot                          0x08001fad   Thumb Code   326  boot_flash.o(.text.boot_erase_slot)
    boot_flash_write_word                    0x080020f5   Thumb Code    40  boot_flash.o(.text.boot_flash_write_word)
    boot_oled_flush                          0x080029c1   Thumb Code    72  boot_oled.o(.text.boot_oled_flush)
    boot_oled_init                           0x08002a09   Thumb Code   180  boot_oled.o(.text.boot_oled_init)
    boot_oled_progress                       0x08002abd   Thumb Code   208  boot_oled.o(.text.boot_oled_progress)
    boot_oled_set_cursor                     0x08002b8d   Thumb Code   100  boot_oled.o(.text.boot_oled_set_cursor)
    boot_oled_status                         0x08002bf1   Thumb Code   106  boot_oled.o(.text.boot_oled_status)
    boot_proto_build                         0x08002c5d   Thumb Code   230  boot_proto.o(.text.boot_proto_build)
    boot_proto_feed                          0x08002d45   Thumb Code   294  boot_proto.o(.text.boot_proto_feed)
    boot_proto_get_frame                     0x08002e6d   Thumb Code    10  boot_proto.o(.text.boot_proto_get_frame)
    boot_proto_tx_buf                        0x08002e79   Thumb Code    10  boot_proto.o(.text.boot_proto_tx_buf)
    fw_info_clear_ota_request                0x08004731   Thumb Code    16  boot_fw_info.o(.text.fw_info_clear_ota_request)
    fw_info_get                              0x08004741   Thumb Code    10  boot_fw_info.o(.text.fw_info_get)
    fw_info_load                             0x0800474d   Thumb Code   544  boot_fw_info.o(.text.fw_info_load)
    fw_info_save                             0x0800496d   Thumb Code   536  boot_fw_info.o(.text.fw_info_save)
    fw_info_set_active_slot                  0x08004b85   Thumb Code    22  boot_fw_info.o(.text.fw_info_set_active_slot)
    fw_info_set_slot_info                    0x08004b9d   Thumb Code    58  boot_fw_info.o(.text.fw_info_set_slot_info)
    fw_info_set_slot_state                   0x08004bd9   Thumb Code    20  boot_fw_info.o(.text.fw_info_set_slot_state)
    main                                     0x08004f29   Thumb Code  2936  boot_main.o(.text.main)
    __scatterload_copy                       0x08005aa1   Thumb Code    14  handlers.o(i.__scatterload_copy)
    __scatterload_null                       0x08005aaf   Thumb Code     2  handlers.o(i.__scatterload_null)
    __scatterload_zeroinit                   0x08005ab1   Thumb Code    14  handlers.o(i.__scatterload_zeroinit)
    AHBPrescTable                            0x08005abe   Data          16  system_stm32f4xx.o(.rodata.AHBPrescTable)
    APBPrescTable                            0x08005ace   Data           8  system_stm32f4xx.o(.rodata.APBPrescTable)
    Region$$Table$$Base                      0x08006ee8   Number         0  anon$$obj.o(Region$$Table)
    Region$$Table$$Limit                     0x08006f08   Number         0  anon$$obj.o(Region$$Table)
    SystemCoreClock                          0x20000000   Data           4  system_stm32f4xx.o(.data.SystemCoreClock)
    pFlash                                   0x20000004   Data          32  stm32f4xx_hal_flash.o(.data.pFlash)
    uwTickFreq                               0x20000024   Data           1  stm32f4xx_hal.o(.data.uwTickFreq)
    uwTickPrio                               0x20000028   Data           4  stm32f4xx_hal.o(.data.uwTickPrio)
    huart1                                   0x20000054   Data          72  usart.o(.bss.huart1)
    huart2                                   0x2000009c   Data          72  usart.o(.bss.huart2)
    uwTick                                   0x200006e8   Data           4  stm32f4xx_hal.o(.bss.uwTick)
    __initial_sp                             0x200016f0   Data           0  startup_stm32f407xx.o(STACK)



==============================================================================

Memory Map of the image

  Image Entry point : 0x08000189

  Load Region LR_IROM1 (Base: 0x08000000, Size: 0x00006f38, Max: 0x00008000, ABSOLUTE)

    Execution Region ER_IROM1 (Exec base: 0x08000000, Load base: 0x08000000, Size: 0x00006f08, Max: 0x00008000, ABSOLUTE)

    Exec Addr    Load Addr    Size         Type   Attr      Idx    E Section Name        Object

    0x08000000   0x08000000   0x00000188   Data   RO            3    RESET               startup_stm32f407xx.o
    0x08000188   0x08000188   0x00000000   Code   RO          720  * .ARM.Collect$$$$00000000  mc_w.l(entry.o)
    0x08000188   0x08000188   0x00000004   Code   RO          731    .ARM.Collect$$$$00000001  mc_w.l(entry2.o)
    0x0800018c   0x0800018c   0x00000004   Code   RO          734    .ARM.Collect$$$$00000004  mc_w.l(entry5.o)
    0x08000190   0x08000190   0x00000000   Code   RO          736    .ARM.Collect$$$$00000008  mc_w.l(entry7b.o)
    0x08000190   0x08000190   0x00000000   Code   RO          738    .ARM.Collect$$$$0000000A  mc_w.l(entry8b.o)
    0x08000190   0x08000190   0x00000008   Code   RO          739    .ARM.Collect$$$$0000000B  mc_w.l(entry9a.o)
    0x08000198   0x08000198   0x00000000   Code   RO          741    .ARM.Collect$$$$0000000D  mc_w.l(entry10a.o)
    0x08000198   0x08000198   0x00000000   Code   RO          743    .ARM.Collect$$$$0000000F  mc_w.l(entry11a.o)
    0x08000198   0x08000198   0x00000004   Code   RO          732    .ARM.Collect$$$$00002712  mc_w.l(entry2.o)
    0x0800019c   0x0800019c   0x00000024   Code   RO            4    .text               startup_stm32f407xx.o
    0x080001c0   0x080001c0   0x00000062   Code   RO          723    .text               mc_w.l(uldiv.o)
    0x08000222   0x08000222   0x00000024   Code   RO          725    .text               mc_w.l(memcpya.o)
    0x08000246   0x08000246   0x00000024   Code   RO          727    .text               mc_w.l(memseta.o)
    0x0800026a   0x0800026a   0x0000001e   Code   RO          745    .text               mc_w.l(llshl.o)
    0x08000288   0x08000288   0x00000020   Code   RO          747    .text               mc_w.l(llushr.o)
    0x080002a8   0x080002a8   0x00000024   Code   RO          749    .text               mc_w.l(init.o)
    0x080002cc   0x080002cc   0x00000002   Code   RO          629    .text.BusFault_Handler  stm32f4xx_it.o
    0x080002ce   0x080002ce   0x00000002   PAD
    0x080002d0   0x080002d0   0x00000002   Code   RO          635    .text.DebugMon_Handler  stm32f4xx_it.o
    0x080002d2   0x080002d2   0x00000002   PAD
    0x080002d4   0x080002d4   0x00000006   Code   RO          557    .text.Error_Handler  boot_main.o
    0x080002da   0x080002da   0x00000002   PAD
    0x080002dc   0x080002dc   0x000000fa   Code   RO          215    .text.FLASH_WaitForLastOperation  stm32f4xx_hal_flash.o
    0x080003d6   0x080003d6   0x00000002   PAD
    0x080003d8   0x080003d8   0x00000082   Code   RO          399    .text.HAL_DMA_Abort  stm32f4xx_hal_dma.o
    0x0800045a   0x0800045a   0x00000002   PAD
    0x0800045c   0x0800045c   0x00000024   Code   RO          401    .text.HAL_DMA_Abort_IT  stm32f4xx_hal_dma.o
    0x08000480   0x08000480   0x0000016e   Code   RO          247    .text.HAL_FLASHEx_Erase  stm32f4xx_hal_flash_ex.o
    0x080005ee   0x080005ee   0x00000002   PAD
    0x080005f0   0x080005f0   0x00000014   Code   RO          227    .text.HAL_FLASH_Lock  stm32f4xx_hal_flash.o
    0x08000604   0x08000604   0x0000010c   Code   RO          213    .text.HAL_FLASH_Program  stm32f4xx_hal_flash.o
    0x08000710   0x08000710   0x0000002e   Code   RO          225    .text.HAL_FLASH_Unlock  stm32f4xx_hal_flash.o
    0x0800073e   0x0800073e   0x00000002   PAD
    0x08000740   0x08000740   0x000001bc   Code   RO          188    .text.HAL_GPIO_Init  stm32f4xx_hal_gpio.o
    0x080008fc   0x080008fc   0x0000000a   Code   RO          192    .text.HAL_GPIO_ReadPin  stm32f4xx_hal_gpio.o
    0x08000906   0x08000906   0x00000002   PAD
    0x08000908   0x08000908   0x0000000a   Code   RO          194    .text.HAL_GPIO_WritePin  stm32f4xx_hal_gpio.o
    0x08000912   0x08000912   0x00000002   PAD
    0x08000914   0x08000914   0x0000000c   Code   RO           23    .text.HAL_GetTick   stm32f4xx_hal.o
    0x08000920   0x08000920   0x0000001a   Code   RO           21    .text.HAL_IncTick   stm32f4xx_hal.o
    0x0800093a   0x0800093a   0x00000002   PAD
    0x0800093c   0x0800093c   0x00000036   Code   RO           11    .text.HAL_Init      stm32f4xx_hal.o
    0x08000972   0x08000972   0x00000002   PAD
    0x08000974   0x08000974   0x00000050   Code   RO           13    .text.HAL_InitTick  stm32f4xx_hal.o
    0x080009c4   0x080009c4   0x00000038   Code   RO          614    .text.HAL_MspInit   stm32f4xx_hal_msp.o
    0x080009fc   0x080009fc   0x00000056   Code   RO           79    .text.HAL_NVIC_SetPriority  stm32f4xx_hal_cortex.o
    0x08000a52   0x08000a52   0x00000002   PAD
    0x08000a54   0x08000a54   0x00000020   Code   RO           77    .text.HAL_NVIC_SetPriorityGrouping  stm32f4xx_hal_cortex.o
    0x08000a74   0x08000a74   0x00000162   Code   RO          134    .text.HAL_RCC_ClockConfig  stm32f4xx_hal_rcc.o
    0x08000bd6   0x08000bd6   0x00000002   PAD
    0x08000bd8   0x08000bd8   0x00000026   Code   RO          146    .text.HAL_RCC_GetPCLK1Freq  stm32f4xx_hal_rcc.o
    0x08000bfe   0x08000bfe   0x00000002   PAD
    0x08000c00   0x08000c00   0x00000026   Code   RO          148    .text.HAL_RCC_GetPCLK2Freq  stm32f4xx_hal_rcc.o
    0x08000c26   0x08000c26   0x00000002   PAD
    0x08000c28   0x08000c28   0x0000006a   Code   RO          136    .text.HAL_RCC_GetSysClockFreq  stm32f4xx_hal_rcc.o
    0x08000c92   0x08000c92   0x00000002   PAD
    0x08000c94   0x08000c94   0x0000035a   Code   RO          132    .text.HAL_RCC_OscConfig  stm32f4xx_hal_rcc.o
    0x08000fee   0x08000fee   0x00000002   PAD
    0x08000ff0   0x08000ff0   0x0000002c   Code   RO           89    .text.HAL_SYSTICK_Config  stm32f4xx_hal_cortex.o
    0x0800101c   0x0800101c   0x00000002   Code   RO          354    .text.HAL_UARTEx_RxEventCallback  stm32f4xx_hal_uart.o
    0x0800101e   0x0800101e   0x00000002   PAD
    0x08001020   0x08001020   0x00000002   Code   RO          352    .text.HAL_UART_ErrorCallback  stm32f4xx_hal_uart.o
    0x08001022   0x08001022   0x00000002   PAD
    0x08001024   0x08001024   0x0000056e   Code   RO          346    .text.HAL_UART_IRQHandler  stm32f4xx_hal_uart.o
    0x08001592   0x08001592   0x00000002   PAD
    0x08001594   0x08001594   0x00000060   Code   RO          268    .text.HAL_UART_Init  stm32f4xx_hal_uart.o
    0x080015f4   0x080015f4   0x000000b6   Code   RO          673    .text.HAL_UART_MspInit  usart.o
    0x080016aa   0x080016aa   0x00000002   PAD
    0x080016ac   0x080016ac   0x000001f6   Code   RO          286    .text.HAL_UART_Receive  stm32f4xx_hal_uart.o
    0x080018a2   0x080018a2   0x00000002   PAD
    0x080018a4   0x080018a4   0x00000002   Code   RO          360    .text.HAL_UART_RxCpltCallback  stm32f4xx_hal_uart.o
    0x080018a6   0x080018a6   0x00000002   PAD
    0x080018a8   0x080018a8   0x000000ec   Code   RO          284    .text.HAL_UART_Transmit  stm32f4xx_hal_uart.o
    0x08001994   0x08001994   0x00000002   Code   RO          356    .text.HAL_UART_TxCpltCallback  stm32f4xx_hal_uart.o
    0x08001996   0x08001996   0x00000002   PAD
    0x08001998   0x08001998   0x00000002   Code   RO          625    .text.HardFault_Handler  stm32f4xx_it.o
    0x0800199a   0x0800199a   0x00000002   PAD
    0x0800199c   0x0800199c   0x000000ea   Code   RO          604    .text.MX_GPIO_Init  gpio.o
    0x08001a86   0x08001a86   0x00000002   PAD
    0x08001a88   0x08001a88   0x0000003c   Code   RO          669    .text.MX_USART1_UART_Init  usart.o
    0x08001ac4   0x08001ac4   0x0000003c   Code   RO          671    .text.MX_USART2_UART_Init  usart.o
    0x08001b00   0x08001b00   0x00000002   Code   RO          627    .text.MemManage_Handler  stm32f4xx_it.o
    0x08001b02   0x08001b02   0x00000002   PAD
    0x08001b04   0x08001b04   0x00000002   Code   RO          623    .text.NMI_Handler   stm32f4xx_it.o
    0x08001b06   0x08001b06   0x00000002   PAD
    0x08001b08   0x08001b08   0x00000002   Code   RO          637    .text.PendSV_Handler  stm32f4xx_it.o
    0x08001b0a   0x08001b0a   0x00000002   PAD
    0x08001b0c   0x08001b0c   0x00000002   Code   RO          633    .text.SVC_Handler   stm32f4xx_it.o
    0x08001b0e   0x08001b0e   0x00000002   PAD
    0x08001b10   0x08001b10   0x00000004   Code   RO          639    .text.SysTick_Handler  stm32f4xx_it.o
    0x08001b14   0x08001b14   0x000000a6   Code   RO          555    .text.SystemClock_Config  boot_main.o
    0x08001bba   0x08001bba   0x00000002   PAD
    0x08001bbc   0x08001bbc   0x00000012   Code   RO          653    .text.SystemInit    system_stm32f4xx.o
    0x08001bce   0x08001bce   0x00000002   PAD
    0x08001bd0   0x08001bd0   0x0000000a   Code   RO          350    .text.UART_DMAAbortOnError  stm32f4xx_hal_uart.o
    0x08001bda   0x08001bda   0x00000002   PAD
    0x08001bdc   0x08001bdc   0x000000fa   Code   RO          348    .text.UART_Receive_IT  stm32f4xx_hal_uart.o
    0x08001cd6   0x08001cd6   0x00000002   PAD
    0x08001cd8   0x08001cd8   0x000000dc   Code   RO          272    .text.UART_SetConfig  stm32f4xx_hal_uart.o
    0x08001db4   0x08001db4   0x0000000c   Code   RO          641    .text.USART1_IRQHandler  stm32f4xx_it.o
    0x08001dc0   0x08001dc0   0x0000000c   Code   RO          643    .text.USART2_IRQHandler  stm32f4xx_it.o
    0x08001dcc   0x08001dcc   0x00000002   Code   RO          631    .text.UsageFault_Handler  stm32f4xx_it.o
    0x08001dce   0x08001dce   0x00000002   PAD
    0x08001dd0   0x08001dd0   0x000000c8   Code   RO          512    .text.boot_crc32    boot_flash.o
    0x08001e98   0x08001e98   0x000000e0   Code   RO          514    .text.boot_crc32_slot  boot_flash.o
    0x08001f78   0x08001f78   0x00000034   Code   RO          504    .text.boot_erase_sector  boot_flash.o
    0x08001fac   0x08001fac   0x00000146   Code   RO          510    .text.boot_erase_slot  boot_flash.o
    0x080020f2   0x080020f2   0x00000002   PAD
    0x080020f4   0x080020f4   0x00000028   Code   RO          508    .text.boot_flash_write_word  boot_flash.o
    0x0800211c   0x0800211c   0x00000100   Code   RO          565    .text.boot_jump_to_app  boot_main.o
    0x0800221c   0x0800221c   0x000007a4   Code   RO          561    .text.boot_log_impl  boot_main.o
    0x080029c0   0x080029c0   0x00000048   Code   RO          692    .text.boot_oled_flush  boot_oled.o
    0x08002a08   0x08002a08   0x000000b4   Code   RO          688    .text.boot_oled_init  boot_oled.o
    0x08002abc   0x08002abc   0x000000d0   Code   RO          706    .text.boot_oled_progress  boot_oled.o
    0x08002b8c   0x08002b8c   0x00000064   Code   RO          694    .text.boot_oled_set_cursor  boot_oled.o
    0x08002bf0   0x08002bf0   0x0000006a   Code   RO          702    .text.boot_oled_status  boot_oled.o
    0x08002c5a   0x08002c5a   0x00000002   PAD
    0x08002c5c   0x08002c5c   0x000000e6   Code   RO          584    .text.boot_proto_build  boot_proto.o
    0x08002d42   0x08002d42   0x00000002   PAD
    0x08002d44   0x08002d44   0x00000126   Code   RO          578    .text.boot_proto_feed  boot_proto.o
    0x08002e6a   0x08002e6a   0x00000002   PAD
    0x08002e6c   0x08002e6c   0x0000000a   Code   RO          580    .text.boot_proto_get_frame  boot_proto.o
    0x08002e76   0x08002e76   0x00000002   PAD
    0x08002e78   0x08002e78   0x0000000a   Code   RO          586    .text.boot_proto_tx_buf  boot_proto.o
    0x08002e82   0x08002e82   0x00000002   PAD
    0x08002e84   0x08002e84   0x000001aa   Code   RO          704    .text.draw_text_at  boot_oled.o
    0x0800302e   0x0800302e   0x00000002   PAD
    0x08003030   0x08003030   0x00001098   Code   RO          563    .text.enter_update_mode  boot_main.o
    0x080040c8   0x080040c8   0x00000666   Code   RO          528    .text.fw_dbg_impl   boot_fw_info.o
    0x0800472e   0x0800472e   0x00000002   PAD
    0x08004730   0x08004730   0x00000010   Code   RO          540    .text.fw_info_clear_ota_request  boot_fw_info.o
    0x08004740   0x08004740   0x0000000a   Code   RO          530    .text.fw_info_get   boot_fw_info.o
    0x0800474a   0x0800474a   0x00000002   PAD
    0x0800474c   0x0800474c   0x00000220   Code   RO          526    .text.fw_info_load  boot_fw_info.o
    0x0800496c   0x0800496c   0x00000218   Code   RO          532    .text.fw_info_save  boot_fw_info.o
    0x08004b84   0x08004b84   0x00000016   Code   RO          534    .text.fw_info_set_active_slot  boot_fw_info.o
    0x08004b9a   0x08004b9a   0x00000002   PAD
    0x08004b9c   0x08004b9c   0x0000003a   Code   RO          538    .text.fw_info_set_slot_info  boot_fw_info.o
    0x08004bd6   0x08004bd6   0x00000002   PAD
    0x08004bd8   0x08004bd8   0x00000014   Code   RO          536    .text.fw_info_set_slot_state  boot_fw_info.o
    0x08004bec   0x08004bec   0x000000c6   Code   RO          696    .text.i2c_start     boot_oled.o
    0x08004cb2   0x08004cb2   0x00000002   PAD
    0x08004cb4   0x08004cb4   0x000000b8   Code   RO          700    .text.i2c_stop      boot_oled.o
    0x08004d6c   0x08004d6c   0x000001bc   Code   RO          698    .text.i2c_write_byte  boot_oled.o
    0x08004f28   0x08004f28   0x00000b78   Code   RO          559    .text.main          boot_main.o
    0x08005aa0   0x08005aa0   0x0000000e   Code   RO          753    i.__scatterload_copy  mc_w.l(handlers.o)
    0x08005aae   0x08005aae   0x00000002   Code   RO          754    i.__scatterload_null  mc_w.l(handlers.o)
    0x08005ab0   0x08005ab0   0x0000000e   Code   RO          755    i.__scatterload_zeroinit  mc_w.l(handlers.o)
    0x08005abe   0x08005abe   0x00000010   Data   RO          658    .rodata.AHBPrescTable  system_stm32f4xx.o
    0x08005ace   0x08005ace   0x00000008   Data   RO          659    .rodata.APBPrescTable  system_stm32f4xx.o
    0x08005ad6   0x08005ad6   0x000005f0   Data   RO          711    .rodata.ascii_8x16  boot_oled.o
    0x080060c6   0x080060c6   0x00000002   PAD
    0x080060c8   0x080060c8   0x000002ac   Data   RO          709    .rodata.cn_font_table  boot_oled.o
    0x08006374   0x08006374   0x00000400   Data   RO          516    .rodata.crc32_table  boot_flash.o
    0x08006774   0x08006774   0x00000100   Data   RO          589    .rodata.crc8_table  boot_proto.o
    0x08006874   0x08006874   0x00000121   Data   RO          544    .rodata.str1.1      boot_fw_info.o
    0x08006995   0x08006995   0x0000050b   Data   RO          567    .rodata.str1.1      boot_main.o
    0x08006ea0   0x08006ea0   0x00000048   Data   RO          710    .rodata.str1.1      boot_oled.o
    0x08006ee8   0x08006ee8   0x00000020   Data   RO          752    Region$$Table       anon$$obj.o


    Execution Region RW_IRAM2 (Exec base: 0x10000000, Load base: 0x08006f38, Size: 0x00000000, Max: 0x00010000, ABSOLUTE)

    **** No section assigned to this execution region ****


    Execution Region RW_IRAM1 (Exec base: 0x20000000, Load base: 0x08006f08, Size: 0x000016f0, Max: 0x0001c000, ABSOLUTE)

    Exec Addr    Load Addr    Size         Type   Attr      Idx    E Section Name        Object

    0x20000000   0x08006f08   0x00000004   Data   RW          657    .data.SystemCoreClock  system_stm32f4xx.o
    0x20000004   0x08006f0c   0x00000020   Data   RW          237    .data.pFlash        stm32f4xx_hal_flash.o
    0x20000024   0x08006f2c   0x00000001   Data   RW           66    .data.uwTickFreq    stm32f4xx_hal.o
    0x20000025   0x08006f2d   0x00000003   PAD
    0x20000028   0x08006f30   0x00000004   Data   RW           65    .data.uwTickPrio    stm32f4xx_hal.o
    0x2000002c   0x08006f34   0x00000004   PAD
    0x20000030        -       0x00000024   Zero   RW          545    .bss.g_fw_info      boot_fw_info.o
    0x20000054        -       0x00000048   Zero   RW          677    .bss.huart1         usart.o
    0x2000009c        -       0x00000048   Zero   RW          678    .bss.huart2         usart.o
    0x200000e4        -       0x00000400   Zero   RW          708    .bss.oled_buf       boot_oled.o
    0x200004e4        -       0x00000001   Zero   RW          590    .bss.s_crc_acc      boot_proto.o
    0x200004e5        -       0x00000001   Zero   RW          593    .bss.s_data_idx     boot_proto.o
    0x200004e6        -       0x00000001   Zero   RW          591    .bss.s_expect_len   boot_proto.o
    0x200004e7        -       0x000000fd   Zero   RW          592    .bss.s_frame        boot_proto.o
    0x200005e4        -       0x00000001   Zero   RW          588    .bss.s_state        boot_proto.o
    0x200005e5        -       0x00000101   Zero   RW          594    .bss.tx_buf         boot_proto.o
    0x200006e6   0x08006f34   0x00000002   PAD
    0x200006e8        -       0x00000004   Zero   RW           67    .bss.uwTick         stm32f4xx_hal.o
    0x200006ec   0x08006f34   0x00000004   PAD
    0x200006f0        -       0x00001000   Zero   RW            1    STACK               startup_stm32f407xx.o


==============================================================================

Image component sizes


      Code (inc. data)   RO Data    RW Data    ZI Data      Debug   Object Name

       842          0       1024          0          0       4393   boot_flash.o
      2844        310        289          0         36       7896   boot_fw_info.o
      9568        462       1291          0          0      23246   boot_main.o
      1918         44       2276          0       1024       7815   boot_oled.o
       544          6        256          0        514       2619   boot_proto.o
       234          0          0          0          0       2227   gpio.o
        36          8        392          0       4096        844   startup_stm32f407xx.o
       172          0          0          5          4       7301   stm32f4xx_hal.o
       162          0          0          0          0      10328   stm32f4xx_hal_cortex.o
       166          0          0          0          0       8932   stm32f4xx_hal_dma.o
       584          0          0         32          0       5685   stm32f4xx_hal_flash.o
       366          0          0          0          0       5290   stm32f4xx_hal_flash_ex.o
       464          0          0          0          0       5093   stm32f4xx_hal_gpio.o
        56          0          0          0          0       1435   stm32f4xx_hal_msp.o
      1394          0          0          0          0       7295   stm32f4xx_hal_rcc.o
      2712          0          0          0          0      27840   stm32f4xx_hal_uart.o
        44          0          0          0          0       1156   stm32f4xx_it.o
        18          0         24          4          0       2521   system_stm32f4xx.o
       302          0          0          0        144       6961   usart.o

    ----------------------------------------------------------------------
     22520        830       5586         44       5828     138877   Object Totals
         0          0         32          0          0          0   (incl. Generated)
        94          0          2          3         10          0   (incl. Padding)

    ----------------------------------------------------------------------

      Code (inc. data)   RO Data    RW Data    ZI Data      Debug   Library Member Name

         0          0          0          0          0          0   entry.o
         0          0          0          0          0          0   entry10a.o
         0          0          0          0          0          0   entry11a.o
         8          4          0          0          0          0   entry2.o
         4          0          0          0          0          0   entry5.o
         0          0          0          0          0          0   entry7b.o
         0          0          0          0          0          0   entry8b.o
         8          4          0          0          0          0   entry9a.o
        30          0          0          0          0          0   handlers.o
        36          8          0          0          0         68   init.o
        30          0          0          0          0         68   llshl.o
        32          0          0          0          0         68   llushr.o
        36          0          0          0          0         68   memcpya.o
        36          0          0          0          0        108   memseta.o
        98          0          0          0          0         92   uldiv.o

    ----------------------------------------------------------------------
       318         16          0          0          0        472   Library Totals
         0          0          0          0          0          0   (incl. Padding)

    ----------------------------------------------------------------------

      Code (inc. data)   RO Data    RW Data    ZI Data      Debug   Library Name

       318         16          0          0          0        472   mc_w.l

    ----------------------------------------------------------------------
       318         16          0          0          0        472   Library Totals

    ----------------------------------------------------------------------

==============================================================================


      Code (inc. data)   RO Data    RW Data    ZI Data      Debug   

     22838        846       5586         44       5828     139125   Grand Totals
     22838        846       5586         44       5828     139125   ELF Image Totals
     22838        846       5586         44          0          0   ROM Totals

==============================================================================

    Total RO  Size (Code + RO Data)                28424 (  27.76kB)
    Total RW  Size (RW Data + ZI Data)              5872 (   5.73kB)
    Total ROM Size (Code + RO Data + RW Data)      28468 (  27.80kB)

==============================================================================

